Archive member included to satisfy reference by file (symbol)

c:/ac6/systemworkbench/plugins/fr.ac6.mcu.externaltools.arm-none.win32_1.16.0.201807130628/tools/compiler/bin/../lib/gcc/arm-none-eabi/7.2.1/thumb/v7e-m/fpv4-sp/hard\libgcc.a(_arm_addsubdf3.o)
                              Src/Display_2raw.o (__aeabi_dsub)
c:/ac6/systemworkbench/plugins/fr.ac6.mcu.externaltools.arm-none.win32_1.16.0.201807130628/tools/compiler/bin/../lib/gcc/arm-none-eabi/7.2.1/thumb/v7e-m/fpv4-sp/hard\libgcc.a(_arm_muldivdf3.o)
                              Src/Display_2raw.o (__aeabi_dmul)
c:/ac6/systemworkbench/plugins/fr.ac6.mcu.externaltools.arm-none.win32_1.16.0.201807130628/tools/compiler/bin/../lib/gcc/arm-none-eabi/7.2.1/thumb/v7e-m/fpv4-sp/hard\libgcc.a(_arm_cmpdf2.o)
                              Src/processing.o (__aeabi_dcmpeq)
c:/ac6/systemworkbench/plugins/fr.ac6.mcu.externaltools.arm-none.win32_1.16.0.201807130628/tools/compiler/bin/../lib/gcc/arm-none-eabi/7.2.1/thumb/v7e-m/fpv4-sp/hard\libgcc.a(_arm_fixunsdfsi.o)
                              Src/Display_2raw.o (__aeabi_d2uiz)
c:/ac6/systemworkbench/plugins/fr.ac6.mcu.externaltools.arm-none.win32_1.16.0.201807130628/tools/compiler/bin/../lib/gcc/arm-none-eabi/7.2.1/thumb/v7e-m/fpv4-sp/hard\libgcc.a(_aeabi_uldivmod.o)
                              Drivers/STM32F7xx_HAL_Driver/Src/stm32f7xx_hal_rcc.o (__aeabi_uldivmod)
c:/ac6/systemworkbench/plugins/fr.ac6.mcu.externaltools.arm-none.win32_1.16.0.201807130628/tools/compiler/bin/../lib/gcc/arm-none-eabi/7.2.1/thumb/v7e-m/fpv4-sp/hard\libgcc.a(_udivmoddi4.o)
                              c:/ac6/systemworkbench/plugins/fr.ac6.mcu.externaltools.arm-none.win32_1.16.0.201807130628/tools/compiler/bin/../lib/gcc/arm-none-eabi/7.2.1/thumb/v7e-m/fpv4-sp/hard\libgcc.a(_aeabi_uldivmod.o) (__udivmoddi4)
c:/ac6/systemworkbench/plugins/fr.ac6.mcu.externaltools.arm-none.win32_1.16.0.201807130628/tools/compiler/bin/../lib/gcc/arm-none-eabi/7.2.1/thumb/v7e-m/fpv4-sp/hard\libgcc.a(_dvmd_tls.o)
                              c:/ac6/systemworkbench/plugins/fr.ac6.mcu.externaltools.arm-none.win32_1.16.0.201807130628/tools/compiler/bin/../lib/gcc/arm-none-eabi/7.2.1/thumb/v7e-m/fpv4-sp/hard\libgcc.a(_aeabi_uldivmod.o) (__aeabi_ldiv0)
c:/ac6/systemworkbench/plugins/fr.ac6.mcu.externaltools.arm-none.win32_1.16.0.201807130628/tools/compiler/bin/../lib/gcc/arm-none-eabi/7.2.1/../../../../arm-none-eabi/lib/thumb/v7e-m/fpv4-sp/hard\libc_nano.a(lib_a-exit.o)
                              c:/ac6/systemworkbench/plugins/fr.ac6.mcu.externaltools.arm-none.win32_1.16.0.201807130628/tools/compiler/bin/../lib/gcc/arm-none-eabi/7.2.1/../../../../arm-none-eabi/lib/thumb/v7e-m/fpv4-sp/hard/crt0.o (exit)
c:/ac6/systemworkbench/plugins/fr.ac6.mcu.externaltools.arm-none.win32_1.16.0.201807130628/tools/compiler/bin/../lib/gcc/arm-none-eabi/7.2.1/../../../../arm-none-eabi/lib/thumb/v7e-m/fpv4-sp/hard\libc_nano.a(lib_a-impure.o)
                              c:/ac6/systemworkbench/plugins/fr.ac6.mcu.externaltools.arm-none.win32_1.16.0.201807130628/tools/compiler/bin/../lib/gcc/arm-none-eabi/7.2.1/../../../../arm-none-eabi/lib/thumb/v7e-m/fpv4-sp/hard\libc_nano.a(lib_a-exit.o) (_global_impure_ptr)
c:/ac6/systemworkbench/plugins/fr.ac6.mcu.externaltools.arm-none.win32_1.16.0.201807130628/tools/compiler/bin/../lib/gcc/arm-none-eabi/7.2.1/../../../../arm-none-eabi/lib/thumb/v7e-m/fpv4-sp/hard\libc_nano.a(lib_a-init.o)
                              c:/ac6/systemworkbench/plugins/fr.ac6.mcu.externaltools.arm-none.win32_1.16.0.201807130628/tools/compiler/bin/../lib/gcc/arm-none-eabi/7.2.1/../../../../arm-none-eabi/lib/thumb/v7e-m/fpv4-sp/hard/crt0.o (__libc_init_array)
c:/ac6/systemworkbench/plugins/fr.ac6.mcu.externaltools.arm-none.win32_1.16.0.201807130628/tools/compiler/bin/../lib/gcc/arm-none-eabi/7.2.1/../../../../arm-none-eabi/lib/thumb/v7e-m/fpv4-sp/hard\libc_nano.a(lib_a-memcpy-stub.o)
                              Middlewares/Third_Party/FreeRTOS/Source/queue.o (memcpy)
c:/ac6/systemworkbench/plugins/fr.ac6.mcu.externaltools.arm-none.win32_1.16.0.201807130628/tools/compiler/bin/../lib/gcc/arm-none-eabi/7.2.1/../../../../arm-none-eabi/lib/thumb/v7e-m/fpv4-sp/hard\libc_nano.a(lib_a-memset.o)
                              c:/ac6/systemworkbench/plugins/fr.ac6.mcu.externaltools.arm-none.win32_1.16.0.201807130628/tools/compiler/bin/../lib/gcc/arm-none-eabi/7.2.1/../../../../arm-none-eabi/lib/thumb/v7e-m/fpv4-sp/hard/crt0.o (memset)
c:/ac6/systemworkbench/plugins/fr.ac6.mcu.externaltools.arm-none.win32_1.16.0.201807130628/tools/compiler/bin/../lib/gcc/arm-none-eabi/7.2.1/../../../../arm-none-eabi/lib/thumb/v7e-m/fpv4-sp/hard\libnosys.a(_exit.o)
                              c:/ac6/systemworkbench/plugins/fr.ac6.mcu.externaltools.arm-none.win32_1.16.0.201807130628/tools/compiler/bin/../lib/gcc/arm-none-eabi/7.2.1/../../../../arm-none-eabi/lib/thumb/v7e-m/fpv4-sp/hard\libc_nano.a(lib_a-exit.o) (_exit)

Allocating common symbols
[...]
Memory Configuration

Name             Origin             Length             Attributes
RAM              0x20000000         0x00040000         xrw
FLASH            0x08000000         0x00080000         xr
*default*        0x00000000         0xffffffff

Linker script and memory map

LOAD c:/ac6/systemworkbench/plugins/fr.ac6.mcu.externaltools.arm-none.win32_1.16.0.201807130628/tools/compiler/bin/../lib/gcc/arm-none-eabi/7.2.1/thumb/v7e-m/fpv4-sp/hard/crti.o
LOAD c:/ac6/systemworkbench/plugins/fr.ac6.mcu.externaltools.arm-none.win32_1.16.0.201807130628/tools/compiler/bin/../lib/gcc/arm-none-eabi/7.2.1/thumb/v7e-m/fpv4-sp/hard/crtbegin.o
LOAD c:/ac6/systemworkbench/plugins/fr.ac6.mcu.externaltools.arm-none.win32_1.16.0.201807130628/tools/compiler/bin/../lib/gcc/arm-none-eabi/7.2.1/../../../../arm-none-eabi/lib/thumb/v7e-m/fpv4-sp/hard/crt0.o
LOAD Drivers/STM32F7xx_HAL_Driver/Src/stm32f7xx_hal.o
LOAD Drivers/STM32F7xx_HAL_Driver/Src/stm32f7xx_hal_adc.o
LOAD Drivers/STM32F7xx_HAL_Driver/Src/stm32f7xx_hal_adc_ex.o
LOAD Drivers/STM32F7xx_HAL_Driver/Src/stm32f7xx_hal_cortex.o
LOAD Drivers/STM32F7xx_HAL_Driver/Src/stm32f7xx_hal_dac.o
LOAD Drivers/STM32F7xx_HAL_Driver/Src/stm32f7xx_hal_dac_ex.o
LOAD Drivers/STM32F7xx_HAL_Driver/Src/stm32f7xx_hal_dma.o
LOAD Drivers/STM32F7xx_HAL_Driver/Src/stm32f7xx_hal_dma_ex.o
LOAD Drivers/STM32F7xx_HAL_Driver/Src/stm32f7xx_hal_flash.o
LOAD Drivers/STM32F7xx_HAL_Driver/Src/stm32f7xx_hal_flash_ex.o
LOAD Drivers/STM32F7xx_HAL_Driver/Src/stm32f7xx_hal_gpio.o
LOAD Drivers/STM32F7xx_HAL_Driver/Src/stm32f7xx_hal_i2c.o
LOAD Drivers/STM32F7xx_HAL_Driver/Src/stm32f7xx_hal_i2c_ex.o
LOAD Drivers/STM32F7xx_HAL_Driver/Src/stm32f7xx_hal_pwr.o
LOAD Drivers/STM32F7xx_HAL_Driver/Src/stm32f7xx_hal_pwr_ex.o
LOAD Drivers/STM32F7xx_HAL_Driver/Src/stm32f7xx_hal_rcc.o
LOAD Drivers/STM32F7xx_HAL_Driver/Src/stm32f7xx_hal_rcc_ex.o
LOAD Drivers/STM32F7xx_HAL_Driver/Src/stm32f7xx_hal_rtc.o
LOAD Drivers/STM32F7xx_HAL_Driver/Src/stm32f7xx_hal_rtc_ex.o
LOAD Drivers/STM32F7xx_HAL_Driver/Src/stm32f7xx_hal_spi.o
LOAD Drivers/STM32F7xx_HAL_Driver/Src/stm32f7xx_hal_tim.o
LOAD Drivers/STM32F7xx_HAL_Driver/Src/stm32f7xx_hal_tim_ex.o
LOAD Drivers/STM32F7xx_HAL_Driver/Src/stm32f7xx_hal_uart.o
LOAD Drivers/STM32F7xx_HAL_Driver/Src/stm32f7xx_hal_wwdg.o
LOAD Middlewares/Third_Party/FreeRTOS/Source/CMSIS_RTOS/cmsis_os.o
LOAD Middlewares/Third_Party/FreeRTOS/Source/croutine.o
LOAD Middlewares/Third_Party/FreeRTOS/Source/event_groups.o
LOAD Middlewares/Third_Party/FreeRTOS/Source/list.o
LOAD Middlewares/Third_Party/FreeRTOS/Source/queue.o
LOAD Middlewares/Third_Party/FreeRTOS/Source/tasks.o
LOAD Middlewares/Third_Party/FreeRTOS/Source/timers.o
LOAD Middlewares/Third_Party/FreeRTOS/Source/portable/GCC/ARM_CM7/r0p1/port.o
LOAD Middlewares/Third_Party/FreeRTOS/Source/portable/MemMang/heap_4.o
LOAD Src/Display_2raw.o
LOAD Src/dwt_delay.o
LOAD Src/freertos.o
LOAD Src/main.o
LOAD Src/processing.o
LOAD Src/stm32f7xx_hal_msp.o
LOAD Src/stm32f7xx_hal_timebase_TIM.o
LOAD Src/stm32f7xx_it.o
LOAD Src/string_proc.o
LOAD Src/system_stm32f7xx.o
LOAD startup/startup_stm32f732xx.o
LOAD c:/ac6/systemworkbench/plugins/fr.ac6.mcu.externaltools.arm-none.win32_1.16.0.201807130628/tools/compiler/bin/../lib/gcc/arm-none-eabi/7.2.1/../../../../arm-none-eabi/lib/thumb/v7e-m/fpv4-sp/hard\libm.a
START GROUP
LOAD c:/ac6/systemworkbench/plugins/fr.ac6.mcu.externaltools.arm-none.win32_1.16.0.201807130628/tools/compiler/bin/../lib/gcc/arm-none-eabi/7.2.1/thumb/v7e-m/fpv4-sp/hard\libgcc.a
LOAD c:/ac6/systemworkbench/plugins/fr.ac6.mcu.externaltools.arm-none.win32_1.16.0.201807130628/tools/compiler/bin/../lib/gcc/arm-none-eabi/7.2.1/../../../../arm-none-eabi/lib/thumb/v7e-m/fpv4-sp/hard\libc_nano.a
END GROUP
START GROUP
LOAD c:/ac6/systemworkbench/plugins/fr.ac6.mcu.externaltools.arm-none.win32_1.16.0.201807130628/tools/compiler/bin/../lib/gcc/arm-none-eabi/7.2.1/thumb/v7e-m/fpv4-sp/hard\libgcc.a
LOAD c:/ac6/systemworkbench/plugins/fr.ac6.mcu.externaltools.arm-none.win32_1.16.0.201807130628/tools/compiler/bin/../lib/gcc/arm-none-eabi/7.2.1/../../../../arm-none-eabi/lib/thumb/v7e-m/fpv4-sp/hard\libc_nano.a
LOAD c:/ac6/systemworkbench/plugins/fr.ac6.mcu.externaltools.arm-none.win32_1.16.0.201807130628/tools/compiler/bin/../lib/gcc/arm-none-eabi/7.2.1/../../../../arm-none-eabi/lib/thumb/v7e-m/fpv4-sp/hard\libnosys.a
END GROUP
START GROUP
LOAD c:/ac6/systemworkbench/plugins/fr.ac6.mcu.externaltools.arm-none.win32_1.16.0.201807130628/tools/compiler/bin/../lib/gcc/arm-none-eabi/7.2.1/thumb/v7e-m/fpv4-sp/hard\libgcc.a
LOAD c:/ac6/systemworkbench/plugins/fr.ac6.mcu.externaltools.arm-none.win32_1.16.0.201807130628/tools/compiler/bin/../lib/gcc/arm-none-eabi/7.2.1/../../../../arm-none-eabi/lib/thumb/v7e-m/fpv4-sp/hard\libc_nano.a
LOAD c:/ac6/systemworkbench/plugins/fr.ac6.mcu.externaltools.arm-none.win32_1.16.0.201807130628/tools/compiler/bin/../lib/gcc/arm-none-eabi/7.2.1/../../../../arm-none-eabi/lib/thumb/v7e-m/fpv4-sp/hard\libnosys.a
END GROUP
LOAD c:/ac6/systemworkbench/plugins/fr.ac6.mcu.externaltools.arm-none.win32_1.16.0.201807130628/tools/compiler/bin/../lib/gcc/arm-none-eabi/7.2.1/thumb/v7e-m/fpv4-sp/hard/crtend.o
LOAD c:/ac6/systemworkbench/plugins/fr.ac6.mcu.externaltools.arm-none.win32_1.16.0.201807130628/tools/compiler/bin/../lib/gcc/arm-none-eabi/7.2.1/thumb/v7e-m/fpv4-sp/hard/crtn.o
                0x20040000                _estack = 0x20040000
                0x00000200                _Min_Heap_Size = 0x200
                0x00000400                _Min_Stack_Size = 0x400

.isr_vector     0x08000000      0x1e0
                0x08000000                . = ALIGN (0x4)
 *(.isr_vector)
 .isr_vector    0x08000000      0x1e0 startup/startup_stm32f732xx.o
                0x08000000                g_pfnVectors
                0x080001e0                . = ALIGN (0x4)

.text           0x080001e0     0x5424
                0x080001e0                . = ALIGN (0x4)
 *(.text)
 .text          0x080001e0       0x40 c:/ac6/systemworkbench/plugins/fr.ac6.mcu.externaltools.arm-none.win32_1.16.0.201807130628/tools/compiler/bin/../lib/gcc/arm-none-eabi/7.2.1/thumb/v7e-m/fpv4-sp/hard/crtbegin.o
 .text          0x08000220      0x378 c:/ac6/systemworkbench/plugins/fr.ac6.mcu.externaltools.arm-none.win32_1.16.0.201807130628/tools/compiler/bin/../lib/gcc/arm-none-eabi/7.2.1/thumb/v7e-m/fpv4-sp/hard\libgcc.a(_arm_addsubdf3.o)
                0x08000220                __aeabi_drsub
                0x08000228                __aeabi_dsub
                0x08000228                __subdf3
                0x0800022c                __aeabi_dadd
                0x0800022c                __adddf3
                0x080004a4                __floatunsidf
                0x080004a4                __aeabi_ui2d
                0x080004c4                __floatsidf
                0x080004c4                __aeabi_i2d
                0x080004e8                __aeabi_f2d
                0x080004e8                __extendsfdf2
                0x0800052c                __floatundidf
                0x0800052c                __aeabi_ul2d
                0x0800053c                __floatdidf
                0x0800053c                __aeabi_l2d
 .text          0x08000598      0x424 c:/ac6/systemworkbench/plugins/fr.ac6.mcu.externaltools.arm-none.win32_1.16.0.201807130628/tools/compiler/bin/../lib/gcc/arm-none-eabi/7.2.1/thumb/v7e-m/fpv4-sp/hard\libgcc.a(_arm_muldivdf3.o)
                0x08000598                __aeabi_dmul
                0x08000598                __muldf3
                0x080007ec                __divdf3
                0x080007ec                __aeabi_ddiv
 .text          0x080009bc      0x110 c:/ac6/systemworkbench/plugins/fr.ac6.mcu.externaltools.arm-none.win32_1.16.0.201807130628/tools/compiler/bin/../lib/gcc/arm-none-eabi/7.2.1/thumb/v7e-m/fpv4-sp/hard\libgcc.a(_arm_cmpdf2.o)
                0x080009bc                __gtdf2
                0x080009bc                __gedf2
                0x080009c4                __ltdf2
                0x080009c4                __ledf2
                0x080009cc                __nedf2
                0x080009cc                __eqdf2
                0x080009cc                __cmpdf2
                0x08000a48                __aeabi_cdrcmple
                0x08000a58                __aeabi_cdcmpeq
                0x08000a58                __aeabi_cdcmple
                0x08000a68                __aeabi_dcmpeq
                0x08000a7c                __aeabi_dcmplt
                0x08000a90                __aeabi_dcmple
                0x08000aa4                __aeabi_dcmpge
                0x08000ab8                __aeabi_dcmpgt
 .text          0x08000acc       0x40 c:/ac6/systemworkbench/plugins/fr.ac6.mcu.externaltools.arm-none.win32_1.16.0.201807130628/tools/compiler/bin/../lib/gcc/arm-none-eabi/7.2.1/thumb/v7e-m/fpv4-sp/hard\libgcc.a(_arm_fixunsdfsi.o)
                0x08000acc                __aeabi_d2uiz
                0x08000acc                __fixunsdfsi
 .text          0x08000b0c       0x30 c:/ac6/systemworkbench/plugins/fr.ac6.mcu.externaltools.arm-none.win32_1.16.0.201807130628/tools/compiler/bin/../lib/gcc/arm-none-eabi/7.2.1/thumb/v7e-m/fpv4-sp/hard\libgcc.a(_aeabi_uldivmod.o)
                0x08000b0c                __aeabi_uldivmod
 .text          0x08000b3c      0x2cc c:/ac6/systemworkbench/plugins/fr.ac6.mcu.externaltools.arm-none.win32_1.16.0.201807130628/tools/compiler/bin/../lib/gcc/arm-none-eabi/7.2.1/thumb/v7e-m/fpv4-sp/hard\libgcc.a(_udivmoddi4.o)
                0x08000b3c                __udivmoddi4
 .text          0x08000e08        0x4 c:/ac6/systemworkbench/plugins/fr.ac6.mcu.externaltools.arm-none.win32_1.16.0.201807130628/tools/compiler/bin/../lib/gcc/arm-none-eabi/7.2.1/thumb/v7e-m/fpv4-sp/hard\libgcc.a(_dvmd_tls.o)
                0x08000e08                __aeabi_idiv0
                0x08000e08                __aeabi_ldiv0
 *(.text*)
 .text.HAL_Init
                0x08000e0c       0x16 Drivers/STM32F7xx_HAL_Driver/Src/stm32f7xx_hal.o
                0x08000e0c                HAL_Init
 *fill*         0x08000e22        0x2 
 .text.HAL_IncTick
                0x08000e24       0x18 Drivers/STM32F7xx_HAL_Driver/Src/stm32f7xx_hal.o
                0x08000e24                HAL_IncTick
 .text.HAL_GetTick
                0x08000e3c        0xc Drivers/STM32F7xx_HAL_Driver/Src/stm32f7xx_hal.o
                0x08000e3c                HAL_GetTick
 .text.ADC_Init
                0x08000e48      0x130 Drivers/STM32F7xx_HAL_Driver/Src/stm32f7xx_hal_adc.o
 .text.HAL_ADC_Init
                0x08000f78       0x54 Drivers/STM32F7xx_HAL_Driver/Src/stm32f7xx_hal_adc.o
                0x08000f78                HAL_ADC_Init
 .text.HAL_ADC_Start
                0x08000fcc       0xf8 Drivers/STM32F7xx_HAL_Driver/Src/stm32f7xx_hal_adc.o
                0x08000fcc                HAL_ADC_Start
 .text.HAL_ADC_PollForConversion
                0x080010c4       0xb6 Drivers/STM32F7xx_HAL_Driver/Src/stm32f7xx_hal_adc.o
                0x080010c4                HAL_ADC_PollForConversion
 .text.HAL_ADC_GetValue
                0x0800117a        0x6 Drivers/STM32F7xx_HAL_Driver/Src/stm32f7xx_hal_adc.o
                0x0800117a                HAL_ADC_GetValue
 .text.HAL_ADC_ConfigChannel
                0x08001180      0x1ac Drivers/STM32F7xx_HAL_Driver/Src/stm32f7xx_hal_adc.o
                0x08001180                HAL_ADC_ConfigChannel
 .text.HAL_NVIC_SetPriorityGrouping
                0x0800132c       0x24 Drivers/STM32F7xx_HAL_Driver/Src/stm32f7xx_hal_cortex.o
                0x0800132c                HAL_NVIC_SetPriorityGrouping
 .text.HAL_NVIC_SetPriority
                0x08001350       0x64 Drivers/STM32F7xx_HAL_Driver/Src/stm32f7xx_hal_cortex.o
                0x08001350                HAL_NVIC_SetPriority
 .text.HAL_NVIC_EnableIRQ
                0x080013b4       0x18 Drivers/STM32F7xx_HAL_Driver/Src/stm32f7xx_hal_cortex.o
                0x080013b4                HAL_NVIC_EnableIRQ
 .text.HAL_SYSTICK_Config
                0x080013cc       0x2c Drivers/STM32F7xx_HAL_Driver/Src/stm32f7xx_hal_cortex.o
                0x080013cc                HAL_SYSTICK_Config
 .text.HAL_SYSTICK_CLKSourceConfig
                0x080013f8       0x20 Drivers/STM32F7xx_HAL_Driver/Src/stm32f7xx_hal_cortex.o
                0x080013f8                HAL_SYSTICK_CLKSourceConfig
 .text.HAL_DAC_Init
                0x08001418       0x24 Drivers/STM32F7xx_HAL_Driver/Src/stm32f7xx_hal_dac.o
                0x08001418                HAL_DAC_Init
 .text.HAL_DAC_ConfigChannel
                0x0800143c       0x4a Drivers/STM32F7xx_HAL_Driver/Src/stm32f7xx_hal_dac.o
                0x0800143c                HAL_DAC_ConfigChannel
 *fill*         0x08001486        0x2 
 .text.HAL_GPIO_Init
                0x08001488      0x1c8 Drivers/STM32F7xx_HAL_Driver/Src/stm32f7xx_hal_gpio.o
                0x08001488                HAL_GPIO_Init
 .text.HAL_GPIO_WritePin
                0x08001650        0xc Drivers/STM32F7xx_HAL_Driver/Src/stm32f7xx_hal_gpio.o
                0x08001650                HAL_GPIO_WritePin
 .text.HAL_PWREx_EnableOverDrive
                0x0800165c       0x7c Drivers/STM32F7xx_HAL_Driver/Src/stm32f7xx_hal_pwr_ex.o
                0x0800165c                HAL_PWREx_EnableOverDrive
 .text.HAL_RCC_OscConfig
                0x080016d8      0x3d4 Drivers/STM32F7xx_HAL_Driver/Src/stm32f7xx_hal_rcc.o
                0x080016d8                HAL_RCC_OscConfig
 .text.HAL_RCC_GetSysClockFreq
                0x08001aac       0xcc Drivers/STM32F7xx_HAL_Driver/Src/stm32f7xx_hal_rcc.o
                0x08001aac                HAL_RCC_GetSysClockFreq
 .text.HAL_RCC_ClockConfig
                0x08001b78      0x164 Drivers/STM32F7xx_HAL_Driver/Src/stm32f7xx_hal_rcc.o
                0x08001b78                HAL_RCC_ClockConfig
 .text.HAL_RCC_GetHCLKFreq
                0x08001cdc        0xc Drivers/STM32F7xx_HAL_Driver/Src/stm32f7xx_hal_rcc.o
                0x08001cdc                HAL_RCC_GetHCLKFreq
 .text.HAL_RCC_GetPCLK1Freq
                0x08001ce8       0x20 Drivers/STM32F7xx_HAL_Driver/Src/stm32f7xx_hal_rcc.o
                0x08001ce8                HAL_RCC_GetPCLK1Freq
 .text.HAL_RCC_GetPCLK2Freq
                0x08001d08       0x20 Drivers/STM32F7xx_HAL_Driver/Src/stm32f7xx_hal_rcc.o
                0x08001d08                HAL_RCC_GetPCLK2Freq
 .text.HAL_RCC_GetClockConfig
                0x08001d28       0x3c Drivers/STM32F7xx_HAL_Driver/Src/stm32f7xx_hal_rcc.o
                0x08001d28                HAL_RCC_GetClockConfig
 .text.HAL_RCCEx_PeriphCLKConfig
                0x08001d64      0x4e8 Drivers/STM32F7xx_HAL_Driver/Src/stm32f7xx_hal_rcc_ex.o
                0x08001d64                HAL_RCCEx_PeriphCLKConfig
 .text.HAL_RTC_WaitForSynchro
                0x0800224c       0x32 Drivers/STM32F7xx_HAL_Driver/Src/stm32f7xx_hal_rtc.o
                0x0800224c                HAL_RTC_WaitForSynchro
 .text.RTC_EnterInitMode
                0x0800227e       0x3c Drivers/STM32F7xx_HAL_Driver/Src/stm32f7xx_hal_rtc.o
                0x0800227e                RTC_EnterInitMode
 *fill*         0x080022ba        0x2 
 .text.HAL_RTC_Init
                0x080022bc       0xa4 Drivers/STM32F7xx_HAL_Driver/Src/stm32f7xx_hal_rtc.o
                0x080022bc                HAL_RTC_Init
 .text.RTC_ByteToBcd2
                0x08002360       0x16 Drivers/STM32F7xx_HAL_Driver/Src/stm32f7xx_hal_rtc.o
                0x08002360                RTC_ByteToBcd2
 *fill*         0x08002376        0x2 
 .text.HAL_RTC_SetDate
                0x08002378       0xdc Drivers/STM32F7xx_HAL_Driver/Src/stm32f7xx_hal_rtc.o
                0x08002378                HAL_RTC_SetDate
 .text.HAL_RTC_SetTime
                0x08002454      0x100 Drivers/STM32F7xx_HAL_Driver/Src/stm32f7xx_hal_rtc.o
                0x08002454                HAL_RTC_SetTime
 .text.HAL_SPI_Init
                0x08002554       0xba Drivers/STM32F7xx_HAL_Driver/Src/stm32f7xx_hal_spi.o
                0x08002554                HAL_SPI_Init
 .text.TIM_TI2_SetConfig
                0x0800260e       0x34 Drivers/STM32F7xx_HAL_Driver/Src/stm32f7xx_hal_tim.o
 .text.TIM_TI3_SetConfig
                0x08002642       0x32 Drivers/STM32F7xx_HAL_Driver/Src/stm32f7xx_hal_tim.o
 .text.TIM_TI4_SetConfig
                0x08002674       0x34 Drivers/STM32F7xx_HAL_Driver/Src/stm32f7xx_hal_tim.o
 .text.HAL_TIM_Base_MspInit
                0x080026a8        0x2 Drivers/STM32F7xx_HAL_Driver/Src/stm32f7xx_hal_tim.o
                0x080026a8                HAL_TIM_Base_MspInit
 .text.HAL_TIM_Base_Start_IT
                0x080026aa       0x18 Drivers/STM32F7xx_HAL_Driver/Src/stm32f7xx_hal_tim.o
                0x080026aa                HAL_TIM_Base_Start_IT
 .text.HAL_TIM_OC_DelayElapsedCallback
                0x080026c2        0x2 Drivers/STM32F7xx_HAL_Driver/Src/stm32f7xx_hal_tim.o
                0x080026c2                HAL_TIM_OC_DelayElapsedCallback
 .text.HAL_TIM_IC_CaptureCallback
                0x080026c4        0x2 Drivers/STM32F7xx_HAL_Driver/Src/stm32f7xx_hal_tim.o
                0x080026c4                HAL_TIM_IC_CaptureCallback
 .text.HAL_TIM_PWM_PulseFinishedCallback
                0x080026c6        0x2 Drivers/STM32F7xx_HAL_Driver/Src/stm32f7xx_hal_tim.o
                0x080026c6                HAL_TIM_PWM_PulseFinishedCallback
 .text.HAL_TIM_TriggerCallback
                0x080026c8        0x2 Drivers/STM32F7xx_HAL_Driver/Src/stm32f7xx_hal_tim.o
                0x080026c8                HAL_TIM_TriggerCallback
 .text.HAL_TIM_IRQHandler
                0x080026ca      0x19a Drivers/STM32F7xx_HAL_Driver/Src/stm32f7xx_hal_tim.o
                0x080026ca                HAL_TIM_IRQHandler
 .text.TIM_Base_SetConfig
                0x08002864      0x10c Drivers/STM32F7xx_HAL_Driver/Src/stm32f7xx_hal_tim.o
                0x08002864                TIM_Base_SetConfig
 .text.HAL_TIM_Base_Init
                0x08002970       0x32 Drivers/STM32F7xx_HAL_Driver/Src/stm32f7xx_hal_tim.o
                0x08002970                HAL_TIM_Base_Init
 .text.HAL_TIM_PWM_Init
                0x080029a2       0x32 Drivers/STM32F7xx_HAL_Driver/Src/stm32f7xx_hal_tim.o
                0x080029a2                HAL_TIM_PWM_Init
 .text.HAL_TIM_IC_Init
                0x080029d4       0x32 Drivers/STM32F7xx_HAL_Driver/Src/stm32f7xx_hal_tim.o
                0x080029d4                HAL_TIM_IC_Init
 *fill*         0x08002a06        0x2 
 .text.HAL_TIM_Encoder_Init
                0x08002a08       0x9c Drivers/STM32F7xx_HAL_Driver/Src/stm32f7xx_hal_tim.o
                0x08002a08                HAL_TIM_Encoder_Init
 .text.TIM_OC1_SetConfig
                0x08002aa4       0x60 Drivers/STM32F7xx_HAL_Driver/Src/stm32f7xx_hal_tim.o
                0x08002aa4                TIM_OC1_SetConfig
 .text.TIM_OC2_SetConfig
                0x08002b04       0x68 Drivers/STM32F7xx_HAL_Driver/Src/stm32f7xx_hal_tim.o
                0x08002b04                TIM_OC2_SetConfig
 .text.TIM_OC3_SetConfig
                0x08002b6c       0x68 Drivers/STM32F7xx_HAL_Driver/Src/stm32f7xx_hal_tim.o
                0x08002b6c                TIM_OC3_SetConfig
 .text.TIM_OC4_SetConfig
                0x08002bd4       0x54 Drivers/STM32F7xx_HAL_Driver/Src/stm32f7xx_hal_tim.o
                0x08002bd4                TIM_OC4_SetConfig
 .text.TIM_TI1_SetConfig
                0x08002c28       0x90 Drivers/STM32F7xx_HAL_Driver/Src/stm32f7xx_hal_tim.o
                0x08002c28                TIM_TI1_SetConfig
 .text.HAL_TIM_IC_ConfigChannel
                0x08002cb8       0xc0 Drivers/STM32F7xx_HAL_Driver/Src/stm32f7xx_hal_tim.o
                0x08002cb8                HAL_TIM_IC_ConfigChannel
 .text.TIM_CCxChannelCmd
                0x08002d78       0x1e Drivers/STM32F7xx_HAL_Driver/Src/stm32f7xx_hal_tim.o
                0x08002d78                TIM_CCxChannelCmd
 *fill*         0x08002d96        0x2 
 .text.HAL_TIM_PWM_Start
                0x08002d98       0x38 Drivers/STM32F7xx_HAL_Driver/Src/stm32f7xx_hal_tim.o
                0x08002d98                HAL_TIM_PWM_Start
 .text.HAL_TIM_Encoder_Start_IT
                0x08002dd0       0x6c Drivers/STM32F7xx_HAL_Driver/Src/stm32f7xx_hal_tim.o
                0x08002dd0                HAL_TIM_Encoder_Start_IT
 .text.TIM_OC5_SetConfig
                0x08002e3c       0x54 Drivers/STM32F7xx_HAL_Driver/Src/stm32f7xx_hal_tim_ex.o
 .text.TIM_OC6_SetConfig
                0x08002e90       0x54 Drivers/STM32F7xx_HAL_Driver/Src/stm32f7xx_hal_tim_ex.o
 .text.HAL_TIMEx_MasterConfigSynchronization
                0x08002ee4       0x58 Drivers/STM32F7xx_HAL_Driver/Src/stm32f7xx_hal_tim_ex.o
                0x08002ee4                HAL_TIMEx_MasterConfigSynchronization
 .text.HAL_TIMEx_CommutationCallback
                0x08002f3c        0x2 Drivers/STM32F7xx_HAL_Driver/Src/stm32f7xx_hal_tim_ex.o
                0x08002f3c                HAL_TIMEx_CommutationCallback
 .text.HAL_TIMEx_BreakCallback
                0x08002f3e        0x2 Drivers/STM32F7xx_HAL_Driver/Src/stm32f7xx_hal_tim_ex.o
                0x08002f3e                HAL_TIMEx_BreakCallback
 .text.HAL_TIM_PWM_ConfigChannel
                0x08002f40      0x134 Drivers/STM32F7xx_HAL_Driver/Src/stm32f7xx_hal_tim_ex.o
                0x08002f40                HAL_TIM_PWM_ConfigChannel
 .text.UART_WaitOnFlagUntilTimeout
                0x08003074       0x62 Drivers/STM32F7xx_HAL_Driver/Src/stm32f7xx_hal_uart.o
                0x08003074                UART_WaitOnFlagUntilTimeout
 *fill*         0x080030d6        0x2 
 .text.UART_SetConfig
                0x080030d8      0x35c Drivers/STM32F7xx_HAL_Driver/Src/stm32f7xx_hal_uart.o
                0x080030d8                UART_SetConfig
 .text.UART_AdvFeatureConfig
                0x08003434       0xca Drivers/STM32F7xx_HAL_Driver/Src/stm32f7xx_hal_uart.o
                0x08003434                UART_AdvFeatureConfig
 .text.UART_CheckIdleState
                0x080034fe       0x48 Drivers/STM32F7xx_HAL_Driver/Src/stm32f7xx_hal_uart.o
                0x080034fe                UART_CheckIdleState
 .text.HAL_UART_Init
                0x08003546       0x66 Drivers/STM32F7xx_HAL_Driver/Src/stm32f7xx_hal_uart.o
                0x08003546                HAL_UART_Init
 .text.HAL_WWDG_Init
                0x080035ac       0x2a Drivers/STM32F7xx_HAL_Driver/Src/stm32f7xx_hal_wwdg.o
                0x080035ac                HAL_WWDG_Init
 .text.HAL_WWDG_Refresh
                0x080035d6        0xa Drivers/STM32F7xx_HAL_Driver/Src/stm32f7xx_hal_wwdg.o
                0x080035d6                HAL_WWDG_Refresh
 .text.makeFreeRtosPriority
                0x080035e0        0xc Middlewares/Third_Party/FreeRTOS/Source/CMSIS_RTOS/cmsis_os.o
 .text.osKernelStart
                0x080035ec        0xa Middlewares/Third_Party/FreeRTOS/Source/CMSIS_RTOS/cmsis_os.o
                0x080035ec                osKernelStart
 .text.osThreadCreate
                0x080035f6       0x34 Middlewares/Third_Party/FreeRTOS/Source/CMSIS_RTOS/cmsis_os.o
                0x080035f6                osThreadCreate
 .text.osDelay  0x0800362a       0x12 Middlewares/Third_Party/FreeRTOS/Source/CMSIS_RTOS/cmsis_os.o
                0x0800362a                osDelay
 .text.osSystickHandler
                0x0800363c       0x10 Middlewares/Third_Party/FreeRTOS/Source/CMSIS_RTOS/cmsis_os.o
                0x0800363c                osSystickHandler
 .text.vListInitialise
                0x0800364c       0x16 Middlewares/Third_Party/FreeRTOS/Source/list.o
                0x0800364c                vListInitialise
 .text.vListInitialiseItem
                0x08003662        0x6 Middlewares/Third_Party/FreeRTOS/Source/list.o
                0x08003662                vListInitialiseItem
 .text.vListInsertEnd
                0x08003668       0x18 Middlewares/Third_Party/FreeRTOS/Source/list.o
                0x08003668                vListInsertEnd
 .text.vListInsert
                0x08003680       0x34 Middlewares/Third_Party/FreeRTOS/Source/list.o
                0x08003680                vListInsert
 .text.uxListRemove
                0x080036b4       0x26 Middlewares/Third_Party/FreeRTOS/Source/list.o
                0x080036b4                uxListRemove
 *fill*         0x080036da        0x2 
 .text.prvResetNextTaskUnblockTime
                0x080036dc       0x24 Middlewares/Third_Party/FreeRTOS/Source/tasks.o
 .text.prvDeleteTCB
                0x08003700       0x12 Middlewares/Third_Party/FreeRTOS/Source/tasks.o
 .text.prvInitialiseNewTask
                0x08003712       0x80 Middlewares/Third_Party/FreeRTOS/Source/tasks.o
 *fill*         0x08003792        0x2 
 .text.prvInitialiseTaskLists
                0x08003794       0x58 Middlewares/Third_Party/FreeRTOS/Source/tasks.o
 .text.prvAddNewTaskToReadyList
                0x080037ec       0xac Middlewares/Third_Party/FreeRTOS/Source/tasks.o
 .text.prvAddCurrentTaskToDelayedList
                0x08003898       0x90 Middlewares/Third_Party/FreeRTOS/Source/tasks.o
 .text.xTaskCreate
                0x08003928       0x62 Middlewares/Third_Party/FreeRTOS/Source/tasks.o
                0x08003928                xTaskCreate
 *fill*         0x0800398a        0x2 
 .text.vTaskStartScheduler
                0x0800398c       0x7c Middlewares/Third_Party/FreeRTOS/Source/tasks.o
                0x0800398c                vTaskStartScheduler
 .text.vTaskSuspendAll
                0x08003a08       0x14 Middlewares/Third_Party/FreeRTOS/Source/tasks.o
                0x08003a08                vTaskSuspendAll
 .text.xTaskIncrementTick
                0x08003a1c      0x110 Middlewares/Third_Party/FreeRTOS/Source/tasks.o
                0x08003a1c                xTaskIncrementTick
 .text.xTaskResumeAll
                0x08003b2c       0xf4 Middlewares/Third_Party/FreeRTOS/Source/tasks.o
                0x08003b2c                xTaskResumeAll
 .text.vTaskDelay
                0x08003c20       0x50 Middlewares/Third_Party/FreeRTOS/Source/tasks.o
                0x08003c20                vTaskDelay
 .text.prvCheckTasksWaitingTermination
                0x08003c70       0x54 Middlewares/Third_Party/FreeRTOS/Source/tasks.o
 .text.prvIdleTask
                0x08003cc4       0x28 Middlewares/Third_Party/FreeRTOS/Source/tasks.o
 .text.vTaskSwitchContext
                0x08003cec       0x94 Middlewares/Third_Party/FreeRTOS/Source/tasks.o
                0x08003cec                vTaskSwitchContext
 .text.xTaskGetSchedulerState
                0x08003d80       0x20 Middlewares/Third_Party/FreeRTOS/Source/tasks.o
                0x08003d80                xTaskGetSchedulerState
 .text.prvTaskExitError
                0x08003da0       0x3c Middlewares/Third_Party/FreeRTOS/Source/portable/GCC/ARM_CM7/r0p1/port.o
 .text.prvPortStartFirstTask
                0x08003ddc       0x20 Middlewares/Third_Party/FreeRTOS/Source/portable/GCC/ARM_CM7/r0p1/port.o
 .text.vPortEnableVFP
                0x08003dfc       0x14 Middlewares/Third_Party/FreeRTOS/Source/portable/GCC/ARM_CM7/r0p1/port.o
 .text.pxPortInitialiseStack
                0x08003e10       0x2c Middlewares/Third_Party/FreeRTOS/Source/portable/GCC/ARM_CM7/r0p1/port.o
                0x08003e10                pxPortInitialiseStack
 *fill*         0x08003e3c        0x4 
 .text.SVC_Handler
                0x08003e40       0x24 Middlewares/Third_Party/FreeRTOS/Source/portable/GCC/ARM_CM7/r0p1/port.o
                0x08003e40                SVC_Handler
 .text.vPortEnterCritical
                0x08003e64       0x4c Middlewares/Third_Party/FreeRTOS/Source/portable/GCC/ARM_CM7/r0p1/port.o
                0x08003e64                vPortEnterCritical
 .text.vPortExitCritical
                0x08003eb0       0x30 Middlewares/Third_Party/FreeRTOS/Source/portable/GCC/ARM_CM7/r0p1/port.o
                0x08003eb0                vPortExitCritical
 .text.PendSV_Handler
                0x08003ee0       0x64 Middlewares/Third_Party/FreeRTOS/Source/portable/GCC/ARM_CM7/r0p1/port.o
                0x08003ee0                PendSV_Handler
 .text.xPortSysTickHandler
                0x08003f44       0x30 Middlewares/Third_Party/FreeRTOS/Source/portable/GCC/ARM_CM7/r0p1/port.o
                0x08003f44                xPortSysTickHandler
 .text.vPortSetupTimerInterrupt
                0x08003f74       0x2c Middlewares/Third_Party/FreeRTOS/Source/portable/GCC/ARM_CM7/r0p1/port.o
                0x08003f74                vPortSetupTimerInterrupt
 .text.xPortStartScheduler
                0x08003fa0       0xa4 Middlewares/Third_Party/FreeRTOS/Source/portable/GCC/ARM_CM7/r0p1/port.o
                0x08003fa0                xPortStartScheduler
 .text.prvHeapInit
                0x08004044       0x4c Middlewares/Third_Party/FreeRTOS/Source/portable/MemMang/heap_4.o
 .text.prvInsertBlockIntoFreeList
                0x08004090       0x54 Middlewares/Third_Party/FreeRTOS/Source/portable/MemMang/heap_4.o
 .text.pvPortMalloc
                0x080040e4      0x100 Middlewares/Third_Party/FreeRTOS/Source/portable/MemMang/heap_4.o
                0x080040e4                pvPortMalloc
 .text.vPortFree
                0x080041e4       0x74 Middlewares/Third_Party/FreeRTOS/Source/portable/MemMang/heap_4.o
                0x080041e4                vPortFree
 .text.InitDisplay2raw
                0x08004258       0x7c Src/Display_2raw.o
                0x08004258                InitDisplay2raw
 .text.SetDisplay_VoltageD
                0x080042d4       0x84 Src/Display_2raw.o
                0x080042d4                SetDisplay_VoltageD
 .text.SetDisplay_CurrentD
                0x08004358       0x74 Src/Display_2raw.o
                0x08004358                SetDisplay_CurrentD
 .text.LCD_delay_us
                0x080043cc        0x8 Src/Display_2raw.o
                0x080043cc                LCD_delay_us
 .text.SetCommand
                0x080043d4       0x58 Src/Display_2raw.o
                0x080043d4                SetCommand
 .text.WriteData
                0x0800442c       0x64 Src/Display_2raw.o
                0x0800442c                WriteData
 .text.IsBusy   0x08004490       0x60 Src/Display_2raw.o
                0x08004490                IsBusy
 .text.Dispaly2raw_task
                0x080044f0      0x168 Src/Display_2raw.o
                0x080044f0                Dispaly2raw_task
 .text.DWT_Init
                0x08004658       0x2c Src/dwt_delay.o
                0x08004658                DWT_Init
 .text.DWT_Delay
                0x08004684       0x2c Src/dwt_delay.o
                0x08004684                DWT_Delay
 .text.MX_GPIO_Init
                0x080046b0      0x160 Src/main.o
 .text.StartDefaultTask
                0x08004810      0x12c Src/main.o
                0x08004810                StartDefaultTask
 .text.HAL_TIM_PeriodElapsedCallback
                0x0800493c       0x18 Src/main.o
                0x0800493c                HAL_TIM_PeriodElapsedCallback
 .text._Error_Handler
                0x08004954        0x2 Src/main.o
                0x08004954                _Error_Handler
 *fill*         0x08004956        0x2 
 .text.MX_TIM2_Init
                0x08004958       0x88 Src/main.o
 .text.MX_TIM3_Init
                0x080049e0       0x70 Src/main.o
 .text.SystemClock_Config
                0x08004a50       0xfc Src/main.o
                0x08004a50                SystemClock_Config
 .text.MX_ADC1_Init
                0x08004b4c       0x70 Src/main.o
                0x08004b4c                MX_ADC1_Init
 .text.MX_ADC2_Init
                0x08004bbc       0x70 Src/main.o
                0x08004bbc                MX_ADC2_Init
 .text.MX_ADC3_Init
                0x08004c2c       0x70 Src/main.o
                0x08004c2c                MX_ADC3_Init
 .text.MX_DAC_Init
                0x08004c9c       0x5c Src/main.o
                0x08004c9c                MX_DAC_Init
 .text.MX_RTC_Init
                0x08004cf8       0x90 Src/main.o
                0x08004cf8                MX_RTC_Init
 .text.MX_SPI3_Init
                0x08004d88       0x54 Src/main.o
                0x08004d88                MX_SPI3_Init
 .text.MX_TIM4_Init
                0x08004ddc       0x94 Src/main.o
                0x08004ddc                MX_TIM4_Init
 .text.MX_USART1_UART_Init
                0x08004e70       0x40 Src/main.o
                0x08004e70                MX_USART1_UART_Init
 .text.MX_WWDG_Init
                0x08004eb0       0x34 Src/main.o
                0x08004eb0                MX_WWDG_Init
 .text.main     0x08004ee4       0x64 Src/main.o
                0x08004ee4                main
 .text.Convert_to_Voltage
                0x08004f48       0x2c Src/processing.o
                0x08004f48                Convert_to_Voltage
 *fill*         0x08004f74        0x4 
 .text.ADC_to_Physical_VoltageDivider
                0x08004f78       0x70 Src/processing.o
                0x08004f78                ADC_to_Physical_VoltageDivider
 .text.ADC_to_PhysicalINA169
                0x08004fe8       0x88 Src/processing.o
                0x08004fe8                ADC_to_PhysicalINA169
 .text.HAL_MspInit
                0x08005070       0x90 Src/stm32f7xx_hal_msp.o
                0x08005070                HAL_MspInit
 .text.HAL_ADC_MspInit
                0x08005100       0xb0 Src/stm32f7xx_hal_msp.o
                0x08005100                HAL_ADC_MspInit
 .text.HAL_DAC_MspInit
                0x080051b0       0x48 Src/stm32f7xx_hal_msp.o
                0x080051b0                HAL_DAC_MspInit
 .text.HAL_RTC_MspInit
                0x080051f8       0x20 Src/stm32f7xx_hal_msp.o
                0x080051f8                HAL_RTC_MspInit
 .text.HAL_SPI_MspInit
                0x08005218       0x68 Src/stm32f7xx_hal_msp.o
                0x08005218                HAL_SPI_MspInit
 .text.HAL_TIM_IC_MspInit
                0x08005280       0x4c Src/stm32f7xx_hal_msp.o
                0x08005280                HAL_TIM_IC_MspInit
 .text.HAL_TIM_Encoder_MspInit
                0x080052cc       0x5c Src/stm32f7xx_hal_msp.o
                0x080052cc                HAL_TIM_Encoder_MspInit
 .text.HAL_TIM_PWM_MspInit
                0x08005328       0x2c Src/stm32f7xx_hal_msp.o
                0x08005328                HAL_TIM_PWM_MspInit
 .text.HAL_TIM_MspPostInit
                0x08005354       0x34 Src/stm32f7xx_hal_msp.o
                0x08005354                HAL_TIM_MspPostInit
 .text.HAL_UART_MspInit
                0x08005388       0x50 Src/stm32f7xx_hal_msp.o
                0x08005388                HAL_UART_MspInit
 .text.HAL_WWDG_MspInit
                0x080053d8       0x2c Src/stm32f7xx_hal_msp.o
                0x080053d8                HAL_WWDG_MspInit
 .text.HAL_InitTick
                0x08005404       0x7c Src/stm32f7xx_hal_timebase_TIM.o
                0x08005404                HAL_InitTick
 .text.NMI_Handler
                0x08005480        0x2 Src/stm32f7xx_it.o
                0x08005480                NMI_Handler
 .text.HardFault_Handler
                0x08005482        0x2 Src/stm32f7xx_it.o
                0x08005482                HardFault_Handler
 .text.MemManage_Handler
                0x08005484        0x2 Src/stm32f7xx_it.o
                0x08005484                MemManage_Handler
 .text.BusFault_Handler
                0x08005486        0x2 Src/stm32f7xx_it.o
                0x08005486                BusFault_Handler
 .text.UsageFault_Handler
                0x08005488        0x2 Src/stm32f7xx_it.o
                0x08005488                UsageFault_Handler
 .text.DebugMon_Handler
                0x0800548a        0x2 Src/stm32f7xx_it.o
                0x0800548a                DebugMon_Handler
 .text.SysTick_Handler
                0x0800548c        0x8 Src/stm32f7xx_it.o
                0x0800548c                SysTick_Handler
 .text.TIM1_UP_TIM10_IRQHandler
                0x08005494       0x10 Src/stm32f7xx_it.o
                0x08005494                TIM1_UP_TIM10_IRQHandler
 .text.TIM3_IRQHandler
                0x080054a4       0x5c Src/stm32f7xx_it.o
                0x080054a4                TIM3_IRQHandler
 .text.SystemInit
                0x08005500       0x50 Src/system_stm32f7xx.o
                0x08005500                SystemInit
 .text.Reset_Handler
                0x08005550       0x50 startup/startup_stm32f732xx.o
                0x08005550                Reset_Handler
 .text.Default_Handler
                0x080055a0        0x2 startup/startup_stm32f732xx.o
                0x080055a0                RTC_Alarm_IRQHandler
                0x080055a0                EXTI2_IRQHandler
                0x080055a0                TIM8_CC_IRQHandler
                0x080055a0                UART8_IRQHandler
                0x080055a0                SPI4_IRQHandler
                0x080055a0                TIM1_CC_IRQHandler
                0x080055a0                DMA2_Stream5_IRQHandler
                0x080055a0                DMA1_Stream5_IRQHandler
                0x080055a0                PVD_IRQHandler
                0x080055a0                TAMP_STAMP_IRQHandler
                0x080055a0                EXTI3_IRQHandler
                0x080055a0                TIM8_TRG_COM_TIM14_IRQHandler
                0x080055a0                TIM8_UP_TIM13_IRQHandler
                0x080055a0                I2C3_ER_IRQHandler
                0x080055a0                EXTI0_IRQHandler
                0x080055a0                I2C2_EV_IRQHandler
                0x080055a0                DMA1_Stream2_IRQHandler
                0x080055a0                CAN1_RX0_IRQHandler
                0x080055a0                FPU_IRQHandler
                0x080055a0                OTG_HS_WKUP_IRQHandler
                0x080055a0                DMA2_Stream2_IRQHandler
                0x080055a0                SPI1_IRQHandler
                0x080055a0                TIM6_DAC_IRQHandler
                0x080055a0                TIM1_BRK_TIM9_IRQHandler
                0x080055a0                DMA2_Stream3_IRQHandler
                0x080055a0                SAI2_IRQHandler
                0x080055a0                USART6_IRQHandler
                0x080055a0                USART3_IRQHandler
                0x080055a0                CAN1_RX1_IRQHandler
                0x080055a0                UART5_IRQHandler
                0x080055a0                DMA2_Stream0_IRQHandler
                0x080055a0                TIM4_IRQHandler
                0x080055a0                QUADSPI_IRQHandler
                0x080055a0                I2C1_EV_IRQHandler
                0x080055a0                DMA1_Stream6_IRQHandler
                0x080055a0                DMA1_Stream1_IRQHandler
                0x080055a0                UART4_IRQHandler
                0x080055a0                RCC_IRQHandler
                0x080055a0                TIM8_BRK_TIM12_IRQHandler
                0x080055a0                Default_Handler
                0x080055a0                EXTI15_10_IRQHandler
                0x080055a0                ADC_IRQHandler
                0x080055a0                DMA1_Stream7_IRQHandler
                0x080055a0                SPI5_IRQHandler
                0x080055a0                TIM7_IRQHandler
                0x080055a0                SDMMC1_IRQHandler
                0x080055a0                TIM5_IRQHandler
                0x080055a0                DMA2_Stream7_IRQHandler
                0x080055a0                I2C3_EV_IRQHandler
                0x080055a0                EXTI9_5_IRQHandler
                0x080055a0                RTC_WKUP_IRQHandler
                0x080055a0                SPI2_IRQHandler
                0x080055a0                OTG_HS_EP1_IN_IRQHandler
                0x080055a0                DMA1_Stream0_IRQHandler
                0x080055a0                CAN1_TX_IRQHandler
                0x080055a0                EXTI4_IRQHandler
                0x080055a0                RNG_IRQHandler
                0x080055a0                OTG_HS_EP1_OUT_IRQHandler
                0x080055a0                WWDG_IRQHandler
                0x080055a0                TIM2_IRQHandler
                0x080055a0                OTG_FS_WKUP_IRQHandler
                0x080055a0                TIM1_TRG_COM_TIM11_IRQHandler
                0x080055a0                OTG_HS_IRQHandler
                0x080055a0                EXTI1_IRQHandler
                0x080055a0                SDMMC2_IRQHandler
                0x080055a0                AES_IRQHandler
                0x080055a0                UART7_IRQHandler
                0x080055a0                USART2_IRQHandler
                0x080055a0                I2C2_ER_IRQHandler
                0x080055a0                DMA2_Stream1_IRQHandler
                0x080055a0                CAN1_SCE_IRQHandler
                0x080055a0                FLASH_IRQHandler
                0x080055a0                DMA2_Stream4_IRQHandler
                0x080055a0                USART1_IRQHandler
                0x080055a0                OTG_FS_IRQHandler
                0x080055a0                SPI3_IRQHandler
                0x080055a0                DMA1_Stream4_IRQHandler
                0x080055a0                I2C1_ER_IRQHandler
                0x080055a0                FMC_IRQHandler
                0x080055a0                LPTIM1_IRQHandler
                0x080055a0                DMA2_Stream6_IRQHandler
                0x080055a0                SAI1_IRQHandler
                0x080055a0                DMA1_Stream3_IRQHandler
 *fill*         0x080055a2        0x2 
 .text.__libc_init_array
                0x080055a4       0x48 c:/ac6/systemworkbench/plugins/fr.ac6.mcu.externaltools.arm-none.win32_1.16.0.201807130628/tools/compiler/bin/../lib/gcc/arm-none-eabi/7.2.1/../../../../arm-none-eabi/lib/thumb/v7e-m/fpv4-sp/hard\libc_nano.a(lib_a-init.o)
                0x080055a4                __libc_init_array
 *(.glue_7)
 .glue_7        0x080055ec        0x0 linker stubs
 *(.glue_7t)
 .glue_7t       0x080055ec        0x0 linker stubs
 *(.eh_frame)
 .eh_frame      0x080055ec        0x0 c:/ac6/systemworkbench/plugins/fr.ac6.mcu.externaltools.arm-none.win32_1.16.0.201807130628/tools/compiler/bin/../lib/gcc/arm-none-eabi/7.2.1/thumb/v7e-m/fpv4-sp/hard/crtbegin.o
 *(.init)
 .init          0x080055ec        0x4 c:/ac6/systemworkbench/plugins/fr.ac6.mcu.externaltools.arm-none.win32_1.16.0.201807130628/tools/compiler/bin/../lib/gcc/arm-none-eabi/7.2.1/thumb/v7e-m/fpv4-sp/hard/crti.o
                0x080055ec                _init
 .init          0x080055f0        0x8 c:/ac6/systemworkbench/plugins/fr.ac6.mcu.externaltools.arm-none.win32_1.16.0.201807130628/tools/compiler/bin/../lib/gcc/arm-none-eabi/7.2.1/thumb/v7e-m/fpv4-sp/hard/crtn.o
 *(.fini)
 .fini          0x080055f8        0x4 c:/ac6/systemworkbench/plugins/fr.ac6.mcu.externaltools.arm-none.win32_1.16.0.201807130628/tools/compiler/bin/../lib/gcc/arm-none-eabi/7.2.1/thumb/v7e-m/fpv4-sp/hard/crti.o
                0x080055f8                _fini
 .fini          0x080055fc        0x8 c:/ac6/systemworkbench/plugins/fr.ac6.mcu.externaltools.arm-none.win32_1.16.0.201807130628/tools/compiler/bin/../lib/gcc/arm-none-eabi/7.2.1/thumb/v7e-m/fpv4-sp/hard/crtn.o
                0x08005604                . = ALIGN (0x4)
                0x08005604                _etext = .

.vfp11_veneer   0x08005604        0x0
 .vfp11_veneer  0x08005604        0x0 linker stubs

.v4_bx          0x08005604        0x0
 .v4_bx         0x08005604        0x0 linker stubs

.iplt           0x08005604        0x0
 .iplt          0x08005604        0x0 c:/ac6/systemworkbench/plugins/fr.ac6.mcu.externaltools.arm-none.win32_1.16.0.201807130628/tools/compiler/bin/../lib/gcc/arm-none-eabi/7.2.1/thumb/v7e-m/fpv4-sp/hard/crtbegin.o

.rodata         0x08005604       0x50
                0x08005604                . = ALIGN (0x4)
 *(.rodata)
 .rodata        0x08005604       0x14 Src/main.o
 .rodata        0x08005618       0x18 Src/system_stm32f7xx.o
                0x08005618                AHBPrescTable
                0x08005628                APBPrescTable
 *(.rodata*)
 .rodata.str1.4
                0x08005630        0x5 Middlewares/Third_Party/FreeRTOS/Source/tasks.o
 *fill*         0x08005635        0x3 
 .rodata.str1.4
                0x08005638       0x1c Src/main.o
                0x08005654                . = ALIGN (0x4)

.ARM.extab
 *(.ARM.extab* .gnu.linkonce.armextab.*)

.ARM            0x08005654        0x8
                0x08005654                __exidx_start = .
 *(.ARM.exidx*)
 .ARM.exidx     0x08005654        0x8 c:/ac6/systemworkbench/plugins/fr.ac6.mcu.externaltools.arm-none.win32_1.16.0.201807130628/tools/compiler/bin/../lib/gcc/arm-none-eabi/7.2.1/thumb/v7e-m/fpv4-sp/hard\libgcc.a(_udivmoddi4.o)
                0x0800565c                __exidx_end = .

.rel.dyn        0x0800565c        0x0
 .rel.iplt      0x0800565c        0x0 c:/ac6/systemworkbench/plugins/fr.ac6.mcu.externaltools.arm-none.win32_1.16.0.201807130628/tools/compiler/bin/../lib/gcc/arm-none-eabi/7.2.1/thumb/v7e-m/fpv4-sp/hard/crtbegin.o

.preinit_array  0x0800565c        0x0
                0x0800565c                PROVIDE (__preinit_array_start, .)
 *(.preinit_array*)
                0x0800565c                PROVIDE (__preinit_array_end, .)

.init_array     0x0800565c        0x4
                0x0800565c                PROVIDE (__init_array_start, .)
 *(SORT_BY_NAME(.init_array.*))
 *(.init_array*)
 .init_array    0x0800565c        0x4 c:/ac6/systemworkbench/plugins/fr.ac6.mcu.externaltools.arm-none.win32_1.16.0.201807130628/tools/compiler/bin/../lib/gcc/arm-none-eabi/7.2.1/thumb/v7e-m/fpv4-sp/hard/crtbegin.o
                0x08005660                PROVIDE (__init_array_end, .)

.fini_array     0x08005660        0x4
                [!provide]                PROVIDE (__fini_array_start, .)
 *(SORT_BY_NAME(.fini_array.*))
 *(.fini_array*)
 .fini_array    0x08005660        0x4 c:/ac6/systemworkbench/plugins/fr.ac6.mcu.externaltools.arm-none.win32_1.16.0.201807130628/tools/compiler/bin/../lib/gcc/arm-none-eabi/7.2.1/thumb/v7e-m/fpv4-sp/hard/crtbegin.o
                [!provide]                PROVIDE (__fini_array_end, .)
                0x08005664                _sidata = LOADADDR (.data)

.data           0x20000000       0x14 load address 0x08005664
                0x20000000                . = ALIGN (0x4)
                0x20000000                _sdata = .
 *(.data)
 .data          0x20000000        0x8 Drivers/STM32F7xx_HAL_Driver/Src/stm32f7xx_hal.o
                0x20000000                uwTickFreq
                0x20000004                uwTickPrio
 .data          0x20000008        0x4 Middlewares/Third_Party/FreeRTOS/Source/portable/GCC/ARM_CM7/r0p1/port.o
 .data          0x2000000c        0x4 Src/stm32f7xx_it.o
                0x2000000c                ui16Speed
                0x2000000e                ui16Period
 .data          0x20000010        0x4 Src/system_stm32f7xx.o
                0x20000010                SystemCoreClock
 *(.data*)
                0x20000014                . = ALIGN (0x4)
                0x20000014                _edata = .

.igot.plt       0x20000014        0x0 load address 0x08005678
 .igot.plt      0x20000014        0x0 c:/ac6/systemworkbench/plugins/fr.ac6.mcu.externaltools.arm-none.win32_1.16.0.201807130628/tools/compiler/bin/../lib/gcc/arm-none-eabi/7.2.1/thumb/v7e-m/fpv4-sp/hard/crtbegin.o
                0x20000014                . = ALIGN (0x4)

.bss            0x20000018     0x40c4 load address 0x08005678
                0x20000018                _sbss = .
                0x20000018                __bss_start__ = _sbss
 *(.bss)
 .bss           0x20000018       0x1c c:/ac6/systemworkbench/plugins/fr.ac6.mcu.externaltools.arm-none.win32_1.16.0.201807130628/tools/compiler/bin/../lib/gcc/arm-none-eabi/7.2.1/thumb/v7e-m/fpv4-sp/hard/crtbegin.o
 .bss           0x20000034      0x12c Middlewares/Third_Party/FreeRTOS/Source/tasks.o
                0x20000134                pxCurrentTCB
 .bss           0x20000160        0x8 Middlewares/Third_Party/FreeRTOS/Source/portable/GCC/ARM_CM7/r0p1/port.o
 .bss           0x20000168     0x3c18 Middlewares/Third_Party/FreeRTOS/Source/portable/MemMang/heap_4.o
 *(.bss*)
 *(COMMON)
 COMMON         0x20003d80        0x4 Drivers/STM32F7xx_HAL_Driver/Src/stm32f7xx_hal.o
                0x20003d80                uwTick
 COMMON         0x20003d84       0x1f Src/Display_2raw.o
                0x20003d84                ubDispIndex
                0x20003d85                ubThrdByte
                0x20003d86                ubNumberINT
                0x20003d88                ubFirstByte
                0x20003d89                ub_state_Display2r
                0x20003d8a                ub_char
                0x20003d8b                ubFourthByte
                0x20003d8c                ubDisplay_buf
                0x20003d9c                ub_Datawrite
                0x20003d9d                ubSecondByte
                0x20003d9e                ub_busy
                0x20003da0                uwNumberFRC
                0x20003da2                ub_counter_1
 *fill*         0x20003da3        0x5 
 COMMON         0x20003da8      0x2f0 Src/main.o
                0x20003da8                defaultTaskHandle
                0x20003dac                htim4
                0x20003dec                hadc2
                0x20003e34                ADC_BuckVoltage
                0x20003e38                d_ADCV2
                0x20003e40                htim3
                0x20003e80                hspi3
                0x20003ee4                ADC_LiniarCurrent
                0x20003ee8                hadc1
                0x20003f30                hadc3
                0x20003f78                huart1
                0x20003fe8                d_Isense
                0x20003ff0                hdac
                0x20004004                hrtc
                0x20004028                d_Usense
                0x20004030                hwwdg
                0x20004044                ADC_LiniarVoltage
                0x20004048                htim2
                0x20004088                ui32counter
                0x2000408c                ADC_BuckCurrent
                0x20004090                d_ADCV1
 COMMON         0x20004098       0x40 Src/stm32f7xx_hal_timebase_TIM.o
                0x20004098                htim10
 COMMON         0x200040d8        0x2 Src/stm32f7xx_it.o
                0x200040d8                ui16TimerValue
                0x200040dc                . = ALIGN (0x4)
 *fill*         0x200040da        0x2 
                0x200040dc                _ebss = .
                0x200040dc                __bss_end__ = _ebss

._user_heap_stack
                0x200040dc      0x604 load address 0x08005678
                0x200040e0                . = ALIGN (0x8)
 *fill*         0x200040dc        0x4 
                [!provide]                PROVIDE (end, .)
                [!provide]                PROVIDE (_end, .)
                0x200042e0                . = (. + _Min_Heap_Size)
 *fill*         0x200040e0      0x200 
                0x200046e0                . = (. + _Min_Stack_Size)
 *fill*         0x200042e0      0x400 
                0x200046e0                . = ALIGN (0x8)

/DISCARD/
 libc.a(*)
 libm.a(*)
 libgcc.a(*)

.ARM.attributes
                0x00000000       0x30
 *(.ARM.attributes)
 .ARM.attributes
                0x00000000       0x22 c:/ac6/systemworkbench/plugins/fr.ac6.mcu.externaltools.arm-none.win32_1.16.0.201807130628/tools/compiler/bin/../lib/gcc/arm-none-eabi/7.2.1/thumb/v7e-m/fpv4-sp/hard/crti.o
 .ARM.attributes
                0x00000022       0x34 c:/ac6/systemworkbench/plugins/fr.ac6.mcu.externaltools.arm-none.win32_1.16.0.201807130628/tools/compiler/bin/../lib/gcc/arm-none-eabi/7.2.1/thumb/v7e-m/fpv4-sp/hard/crtbegin.o
 .ARM.attributes
                0x00000056       0x39 Drivers/STM32F7xx_HAL_Driver/Src/stm32f7xx_hal.o
 .ARM.attributes
                0x0000008f       0x39 Drivers/STM32F7xx_HAL_Driver/Src/stm32f7xx_hal_adc.o
 .ARM.attributes
                0x000000c8       0x39 Drivers/STM32F7xx_HAL_Driver/Src/stm32f7xx_hal_cortex.o
 .ARM.attributes
                0x00000101       0x39 Drivers/STM32F7xx_HAL_Driver/Src/stm32f7xx_hal_dac.o
 .ARM.attributes
                0x0000013a       0x39 Drivers/STM32F7xx_HAL_Driver/Src/stm32f7xx_hal_gpio.o
 .ARM.attributes
                0x00000173       0x39 Drivers/STM32F7xx_HAL_Driver/Src/stm32f7xx_hal_pwr_ex.o
 .ARM.attributes
                0x000001ac       0x39 Drivers/STM32F7xx_HAL_Driver/Src/stm32f7xx_hal_rcc.o
 .ARM.attributes
                0x000001e5       0x39 Drivers/STM32F7xx_HAL_Driver/Src/stm32f7xx_hal_rcc_ex.o
 .ARM.attributes
                0x0000021e       0x39 Drivers/STM32F7xx_HAL_Driver/Src/stm32f7xx_hal_rtc.o
 .ARM.attributes
                0x00000257       0x39 Drivers/STM32F7xx_HAL_Driver/Src/stm32f7xx_hal_spi.o
 .ARM.attributes
                0x00000290       0x39 Drivers/STM32F7xx_HAL_Driver/Src/stm32f7xx_hal_tim.o
 .ARM.attributes
                0x000002c9       0x39 Drivers/STM32F7xx_HAL_Driver/Src/stm32f7xx_hal_tim_ex.o
 .ARM.attributes
                0x00000302       0x39 Drivers/STM32F7xx_HAL_Driver/Src/stm32f7xx_hal_uart.o
 .ARM.attributes
                0x0000033b       0x39 Drivers/STM32F7xx_HAL_Driver/Src/stm32f7xx_hal_wwdg.o
 .ARM.attributes
                0x00000374       0x39 Middlewares/Third_Party/FreeRTOS/Source/CMSIS_RTOS/cmsis_os.o
 .ARM.attributes
                0x000003ad       0x39 Middlewares/Third_Party/FreeRTOS/Source/list.o
 .ARM.attributes
                0x000003e6       0x39 Middlewares/Third_Party/FreeRTOS/Source/tasks.o
 .ARM.attributes
                0x0000041f       0x39 Middlewares/Third_Party/FreeRTOS/Source/portable/GCC/ARM_CM7/r0p1/port.o
 .ARM.attributes
                0x00000458       0x39 Middlewares/Third_Party/FreeRTOS/Source/portable/MemMang/heap_4.o
 .ARM.attributes
                0x00000491       0x39 Src/Display_2raw.o
 .ARM.attributes
                0x000004ca       0x39 Src/dwt_delay.o
 .ARM.attributes
                0x00000503       0x39 Src/main.o
 .ARM.attributes
                0x0000053c       0x39 Src/processing.o
 .ARM.attributes
                0x00000575       0x39 Src/stm32f7xx_hal_msp.o
 .ARM.attributes
                0x000005ae       0x39 Src/stm32f7xx_hal_timebase_TIM.o
 .ARM.attributes
                0x000005e7       0x39 Src/stm32f7xx_it.o
 .ARM.attributes
                0x00000620       0x39 Src/system_stm32f7xx.o
 .ARM.attributes
                0x00000659       0x21 startup/startup_stm32f732xx.o
 .ARM.attributes
                0x0000067a       0x22 c:/ac6/systemworkbench/plugins/fr.ac6.mcu.externaltools.arm-none.win32_1.16.0.201807130628/tools/compiler/bin/../lib/gcc/arm-none-eabi/7.2.1/thumb/v7e-m/fpv4-sp/hard\libgcc.a(_arm_addsubdf3.o)
 .ARM.attributes
                0x0000069c       0x22 c:/ac6/systemworkbench/plugins/fr.ac6.mcu.externaltools.arm-none.win32_1.16.0.201807130628/tools/compiler/bin/../lib/gcc/arm-none-eabi/7.2.1/thumb/v7e-m/fpv4-sp/hard\libgcc.a(_arm_muldivdf3.o)
 .ARM.attributes
                0x000006be       0x22 c:/ac6/systemworkbench/plugins/fr.ac6.mcu.externaltools.arm-none.win32_1.16.0.201807130628/tools/compiler/bin/../lib/gcc/arm-none-eabi/7.2.1/thumb/v7e-m/fpv4-sp/hard\libgcc.a(_arm_cmpdf2.o)
 .ARM.attributes
                0x000006e0       0x22 c:/ac6/systemworkbench/plugins/fr.ac6.mcu.externaltools.arm-none.win32_1.16.0.201807130628/tools/compiler/bin/../lib/gcc/arm-none-eabi/7.2.1/thumb/v7e-m/fpv4-sp/hard\libgcc.a(_arm_fixunsdfsi.o)
 .ARM.attributes
                0x00000702       0x22 c:/ac6/systemworkbench/plugins/fr.ac6.mcu.externaltools.arm-none.win32_1.16.0.201807130628/tools/compiler/bin/../lib/gcc/arm-none-eabi/7.2.1/thumb/v7e-m/fpv4-sp/hard\libgcc.a(_aeabi_uldivmod.o)
 .ARM.attributes
                0x00000724       0x34 c:/ac6/systemworkbench/plugins/fr.ac6.mcu.externaltools.arm-none.win32_1.16.0.201807130628/tools/compiler/bin/../lib/gcc/arm-none-eabi/7.2.1/thumb/v7e-m/fpv4-sp/hard\libgcc.a(_udivmoddi4.o)
 .ARM.attributes
                0x00000758       0x22 c:/ac6/systemworkbench/plugins/fr.ac6.mcu.externaltools.arm-none.win32_1.16.0.201807130628/tools/compiler/bin/../lib/gcc/arm-none-eabi/7.2.1/thumb/v7e-m/fpv4-sp/hard\libgcc.a(_dvmd_tls.o)
 .ARM.attributes
                0x0000077a       0x34 c:/ac6/systemworkbench/plugins/fr.ac6.mcu.externaltools.arm-none.win32_1.16.0.201807130628/tools/compiler/bin/../lib/gcc/arm-none-eabi/7.2.1/../../../../arm-none-eabi/lib/thumb/v7e-m/fpv4-sp/hard\libc_nano.a(lib_a-init.o)
 .ARM.attributes
                0x000007ae       0x22 c:/ac6/systemworkbench/plugins/fr.ac6.mcu.externaltools.arm-none.win32_1.16.0.201807130628/tools/compiler/bin/../lib/gcc/arm-none-eabi/7.2.1/thumb/v7e-m/fpv4-sp/hard/crtn.o
OUTPUT(powersupply.elf elf32-littlearm)

.debug_info     0x00000000    0x27b14
 .debug_info    0x00000000     0x123a Drivers/STM32F7xx_HAL_Driver/Src/stm32f7xx_hal.o
 .debug_info    0x0000123a     0x1593 Drivers/STM32F7xx_HAL_Driver/Src/stm32f7xx_hal_adc.o
 .debug_info    0x000027cd     0x1935 Drivers/STM32F7xx_HAL_Driver/Src/stm32f7xx_hal_cortex.o
 .debug_info    0x00004102     0x12f3 Drivers/STM32F7xx_HAL_Driver/Src/stm32f7xx_hal_dac.o
 .debug_info    0x000053f5      0xfba Drivers/STM32F7xx_HAL_Driver/Src/stm32f7xx_hal_gpio.o
 .debug_info    0x000063af     0x124b Drivers/STM32F7xx_HAL_Driver/Src/stm32f7xx_hal_pwr_ex.o
 .debug_info    0x000075fa     0x1318 Drivers/STM32F7xx_HAL_Driver/Src/stm32f7xx_hal_rcc.o
 .debug_info    0x00008912     0x1061 Drivers/STM32F7xx_HAL_Driver/Src/stm32f7xx_hal_rcc_ex.o
 .debug_info    0x00009973     0x16d8 Drivers/STM32F7xx_HAL_Driver/Src/stm32f7xx_hal_rtc.o
 .debug_info    0x0000b04b     0x2617 Drivers/STM32F7xx_HAL_Driver/Src/stm32f7xx_hal_spi.o
 .debug_info    0x0000d662     0x3714 Drivers/STM32F7xx_HAL_Driver/Src/stm32f7xx_hal_tim.o
 .debug_info    0x00010d76     0x1ecf Drivers/STM32F7xx_HAL_Driver/Src/stm32f7xx_hal_tim_ex.o
 .debug_info    0x00012c45     0x206c Drivers/STM32F7xx_HAL_Driver/Src/stm32f7xx_hal_uart.o
 .debug_info    0x00014cb1      0xb19 Drivers/STM32F7xx_HAL_Driver/Src/stm32f7xx_hal_wwdg.o
 .debug_info    0x000157ca     0x231e Middlewares/Third_Party/FreeRTOS/Source/CMSIS_RTOS/cmsis_os.o
 .debug_info    0x00017ae8      0xacd Middlewares/Third_Party/FreeRTOS/Source/list.o
 .debug_info    0x000185b5     0x2915 Middlewares/Third_Party/FreeRTOS/Source/tasks.o
 .debug_info    0x0001aeca      0x4e9 Middlewares/Third_Party/FreeRTOS/Source/portable/GCC/ARM_CM7/r0p1/port.o
 .debug_info    0x0001b3b3      0xc71 Middlewares/Third_Party/FreeRTOS/Source/portable/MemMang/heap_4.o
 .debug_info    0x0001c024     0x10c9 Src/Display_2raw.o
 .debug_info    0x0001d0ed      0xb6b Src/dwt_delay.o
 .debug_info    0x0001dc58     0x3907 Src/main.o
 .debug_info    0x0002155f      0xa39 Src/processing.o
 .debug_info    0x00021f98     0x2861 Src/stm32f7xx_hal_msp.o
 .debug_info    0x000247f9     0x144e Src/stm32f7xx_hal_timebase_TIM.o
 .debug_info    0x00025c47      0xf99 Src/stm32f7xx_it.o
 .debug_info    0x00026be0      0xf12 Src/system_stm32f7xx.o
 .debug_info    0x00027af2       0x22 startup/startup_stm32f732xx.o

.debug_abbrev   0x00000000     0x4ad8
 .debug_abbrev  0x00000000      0x2e5 Drivers/STM32F7xx_HAL_Driver/Src/stm32f7xx_hal.o
 .debug_abbrev  0x000002e5      0x2c0 Drivers/STM32F7xx_HAL_Driver/Src/stm32f7xx_hal_adc.o
 .debug_abbrev  0x000005a5      0x3d6 Drivers/STM32F7xx_HAL_Driver/Src/stm32f7xx_hal_cortex.o
 .debug_abbrev  0x0000097b      0x2d7 Drivers/STM32F7xx_HAL_Driver/Src/stm32f7xx_hal_dac.o
 .debug_abbrev  0x00000c52      0x2a7 Drivers/STM32F7xx_HAL_Driver/Src/stm32f7xx_hal_gpio.o
 .debug_abbrev  0x00000ef9      0x2db Drivers/STM32F7xx_HAL_Driver/Src/stm32f7xx_hal_pwr_ex.o
 .debug_abbrev  0x000011d4      0x301 Drivers/STM32F7xx_HAL_Driver/Src/stm32f7xx_hal_rcc.o
 .debug_abbrev  0x000014d5      0x264 Drivers/STM32F7xx_HAL_Driver/Src/stm32f7xx_hal_rcc_ex.o
 .debug_abbrev  0x00001739      0x2c8 Drivers/STM32F7xx_HAL_Driver/Src/stm32f7xx_hal_rtc.o
 .debug_abbrev  0x00001a01      0x2f2 Drivers/STM32F7xx_HAL_Driver/Src/stm32f7xx_hal_spi.o
 .debug_abbrev  0x00001cf3      0x2b5 Drivers/STM32F7xx_HAL_Driver/Src/stm32f7xx_hal_tim.o
 .debug_abbrev  0x00001fa8      0x2e0 Drivers/STM32F7xx_HAL_Driver/Src/stm32f7xx_hal_tim_ex.o
 .debug_abbrev  0x00002288      0x314 Drivers/STM32F7xx_HAL_Driver/Src/stm32f7xx_hal_uart.o
 .debug_abbrev  0x0000259c      0x293 Drivers/STM32F7xx_HAL_Driver/Src/stm32f7xx_hal_wwdg.o
 .debug_abbrev  0x0000282f      0x3d4 Middlewares/Third_Party/FreeRTOS/Source/CMSIS_RTOS/cmsis_os.o
 .debug_abbrev  0x00002c03      0x21c Middlewares/Third_Party/FreeRTOS/Source/list.o
 .debug_abbrev  0x00002e1f      0x3cf Middlewares/Third_Party/FreeRTOS/Source/tasks.o
 .debug_abbrev  0x000031ee      0x216 Middlewares/Third_Party/FreeRTOS/Source/portable/GCC/ARM_CM7/r0p1/port.o
 .debug_abbrev  0x00003404      0x318 Middlewares/Third_Party/FreeRTOS/Source/portable/MemMang/heap_4.o
 .debug_abbrev  0x0000371c      0x2d9 Src/Display_2raw.o
 .debug_abbrev  0x000039f5      0x20e Src/dwt_delay.o
 .debug_abbrev  0x00003c03      0x335 Src/main.o
 .debug_abbrev  0x00003f38      0x1ed Src/processing.o
 .debug_abbrev  0x00004125      0x2b5 Src/stm32f7xx_hal_msp.o
 .debug_abbrev  0x000043da      0x299 Src/stm32f7xx_hal_timebase_TIM.o
 .debug_abbrev  0x00004673      0x241 Src/stm32f7xx_it.o
 .debug_abbrev  0x000048b4      0x212 Src/system_stm32f7xx.o
 .debug_abbrev  0x00004ac6       0x12 startup/startup_stm32f732xx.o

.debug_loc      0x00000000     0xe17e
 .debug_loc     0x00000000       0xfd Drivers/STM32F7xx_HAL_Driver/Src/stm32f7xx_hal.o
 .debug_loc     0x000000fd      0x82b Drivers/STM32F7xx_HAL_Driver/Src/stm32f7xx_hal_adc.o
 .debug_loc     0x00000928      0x5c0 Drivers/STM32F7xx_HAL_Driver/Src/stm32f7xx_hal_cortex.o
 .debug_loc     0x00000ee8      0x73c Drivers/STM32F7xx_HAL_Driver/Src/stm32f7xx_hal_dac.o
 .debug_loc     0x00001624      0x469 Drivers/STM32F7xx_HAL_Driver/Src/stm32f7xx_hal_gpio.o
 .debug_loc     0x00001a8d      0x198 Drivers/STM32F7xx_HAL_Driver/Src/stm32f7xx_hal_pwr_ex.o
 .debug_loc     0x00001c25      0x4b9 Drivers/STM32F7xx_HAL_Driver/Src/stm32f7xx_hal_rcc.o
 .debug_loc     0x000020de      0x533 Drivers/STM32F7xx_HAL_Driver/Src/stm32f7xx_hal_rcc_ex.o
 .debug_loc     0x00002611      0xb64 Drivers/STM32F7xx_HAL_Driver/Src/stm32f7xx_hal_rtc.o
 .debug_loc     0x00003175     0x1acd Drivers/STM32F7xx_HAL_Driver/Src/stm32f7xx_hal_spi.o
 .debug_loc     0x00004c42     0x36d5 Drivers/STM32F7xx_HAL_Driver/Src/stm32f7xx_hal_tim.o
 .debug_loc     0x00008317     0x1901 Drivers/STM32F7xx_HAL_Driver/Src/stm32f7xx_hal_tim_ex.o
 .debug_loc     0x00009c18     0x1612 Drivers/STM32F7xx_HAL_Driver/Src/stm32f7xx_hal_uart.o
 .debug_loc     0x0000b22a       0x92 Drivers/STM32F7xx_HAL_Driver/Src/stm32f7xx_hal_wwdg.o
 .debug_loc     0x0000b2bc      0xee1 Middlewares/Third_Party/FreeRTOS/Source/CMSIS_RTOS/cmsis_os.o
 .debug_loc     0x0000c19d       0x70 Middlewares/Third_Party/FreeRTOS/Source/list.o
 .debug_loc     0x0000c20d     0x11cd Middlewares/Third_Party/FreeRTOS/Source/tasks.o
 .debug_loc     0x0000d3da       0xdc Middlewares/Third_Party/FreeRTOS/Source/portable/GCC/ARM_CM7/r0p1/port.o
 .debug_loc     0x0000d4b6      0x291 Middlewares/Third_Party/FreeRTOS/Source/portable/MemMang/heap_4.o
 .debug_loc     0x0000d747      0x334 Src/Display_2raw.o
 .debug_loc     0x0000da7b       0x21 Src/dwt_delay.o
 .debug_loc     0x0000da9c       0x5b Src/main.o
 .debug_loc     0x0000daf7      0x1c0 Src/processing.o
 .debug_loc     0x0000dcb7      0x2c0 Src/stm32f7xx_hal_msp.o
 .debug_loc     0x0000df77       0x79 Src/stm32f7xx_hal_timebase_TIM.o
 .debug_loc     0x0000dff0       0x50 Src/stm32f7xx_it.o
 .debug_loc     0x0000e040      0x13e Src/system_stm32f7xx.o

.debug_aranges  0x00000000     0x15b8
 .debug_aranges
                0x00000000      0x100 Drivers/STM32F7xx_HAL_Driver/Src/stm32f7xx_hal.o
 .debug_aranges
                0x00000100       0xe8 Drivers/STM32F7xx_HAL_Driver/Src/stm32f7xx_hal_adc.o
 .debug_aranges
                0x000001e8       0xa8 Drivers/STM32F7xx_HAL_Driver/Src/stm32f7xx_hal_cortex.o
 .debug_aranges
                0x00000290       0xc0 Drivers/STM32F7xx_HAL_Driver/Src/stm32f7xx_hal_dac.o
 .debug_aranges
                0x00000350       0x58 Drivers/STM32F7xx_HAL_Driver/Src/stm32f7xx_hal_gpio.o
 .debug_aranges
                0x000003a8       0x80 Drivers/STM32F7xx_HAL_Driver/Src/stm32f7xx_hal_pwr_ex.o
 .debug_aranges
                0x00000428       0x88 Drivers/STM32F7xx_HAL_Driver/Src/stm32f7xx_hal_rcc.o
 .debug_aranges
                0x000004b0       0x50 Drivers/STM32F7xx_HAL_Driver/Src/stm32f7xx_hal_rcc_ex.o
 .debug_aranges
                0x00000500       0xb8 Drivers/STM32F7xx_HAL_Driver/Src/stm32f7xx_hal_rtc.o
 .debug_aranges
                0x000005b8      0x1d8 Drivers/STM32F7xx_HAL_Driver/Src/stm32f7xx_hal_spi.o
 .debug_aranges
                0x00000790      0x368 Drivers/STM32F7xx_HAL_Driver/Src/stm32f7xx_hal_tim.o
 .debug_aranges
                0x00000af8      0x170 Drivers/STM32F7xx_HAL_Driver/Src/stm32f7xx_hal_tim_ex.o
 .debug_aranges
                0x00000c68      0x190 Drivers/STM32F7xx_HAL_Driver/Src/stm32f7xx_hal_uart.o
 .debug_aranges
                0x00000df8       0x40 Drivers/STM32F7xx_HAL_Driver/Src/stm32f7xx_hal_wwdg.o
 .debug_aranges
                0x00000e38      0x1d8 Middlewares/Third_Party/FreeRTOS/Source/CMSIS_RTOS/cmsis_os.o
 .debug_aranges
                0x00001010       0x40 Middlewares/Third_Party/FreeRTOS/Source/list.o
 .debug_aranges
                0x00001050      0x190 Middlewares/Third_Party/FreeRTOS/Source/tasks.o
 .debug_aranges
                0x000011e0       0x80 Middlewares/Third_Party/FreeRTOS/Source/portable/GCC/ARM_CM7/r0p1/port.o
 .debug_aranges
                0x00001260       0x50 Middlewares/Third_Party/FreeRTOS/Source/portable/MemMang/heap_4.o
 .debug_aranges
                0x000012b0       0x78 Src/Display_2raw.o
 .debug_aranges
                0x00001328       0x28 Src/dwt_delay.o
 .debug_aranges
                0x00001350       0xa8 Src/main.o
 .debug_aranges
                0x000013f8       0x30 Src/processing.o
 .debug_aranges
                0x00001428       0xb0 Src/stm32f7xx_hal_msp.o
 .debug_aranges
                0x000014d8       0x30 Src/stm32f7xx_hal_timebase_TIM.o
 .debug_aranges
                0x00001508       0x60 Src/stm32f7xx_it.o
 .debug_aranges
                0x00001568       0x28 Src/system_stm32f7xx.o
 .debug_aranges
                0x00001590       0x28 startup/startup_stm32f732xx.o

.debug_ranges   0x00000000     0x14d0
 .debug_ranges  0x00000000       0xf0 Drivers/STM32F7xx_HAL_Driver/Src/stm32f7xx_hal.o
 .debug_ranges  0x000000f0       0xd8 Drivers/STM32F7xx_HAL_Driver/Src/stm32f7xx_hal_adc.o
 .debug_ranges  0x000001c8       0xf8 Drivers/STM32F7xx_HAL_Driver/Src/stm32f7xx_hal_cortex.o
 .debug_ranges  0x000002c0       0xb0 Drivers/STM32F7xx_HAL_Driver/Src/stm32f7xx_hal_dac.o
 .debug_ranges  0x00000370       0x48 Drivers/STM32F7xx_HAL_Driver/Src/stm32f7xx_hal_gpio.o
 .debug_ranges  0x000003b8       0x70 Drivers/STM32F7xx_HAL_Driver/Src/stm32f7xx_hal_pwr_ex.o
 .debug_ranges  0x00000428       0x78 Drivers/STM32F7xx_HAL_Driver/Src/stm32f7xx_hal_rcc.o
 .debug_ranges  0x000004a0       0x40 Drivers/STM32F7xx_HAL_Driver/Src/stm32f7xx_hal_rcc_ex.o
 .debug_ranges  0x000004e0       0xa8 Drivers/STM32F7xx_HAL_Driver/Src/stm32f7xx_hal_rtc.o
 .debug_ranges  0x00000588      0x1c8 Drivers/STM32F7xx_HAL_Driver/Src/stm32f7xx_hal_spi.o
 .debug_ranges  0x00000750      0x358 Drivers/STM32F7xx_HAL_Driver/Src/stm32f7xx_hal_tim.o
 .debug_ranges  0x00000aa8      0x160 Drivers/STM32F7xx_HAL_Driver/Src/stm32f7xx_hal_tim_ex.o
 .debug_ranges  0x00000c08      0x180 Drivers/STM32F7xx_HAL_Driver/Src/stm32f7xx_hal_uart.o
 .debug_ranges  0x00000d88       0x30 Drivers/STM32F7xx_HAL_Driver/Src/stm32f7xx_hal_wwdg.o
 .debug_ranges  0x00000db8      0x1c8 Middlewares/Third_Party/FreeRTOS/Source/CMSIS_RTOS/cmsis_os.o
 .debug_ranges  0x00000f80       0x30 Middlewares/Third_Party/FreeRTOS/Source/list.o
 .debug_ranges  0x00000fb0      0x1f0 Middlewares/Third_Party/FreeRTOS/Source/tasks.o
 .debug_ranges  0x000011a0       0x70 Middlewares/Third_Party/FreeRTOS/Source/portable/GCC/ARM_CM7/r0p1/port.o
 .debug_ranges  0x00001210       0x40 Middlewares/Third_Party/FreeRTOS/Source/portable/MemMang/heap_4.o
 .debug_ranges  0x00001250       0x68 Src/Display_2raw.o
 .debug_ranges  0x000012b8       0x18 Src/dwt_delay.o
 .debug_ranges  0x000012d0       0x98 Src/main.o
 .debug_ranges  0x00001368       0x20 Src/processing.o
 .debug_ranges  0x00001388       0xa0 Src/stm32f7xx_hal_msp.o
 .debug_ranges  0x00001428       0x20 Src/stm32f7xx_hal_timebase_TIM.o
 .debug_ranges  0x00001448       0x50 Src/stm32f7xx_it.o
 .debug_ranges  0x00001498       0x18 Src/system_stm32f7xx.o
 .debug_ranges  0x000014b0       0x20 startup/startup_stm32f732xx.o

.debug_macro    0x00000000    0x27c40
 .debug_macro   0x00000000      0x3c0 Drivers/STM32F7xx_HAL_Driver/Src/stm32f7xx_hal.o
 .debug_macro   0x000003c0      0xa60 Drivers/STM32F7xx_HAL_Driver/Src/stm32f7xx_hal.o
 .debug_macro   0x00000e20      0x10c Drivers/STM32F7xx_HAL_Driver/Src/stm32f7xx_hal.o
 .debug_macro   0x00000f2c      0x19d Drivers/STM32F7xx_HAL_Driver/Src/stm32f7xx_hal.o
 .debug_macro   0x000010c9       0x2e Drivers/STM32F7xx_HAL_Driver/Src/stm32f7xx_hal.o
 .debug_macro   0x000010f7       0x3b Drivers/STM32F7xx_HAL_Driver/Src/stm32f7xx_hal.o
 .debug_macro   0x00001132       0x22 Drivers/STM32F7xx_HAL_Driver/Src/stm32f7xx_hal.o
 .debug_macro   0x00001154       0x87 Drivers/STM32F7xx_HAL_Driver/Src/stm32f7xx_hal.o
 .debug_macro   0x000011db       0x51 Drivers/STM32F7xx_HAL_Driver/Src/stm32f7xx_hal.o
 .debug_macro   0x0000122c       0xef Drivers/STM32F7xx_HAL_Driver/Src/stm32f7xx_hal.o
 .debug_macro   0x0000131b       0x6a Drivers/STM32F7xx_HAL_Driver/Src/stm32f7xx_hal.o
 .debug_macro   0x00001385      0x1df Drivers/STM32F7xx_HAL_Driver/Src/stm32f7xx_hal.o
 .debug_macro   0x00001564       0x35 Drivers/STM32F7xx_HAL_Driver/Src/stm32f7xx_hal.o
 .debug_macro   0x00001599       0x50 Drivers/STM32F7xx_HAL_Driver/Src/stm32f7xx_hal.o
 .debug_macro   0x000015e9     0x1114 Drivers/STM32F7xx_HAL_Driver/Src/stm32f7xx_hal.o
 .debug_macro   0x000026fd    0x15758 Drivers/STM32F7xx_HAL_Driver/Src/stm32f7xx_hal.o
 .debug_macro   0x00017e55       0x43 Drivers/STM32F7xx_HAL_Driver/Src/stm32f7xx_hal.o
 .debug_macro   0x00017e98     0x35cf Drivers/STM32F7xx_HAL_Driver/Src/stm32f7xx_hal.o
 .debug_macro   0x0001b467       0x58 Drivers/STM32F7xx_HAL_Driver/Src/stm32f7xx_hal.o
 .debug_macro   0x0001b4bf       0x17 Drivers/STM32F7xx_HAL_Driver/Src/stm32f7xx_hal.o
 .debug_macro   0x0001b4d6       0x35 Drivers/STM32F7xx_HAL_Driver/Src/stm32f7xx_hal.o
 .debug_macro   0x0001b50b       0x9c Drivers/STM32F7xx_HAL_Driver/Src/stm32f7xx_hal.o
 .debug_macro   0x0001b5a7       0x16 Drivers/STM32F7xx_HAL_Driver/Src/stm32f7xx_hal.o
 .debug_macro   0x0001b5bd       0x97 Drivers/STM32F7xx_HAL_Driver/Src/stm32f7xx_hal.o
 .debug_macro   0x0001b654      0x330 Drivers/STM32F7xx_HAL_Driver/Src/stm32f7xx_hal.o
 .debug_macro   0x0001b984       0xfd Drivers/STM32F7xx_HAL_Driver/Src/stm32f7xx_hal.o
 .debug_macro   0x0001ba81       0x10 Drivers/STM32F7xx_HAL_Driver/Src/stm32f7xx_hal.o
 .debug_macro   0x0001ba91       0x58 Drivers/STM32F7xx_HAL_Driver/Src/stm32f7xx_hal.o
 .debug_macro   0x0001bae9       0x1f Drivers/STM32F7xx_HAL_Driver/Src/stm32f7xx_hal.o
 .debug_macro   0x0001bb08       0x43 Drivers/STM32F7xx_HAL_Driver/Src/stm32f7xx_hal.o
 .debug_macro   0x0001bb4b       0x20 Drivers/STM32F7xx_HAL_Driver/Src/stm32f7xx_hal.o
 .debug_macro   0x0001bb6b      0x18e Drivers/STM32F7xx_HAL_Driver/Src/stm32f7xx_hal.o
 .debug_macro   0x0001bcf9       0x10 Drivers/STM32F7xx_HAL_Driver/Src/stm32f7xx_hal.o
 .debug_macro   0x0001bd09       0x1c Drivers/STM32F7xx_HAL_Driver/Src/stm32f7xx_hal.o
 .debug_macro   0x0001bd25       0x52 Drivers/STM32F7xx_HAL_Driver/Src/stm32f7xx_hal.o
 .debug_macro   0x0001bd77       0x40 Drivers/STM32F7xx_HAL_Driver/Src/stm32f7xx_hal.o
 .debug_macro   0x0001bdb7       0x10 Drivers/STM32F7xx_HAL_Driver/Src/stm32f7xx_hal.o
 .debug_macro   0x0001bdc7       0x40 Drivers/STM32F7xx_HAL_Driver/Src/stm32f7xx_hal.o
 .debug_macro   0x0001be07       0xd7 Drivers/STM32F7xx_HAL_Driver/Src/stm32f7xx_hal.o
 .debug_macro   0x0001bede       0x1c Drivers/STM32F7xx_HAL_Driver/Src/stm32f7xx_hal.o
 .debug_macro   0x0001befa       0x3d Drivers/STM32F7xx_HAL_Driver/Src/stm32f7xx_hal.o
 .debug_macro   0x0001bf37       0x16 Drivers/STM32F7xx_HAL_Driver/Src/stm32f7xx_hal.o
 .debug_macro   0x0001bf4d      0x16f Drivers/STM32F7xx_HAL_Driver/Src/stm32f7xx_hal.o
 .debug_macro   0x0001c0bc       0x57 Drivers/STM32F7xx_HAL_Driver/Src/stm32f7xx_hal.o
 .debug_macro   0x0001c113     0x15ce Drivers/STM32F7xx_HAL_Driver/Src/stm32f7xx_hal.o
 .debug_macro   0x0001d6e1      0x6ca Drivers/STM32F7xx_HAL_Driver/Src/stm32f7xx_hal.o
 .debug_macro   0x0001ddab      0x11e Drivers/STM32F7xx_HAL_Driver/Src/stm32f7xx_hal.o
 .debug_macro   0x0001dec9      0x1d8 Drivers/STM32F7xx_HAL_Driver/Src/stm32f7xx_hal.o
 .debug_macro   0x0001e0a1       0x27 Drivers/STM32F7xx_HAL_Driver/Src/stm32f7xx_hal.o
 .debug_macro   0x0001e0c8      0x24f Drivers/STM32F7xx_HAL_Driver/Src/stm32f7xx_hal.o
 .debug_macro   0x0001e317       0x71 Drivers/STM32F7xx_HAL_Driver/Src/stm32f7xx_hal.o
 .debug_macro   0x0001e388       0x58 Drivers/STM32F7xx_HAL_Driver/Src/stm32f7xx_hal.o
 .debug_macro   0x0001e3e0      0x23a Drivers/STM32F7xx_HAL_Driver/Src/stm32f7xx_hal.o
 .debug_macro   0x0001e61a      0x408 Drivers/STM32F7xx_HAL_Driver/Src/stm32f7xx_hal.o
 .debug_macro   0x0001ea22      0x161 Drivers/STM32F7xx_HAL_Driver/Src/stm32f7xx_hal.o
 .debug_macro   0x0001eb83      0x100 Drivers/STM32F7xx_HAL_Driver/Src/stm32f7xx_hal.o
 .debug_macro   0x0001ec83       0xe5 Drivers/STM32F7xx_HAL_Driver/Src/stm32f7xx_hal.o
 .debug_macro   0x0001ed68       0xa1 Drivers/STM32F7xx_HAL_Driver/Src/stm32f7xx_hal.o
 .debug_macro   0x0001ee09       0x3c Drivers/STM32F7xx_HAL_Driver/Src/stm32f7xx_hal.o
 .debug_macro   0x0001ee45      0x15d Drivers/STM32F7xx_HAL_Driver/Src/stm32f7xx_hal.o
 .debug_macro   0x0001efa2      0x2c6 Drivers/STM32F7xx_HAL_Driver/Src/stm32f7xx_hal.o
 .debug_macro   0x0001f268       0x12 Drivers/STM32F7xx_HAL_Driver/Src/stm32f7xx_hal.o
 .debug_macro   0x0001f27a      0x209 Drivers/STM32F7xx_HAL_Driver/Src/stm32f7xx_hal.o
 .debug_macro   0x0001f483       0x61 Drivers/STM32F7xx_HAL_Driver/Src/stm32f7xx_hal.o
 .debug_macro   0x0001f4e4       0x90 Drivers/STM32F7xx_HAL_Driver/Src/stm32f7xx_hal.o
 .debug_macro   0x0001f574      0x132 Drivers/STM32F7xx_HAL_Driver/Src/stm32f7xx_hal.o
 .debug_macro   0x0001f6a6      0x10c Drivers/STM32F7xx_HAL_Driver/Src/stm32f7xx_hal.o
 .debug_macro   0x0001f7b2       0x35 Drivers/STM32F7xx_HAL_Driver/Src/stm32f7xx_hal.o
 .debug_macro   0x0001f7e7      0x313 Drivers/STM32F7xx_HAL_Driver/Src/stm32f7xx_hal.o
 .debug_macro   0x0001fafa      0x4da Drivers/STM32F7xx_HAL_Driver/Src/stm32f7xx_hal.o
 .debug_macro   0x0001ffd4       0xd6 Drivers/STM32F7xx_HAL_Driver/Src/stm32f7xx_hal.o
 .debug_macro   0x000200aa      0x2e2 Drivers/STM32F7xx_HAL_Driver/Src/stm32f7xx_hal.o
 .debug_macro   0x0002038c      0x65b Drivers/STM32F7xx_HAL_Driver/Src/stm32f7xx_hal.o
 .debug_macro   0x000209e7      0x256 Drivers/STM32F7xx_HAL_Driver/Src/stm32f7xx_hal.o
 .debug_macro   0x00020c3d      0x169 Drivers/STM32F7xx_HAL_Driver/Src/stm32f7xx_hal.o
 .debug_macro   0x00020da6      0x4e8 Drivers/STM32F7xx_HAL_Driver/Src/stm32f7xx_hal.o
 .debug_macro   0x0002128e       0x47 Drivers/STM32F7xx_HAL_Driver/Src/stm32f7xx_hal.o
 .debug_macro   0x000212d5       0x89 Drivers/STM32F7xx_HAL_Driver/Src/stm32f7xx_hal.o
 .debug_macro   0x0002135e      0x15e Drivers/STM32F7xx_HAL_Driver/Src/stm32f7xx_hal.o
 .debug_macro   0x000214bc      0x39d Drivers/STM32F7xx_HAL_Driver/Src/stm32f7xx_hal_adc.o
 .debug_macro   0x00021859      0x39c Drivers/STM32F7xx_HAL_Driver/Src/stm32f7xx_hal_cortex.o
 .debug_macro   0x00021bf5      0x39d Drivers/STM32F7xx_HAL_Driver/Src/stm32f7xx_hal_dac.o
 .debug_macro   0x00021f92      0x3d4 Drivers/STM32F7xx_HAL_Driver/Src/stm32f7xx_hal_gpio.o
 .debug_macro   0x00022366      0x3b4 Drivers/STM32F7xx_HAL_Driver/Src/stm32f7xx_hal_pwr_ex.o
 .debug_macro   0x0002271a      0x3c0 Drivers/STM32F7xx_HAL_Driver/Src/stm32f7xx_hal_rcc.o
 .debug_macro   0x00022ada      0x39c Drivers/STM32F7xx_HAL_Driver/Src/stm32f7xx_hal_rcc_ex.o
 .debug_macro   0x00022e76      0x39d Drivers/STM32F7xx_HAL_Driver/Src/stm32f7xx_hal_rtc.o
 .debug_macro   0x00023213      0x3a4 Drivers/STM32F7xx_HAL_Driver/Src/stm32f7xx_hal_spi.o
 .debug_macro   0x000235b7      0x39d Drivers/STM32F7xx_HAL_Driver/Src/stm32f7xx_hal_tim.o
 .debug_macro   0x00023954      0x3a8 Drivers/STM32F7xx_HAL_Driver/Src/stm32f7xx_hal_tim_ex.o
 .debug_macro   0x00023cfc      0x3a4 Drivers/STM32F7xx_HAL_Driver/Src/stm32f7xx_hal_uart.o
 .debug_macro   0x000240a0      0x39c Drivers/STM32F7xx_HAL_Driver/Src/stm32f7xx_hal_wwdg.o
 .debug_macro   0x0002443c      0x1fc Middlewares/Third_Party/FreeRTOS/Source/CMSIS_RTOS/cmsis_os.o
 .debug_macro   0x00024638       0x52 Middlewares/Third_Party/FreeRTOS/Source/CMSIS_RTOS/cmsis_os.o
 .debug_macro   0x0002468a       0x8d Middlewares/Third_Party/FreeRTOS/Source/CMSIS_RTOS/cmsis_os.o
 .debug_macro   0x00024717      0x174 Middlewares/Third_Party/FreeRTOS/Source/CMSIS_RTOS/cmsis_os.o
 .debug_macro   0x0002488b       0x57 Middlewares/Third_Party/FreeRTOS/Source/CMSIS_RTOS/cmsis_os.o
 .debug_macro   0x000248e2       0x10 Middlewares/Third_Party/FreeRTOS/Source/CMSIS_RTOS/cmsis_os.o
 .debug_macro   0x000248f2       0x35 Middlewares/Third_Party/FreeRTOS/Source/CMSIS_RTOS/cmsis_os.o
 .debug_macro   0x00024927       0xd2 Middlewares/Third_Party/FreeRTOS/Source/CMSIS_RTOS/cmsis_os.o
 .debug_macro   0x000249f9      0x168 Middlewares/Third_Party/FreeRTOS/Source/CMSIS_RTOS/cmsis_os.o
 .debug_macro   0x00024b61       0xe4 Middlewares/Third_Party/FreeRTOS/Source/CMSIS_RTOS/cmsis_os.o
 .debug_macro   0x00024c45       0x10 Middlewares/Third_Party/FreeRTOS/Source/CMSIS_RTOS/cmsis_os.o
 .debug_macro   0x00024c55       0x26 Middlewares/Third_Party/FreeRTOS/Source/CMSIS_RTOS/cmsis_os.o
 .debug_macro   0x00024c7b      0x40f Middlewares/Third_Party/FreeRTOS/Source/CMSIS_RTOS/cmsis_os.o
 .debug_macro   0x0002508a       0xc0 Middlewares/Third_Party/FreeRTOS/Source/CMSIS_RTOS/cmsis_os.o
 .debug_macro   0x0002514a       0x8c Middlewares/Third_Party/FreeRTOS/Source/CMSIS_RTOS/cmsis_os.o
 .debug_macro   0x000251d6       0x91 Middlewares/Third_Party/FreeRTOS/Source/CMSIS_RTOS/cmsis_os.o
 .debug_macro   0x00025267       0x94 Middlewares/Third_Party/FreeRTOS/Source/CMSIS_RTOS/cmsis_os.o
 .debug_macro   0x000252fb       0x63 Middlewares/Third_Party/FreeRTOS/Source/CMSIS_RTOS/cmsis_os.o
 .debug_macro   0x0002535e       0x19 Middlewares/Third_Party/FreeRTOS/Source/CMSIS_RTOS/cmsis_os.o
 .debug_macro   0x00025377       0xcf Middlewares/Third_Party/FreeRTOS/Source/CMSIS_RTOS/cmsis_os.o
 .debug_macro   0x00025446       0x26 Middlewares/Third_Party/FreeRTOS/Source/CMSIS_RTOS/cmsis_os.o
 .debug_macro   0x0002546c      0x18a Middlewares/Third_Party/FreeRTOS/Source/list.o
 .debug_macro   0x000255f6      0x273 Middlewares/Third_Party/FreeRTOS/Source/tasks.o
 .debug_macro   0x00025869       0x11 Middlewares/Third_Party/FreeRTOS/Source/tasks.o
 .debug_macro   0x0002587a      0x198 Middlewares/Third_Party/FreeRTOS/Source/portable/GCC/ARM_CM7/r0p1/port.o
 .debug_macro   0x00025a12      0x1b1 Middlewares/Third_Party/FreeRTOS/Source/portable/MemMang/heap_4.o
 .debug_macro   0x00025bc3      0x43e Src/Display_2raw.o
 .debug_macro   0x00026001       0x3a Src/Display_2raw.o
 .debug_macro   0x0002603b       0x10 Src/Display_2raw.o
 .debug_macro   0x0002604b      0x3a5 Src/dwt_delay.o
 .debug_macro   0x000263f0      0x488 Src/main.o
 .debug_macro   0x00026878       0xd8 Src/main.o
 .debug_macro   0x00026950      0x3bc Src/processing.o
 .debug_macro   0x00026d0c      0x39c Src/stm32f7xx_hal_msp.o
 .debug_macro   0x000270a8      0x39c Src/stm32f7xx_hal_timebase_TIM.o
 .debug_macro   0x00027444      0x45a Src/stm32f7xx_it.o
 .debug_macro   0x0002789e      0x3a2 Src/system_stm32f7xx.o

.debug_line     0x00000000    0x13a9e
 .debug_line    0x00000000      0xae6 Drivers/STM32F7xx_HAL_Driver/Src/stm32f7xx_hal.o
 .debug_line    0x00000ae6      0xd24 Drivers/STM32F7xx_HAL_Driver/Src/stm32f7xx_hal_adc.o
 .debug_line    0x0000180a      0xaff Drivers/STM32F7xx_HAL_Driver/Src/stm32f7xx_hal_cortex.o
 .debug_line    0x00002309      0xb46 Drivers/STM32F7xx_HAL_Driver/Src/stm32f7xx_hal_dac.o
 .debug_line    0x00002e4f      0xa39 Drivers/STM32F7xx_HAL_Driver/Src/stm32f7xx_hal_gpio.o
 .debug_line    0x00003888      0xa0c Drivers/STM32F7xx_HAL_Driver/Src/stm32f7xx_hal_pwr_ex.o
 .debug_line    0x00004294      0xb78 Drivers/STM32F7xx_HAL_Driver/Src/stm32f7xx_hal_rcc.o
 .debug_line    0x00004e0c      0xad7 Drivers/STM32F7xx_HAL_Driver/Src/stm32f7xx_hal_rcc_ex.o
 .debug_line    0x000058e3      0xc79 Drivers/STM32F7xx_HAL_Driver/Src/stm32f7xx_hal_rtc.o
 .debug_line    0x0000655c     0x1354 Drivers/STM32F7xx_HAL_Driver/Src/stm32f7xx_hal_spi.o
 .debug_line    0x000078b0     0x1897 Drivers/STM32F7xx_HAL_Driver/Src/stm32f7xx_hal_tim.o
 .debug_line    0x00009147      0xfac Drivers/STM32F7xx_HAL_Driver/Src/stm32f7xx_hal_tim_ex.o
 .debug_line    0x0000a0f3     0x127b Drivers/STM32F7xx_HAL_Driver/Src/stm32f7xx_hal_uart.o
 .debug_line    0x0000b36e      0x932 Drivers/STM32F7xx_HAL_Driver/Src/stm32f7xx_hal_wwdg.o
 .debug_line    0x0000bca0      0xbeb Middlewares/Third_Party/FreeRTOS/Source/CMSIS_RTOS/cmsis_os.o
 .debug_line    0x0000c88b      0x581 Middlewares/Third_Party/FreeRTOS/Source/list.o
 .debug_line    0x0000ce0c      0xe18 Middlewares/Third_Party/FreeRTOS/Source/tasks.o
 .debug_line    0x0000dc24      0x60c Middlewares/Third_Party/FreeRTOS/Source/portable/GCC/ARM_CM7/r0p1/port.o
 .debug_line    0x0000e230      0x634 Middlewares/Third_Party/FreeRTOS/Source/portable/MemMang/heap_4.o
 .debug_line    0x0000e864      0xa55 Src/Display_2raw.o
 .debug_line    0x0000f2b9      0x8da Src/dwt_delay.o
 .debug_line    0x0000fb93      0xdb6 Src/main.o
 .debug_line    0x00010949      0x8f5 Src/processing.o
 .debug_line    0x0001123e      0xab4 Src/stm32f7xx_hal_msp.o
 .debug_line    0x00011cf2      0x8f3 Src/stm32f7xx_hal_timebase_TIM.o
 .debug_line    0x000125e5      0xb51 Src/stm32f7xx_it.o
 .debug_line    0x00013136      0x8e9 Src/system_stm32f7xx.o
 .debug_line    0x00013a1f       0x7f startup/startup_stm32f732xx.o

.debug_str      0x00000000    0xeb038
 .debug_str     0x00000000    0xde837 Drivers/STM32F7xx_HAL_Driver/Src/stm32f7xx_hal.o
                              0xdec38 (size before relaxing)
 .debug_str     0x000de837      0x68b Drivers/STM32F7xx_HAL_Driver/Src/stm32f7xx_hal_adc.o
                              0xde837 (size before relaxing)
 .debug_str     0x000deec2      0x45d Drivers/STM32F7xx_HAL_Driver/Src/stm32f7xx_hal_cortex.o
                              0xdec16 (size before relaxing)
 .debug_str     0x000df31f      0x340 Drivers/STM32F7xx_HAL_Driver/Src/stm32f7xx_hal_dac.o
                              0xde6d4 (size before relaxing)
 .debug_str     0x000df65f      0x2b2 Drivers/STM32F7xx_HAL_Driver/Src/stm32f7xx_hal_gpio.o
                              0xde52c (size before relaxing)
 .debug_str     0x000df911      0x1f3 Drivers/STM32F7xx_HAL_Driver/Src/stm32f7xx_hal_pwr_ex.o
                              0xde5e8 (size before relaxing)
 .debug_str     0x000dfb04      0x39e Drivers/STM32F7xx_HAL_Driver/Src/stm32f7xx_hal_rcc.o
                              0xde694 (size before relaxing)
 .debug_str     0x000dfea2      0x38f Drivers/STM32F7xx_HAL_Driver/Src/stm32f7xx_hal_rcc_ex.o
                              0xde604 (size before relaxing)
 .debug_str     0x000e0231      0x4ec Drivers/STM32F7xx_HAL_Driver/Src/stm32f7xx_hal_rtc.o
                              0xde694 (size before relaxing)
 .debug_str     0x000e071d      0x73b Drivers/STM32F7xx_HAL_Driver/Src/stm32f7xx_hal_spi.o
                              0xdeb01 (size before relaxing)
 .debug_str     0x000e0e58      0xe78 Drivers/STM32F7xx_HAL_Driver/Src/stm32f7xx_hal_tim.o
                              0xdf2ed (size before relaxing)
 .debug_str     0x000e1cd0      0x5a8 Drivers/STM32F7xx_HAL_Driver/Src/stm32f7xx_hal_tim_ex.o
                              0xded9c (size before relaxing)
 .debug_str     0x000e2278      0x7cb Drivers/STM32F7xx_HAL_Driver/Src/stm32f7xx_hal_uart.o
                              0xded9a (size before relaxing)
 .debug_str     0x000e2a43       0xe0 Drivers/STM32F7xx_HAL_Driver/Src/stm32f7xx_hal_wwdg.o
                              0xde1ee (size before relaxing)
 .debug_str     0x000e2b23     0x5d2f Middlewares/Third_Party/FreeRTOS/Source/CMSIS_RTOS/cmsis_os.o
                               0xcf24 (size before relaxing)
 .debug_str     0x000e8852      0x234 Middlewares/Third_Party/FreeRTOS/Source/list.o
                               0xa1b4 (size before relaxing)
 .debug_str     0x000e8a86     0x10b7 Middlewares/Third_Party/FreeRTOS/Source/tasks.o
                               0xc247 (size before relaxing)
 .debug_str     0x000e9b3d      0x6fb Middlewares/Third_Party/FreeRTOS/Source/portable/GCC/ARM_CM7/r0p1/port.o
                               0x80d7 (size before relaxing)
 .debug_str     0x000ea238      0x243 Middlewares/Third_Party/FreeRTOS/Source/portable/MemMang/heap_4.o
                               0xa8f4 (size before relaxing)
 .debug_str     0x000ea47b      0x57a Src/Display_2raw.o
                              0xde6be (size before relaxing)
 .debug_str     0x000ea9f5       0xd0 Src/dwt_delay.o
                              0xde1f7 (size before relaxing)
 .debug_str     0x000eaac5      0x290 Src/main.o
                              0xe54f3 (size before relaxing)
 .debug_str     0x000ead55       0xc4 Src/processing.o
                              0xde1f0 (size before relaxing)
 .debug_str     0x000eae19       0x39 Src/stm32f7xx_hal_msp.o
                              0xdf6bf (size before relaxing)
 .debug_str     0x000eae52       0x62 Src/stm32f7xx_hal_timebase_TIM.o
                              0xdecdc (size before relaxing)
 .debug_str     0x000eaeb4       0xfa Src/stm32f7xx_it.o
                              0xe3873 (size before relaxing)
 .debug_str     0x000eafae       0x5a Src/system_stm32f7xx.o
                              0xde351 (size before relaxing)
 .debug_str     0x000eb008       0x30 startup/startup_stm32f732xx.o
                                 0x63 (size before relaxing)

.comment        0x00000000       0x7e
 .comment       0x00000000       0x7e Drivers/STM32F7xx_HAL_Driver/Src/stm32f7xx_hal.o
                                 0x7f (size before relaxing)
 .comment       0x0000007e       0x7f Drivers/STM32F7xx_HAL_Driver/Src/stm32f7xx_hal_adc.o
 .comment       0x0000007e       0x7f Drivers/STM32F7xx_HAL_Driver/Src/stm32f7xx_hal_cortex.o
 .comment       0x0000007e       0x7f Drivers/STM32F7xx_HAL_Driver/Src/stm32f7xx_hal_dac.o
 .comment       0x0000007e       0x7f Drivers/STM32F7xx_HAL_Driver/Src/stm32f7xx_hal_gpio.o
 .comment       0x0000007e       0x7f Drivers/STM32F7xx_HAL_Driver/Src/stm32f7xx_hal_pwr_ex.o
 .comment       0x0000007e       0x7f Drivers/STM32F7xx_HAL_Driver/Src/stm32f7xx_hal_rcc.o
 .comment       0x0000007e       0x7f Drivers/STM32F7xx_HAL_Driver/Src/stm32f7xx_hal_rcc_ex.o
 .comment       0x0000007e       0x7f Drivers/STM32F7xx_HAL_Driver/Src/stm32f7xx_hal_rtc.o
 .comment       0x0000007e       0x7f Drivers/STM32F7xx_HAL_Driver/Src/stm32f7xx_hal_spi.o
 .comment       0x0000007e       0x7f Drivers/STM32F7xx_HAL_Driver/Src/stm32f7xx_hal_tim.o
 .comment       0x0000007e       0x7f Drivers/STM32F7xx_HAL_Driver/Src/stm32f7xx_hal_tim_ex.o
 .comment       0x0000007e       0x7f Drivers/STM32F7xx_HAL_Driver/Src/stm32f7xx_hal_uart.o
 .comment       0x0000007e       0x7f Drivers/STM32F7xx_HAL_Driver/Src/stm32f7xx_hal_wwdg.o
 .comment       0x0000007e       0x7f Middlewares/Third_Party/FreeRTOS/Source/CMSIS_RTOS/cmsis_os.o
 .comment       0x0000007e       0x7f Middlewares/Third_Party/FreeRTOS/Source/list.o
 .comment       0x0000007e       0x7f Middlewares/Third_Party/FreeRTOS/Source/tasks.o
 .comment       0x0000007e       0x7f Middlewares/Third_Party/FreeRTOS/Source/portable/GCC/ARM_CM7/r0p1/port.o
 .comment       0x0000007e       0x7f Middlewares/Third_Party/FreeRTOS/Source/portable/MemMang/heap_4.o
 .comment       0x0000007e       0x7f Src/Display_2raw.o
 .comment       0x0000007e       0x7f Src/dwt_delay.o
 .comment       0x0000007e       0x7f Src/main.o
 .comment       0x0000007e       0x7f Src/processing.o
 .comment       0x0000007e       0x7f Src/stm32f7xx_hal_msp.o
 .comment       0x0000007e       0x7f Src/stm32f7xx_hal_timebase_TIM.o
 .comment       0x0000007e       0x7f Src/stm32f7xx_it.o
 .comment       0x0000007e       0x7f Src/system_stm32f7xx.o

.debug_frame    0x00000000     0x3d20
 .debug_frame   0x00000000      0x20c Drivers/STM32F7xx_HAL_Driver/Src/stm32f7xx_hal.o
 .debug_frame   0x0000020c      0x27c Drivers/STM32F7xx_HAL_Driver/Src/stm32f7xx_hal_adc.o
 .debug_frame   0x00000488      0x15c Drivers/STM32F7xx_HAL_Driver/Src/stm32f7xx_hal_cortex.o
 .debug_frame   0x000005e4      0x1f0 Drivers/STM32F7xx_HAL_Driver/Src/stm32f7xx_hal_dac.o
 .debug_frame   0x000007d4       0xd8 Drivers/STM32F7xx_HAL_Driver/Src/stm32f7xx_hal_gpio.o
 .debug_frame   0x000008ac      0x134 Drivers/STM32F7xx_HAL_Driver/Src/stm32f7xx_hal_pwr_ex.o
 .debug_frame   0x000009e0      0x190 Drivers/STM32F7xx_HAL_Driver/Src/stm32f7xx_hal_rcc.o
 .debug_frame   0x00000b70       0xcc Drivers/STM32F7xx_HAL_Driver/Src/stm32f7xx_hal_rcc_ex.o
 .debug_frame   0x00000c3c      0x214 Drivers/STM32F7xx_HAL_Driver/Src/stm32f7xx_hal_rtc.o
 .debug_frame   0x00000e50      0x5b0 Drivers/STM32F7xx_HAL_Driver/Src/stm32f7xx_hal_spi.o
 .debug_frame   0x00001400      0x9f4 Drivers/STM32F7xx_HAL_Driver/Src/stm32f7xx_hal_tim.o
 .debug_frame   0x00001df4      0x44c Drivers/STM32F7xx_HAL_Driver/Src/stm32f7xx_hal_tim_ex.o
 .debug_frame   0x00002240      0x458 Drivers/STM32F7xx_HAL_Driver/Src/stm32f7xx_hal_uart.o
 .debug_frame   0x00002698       0x74 Drivers/STM32F7xx_HAL_Driver/Src/stm32f7xx_hal_wwdg.o
 .debug_frame   0x0000270c      0x584 Middlewares/Third_Party/FreeRTOS/Source/CMSIS_RTOS/cmsis_os.o
 .debug_frame   0x00002c90       0x6c Middlewares/Third_Party/FreeRTOS/Source/list.o
 .debug_frame   0x00002cfc      0x4e8 Middlewares/Third_Party/FreeRTOS/Source/tasks.o
 .debug_frame   0x000031e4       0xf0 Middlewares/Third_Party/FreeRTOS/Source/portable/GCC/ARM_CM7/r0p1/port.o
 .debug_frame   0x000032d4       0xac Middlewares/Third_Party/FreeRTOS/Source/portable/MemMang/heap_4.o
 .debug_frame   0x00003380      0x140 Src/Display_2raw.o
 .debug_frame   0x000034c0       0x30 Src/dwt_delay.o
 .debug_frame   0x000034f0      0x208 Src/main.o
 .debug_frame   0x000036f8       0x84 Src/processing.o
 .debug_frame   0x0000377c      0x1f0 Src/stm32f7xx_hal_msp.o
 .debug_frame   0x0000396c       0x50 Src/stm32f7xx_hal_timebase_TIM.o
 .debug_frame   0x000039bc       0xb8 Src/stm32f7xx_it.o
 .debug_frame   0x00003a74       0x3c Src/system_stm32f7xx.o
 .debug_frame   0x00003ab0       0xac c:/ac6/systemworkbench/plugins/fr.ac6.mcu.externaltools.arm-none.win32_1.16.0.201807130628/tools/compiler/bin/../lib/gcc/arm-none-eabi/7.2.1/thumb/v7e-m/fpv4-sp/hard\libgcc.a(_arm_addsubdf3.o)
 .debug_frame   0x00003b5c       0x50 c:/ac6/systemworkbench/plugins/fr.ac6.mcu.externaltools.arm-none.win32_1.16.0.201807130628/tools/compiler/bin/../lib/gcc/arm-none-eabi/7.2.1/thumb/v7e-m/fpv4-sp/hard\libgcc.a(_arm_muldivdf3.o)
 .debug_frame   0x00003bac       0xc4 c:/ac6/systemworkbench/plugins/fr.ac6.mcu.externaltools.arm-none.win32_1.16.0.201807130628/tools/compiler/bin/../lib/gcc/arm-none-eabi/7.2.1/thumb/v7e-m/fpv4-sp/hard\libgcc.a(_arm_cmpdf2.o)
 .debug_frame   0x00003c70       0x24 c:/ac6/systemworkbench/plugins/fr.ac6.mcu.externaltools.arm-none.win32_1.16.0.201807130628/tools/compiler/bin/../lib/gcc/arm-none-eabi/7.2.1/thumb/v7e-m/fpv4-sp/hard\libgcc.a(_arm_fixunsdfsi.o)
 .debug_frame   0x00003c94       0x2c c:/ac6/systemworkbench/plugins/fr.ac6.mcu.externaltools.arm-none.win32_1.16.0.201807130628/tools/compiler/bin/../lib/gcc/arm-none-eabi/7.2.1/thumb/v7e-m/fpv4-sp/hard\libgcc.a(_aeabi_uldivmod.o)
 .debug_frame   0x00003cc0       0x34 c:/ac6/systemworkbench/plugins/fr.ac6.mcu.externaltools.arm-none.win32_1.16.0.201807130628/tools/compiler/bin/../lib/gcc/arm-none-eabi/7.2.1/thumb/v7e-m/fpv4-sp/hard\libgcc.a(_udivmoddi4.o)
 .debug_frame   0x00003cf4       0x2c c:/ac6/systemworkbench/plugins/fr.ac6.mcu.externaltools.arm-none.win32_1.16.0.201807130628/tools/compiler/bin/../lib/gcc/arm-none-eabi/7.2.1/../../../../arm-none-eabi/lib/thumb/v7e-m/fpv4-sp/hard\libc_nano.a(lib_a-init.o)