Archive member included to satisfy reference by file (symbol)

c:/ac6/systemworkbench/plugins/fr.ac6.mcu.externaltools.arm-none.win32_1.16.0.201807130628/tools/compiler/bin/../lib/gcc/arm-none-eabi/7.2.1/thumb/v7e-m/fpv4-sp/hard\libgcc.a(_arm_addsubdf3.o)
                              Src/Display_2raw.o (__aeabi_dsub)
c:/ac6/systemworkbench/plugins/fr.ac6.mcu.externaltools.arm-none.win32_1.16.0.201807130628/tools/compiler/bin/../lib/gcc/arm-none-eabi/7.2.1/thumb/v7e-m/fpv4-sp/hard\libgcc.a(_arm_muldivdf3.o)
                              Src/Display_2raw.o (__aeabi_dmul)
c:/ac6/systemworkbench/plugins/fr.ac6.mcu.externaltools.arm-none.win32_1.16.0.201807130628/tools/compiler/bin/../lib/gcc/arm-none-eabi/7.2.1/thumb/v7e-m/fpv4-sp/hard\libgcc.a(_arm_cmpdf2.o)
                              Src/processing.o (__aeabi_dcmpeq)
c:/ac6/systemworkbench/plugins/fr.ac6.mcu.externaltools.arm-none.win32_1.16.0.201807130628/tools/compiler/bin/../lib/gcc/arm-none-eabi/7.2.1/thumb/v7e-m/fpv4-sp/hard\libgcc.a(_arm_fixunsdfsi.o)
                              Src/Display_2raw.o (__aeabi_d2uiz)
c:/ac6/systemworkbench/plugins/fr.ac6.mcu.externaltools.arm-none.win32_1.16.0.201807130628/tools/compiler/bin/../lib/gcc/arm-none-eabi/7.2.1/thumb/v7e-m/fpv4-sp/hard\libgcc.a(_aeabi_uldivmod.o)
                              Drivers/STM32F7xx_HAL_Driver/Src/stm32f7xx_hal_rcc.o (__aeabi_uldivmod)
c:/ac6/systemworkbench/plugins/fr.ac6.mcu.externaltools.arm-none.win32_1.16.0.201807130628/tools/compiler/bin/../lib/gcc/arm-none-eabi/7.2.1/thumb/v7e-m/fpv4-sp/hard\libgcc.a(_udivmoddi4.o)
                              c:/ac6/systemworkbench/plugins/fr.ac6.mcu.externaltools.arm-none.win32_1.16.0.201807130628/tools/compiler/bin/../lib/gcc/arm-none-eabi/7.2.1/thumb/v7e-m/fpv4-sp/hard\libgcc.a(_aeabi_uldivmod.o) (__udivmoddi4)
c:/ac6/systemworkbench/plugins/fr.ac6.mcu.externaltools.arm-none.win32_1.16.0.201807130628/tools/compiler/bin/../lib/gcc/arm-none-eabi/7.2.1/thumb/v7e-m/fpv4-sp/hard\libgcc.a(_dvmd_tls.o)
                              c:/ac6/systemworkbench/plugins/fr.ac6.mcu.externaltools.arm-none.win32_1.16.0.201807130628/tools/compiler/bin/../lib/gcc/arm-none-eabi/7.2.1/thumb/v7e-m/fpv4-sp/hard\libgcc.a(_aeabi_uldivmod.o) (__aeabi_ldiv0)
c:/ac6/systemworkbench/plugins/fr.ac6.mcu.externaltools.arm-none.win32_1.16.0.201807130628/tools/compiler/bin/../lib/gcc/arm-none-eabi/7.2.1/../../../../arm-none-eabi/lib/thumb/v7e-m/fpv4-sp/hard\libc_nano.a(lib_a-errno.o)
                              Src/syscalls.o (__errno)
c:/ac6/systemworkbench/plugins/fr.ac6.mcu.externaltools.arm-none.win32_1.16.0.201807130628/tools/compiler/bin/../lib/gcc/arm-none-eabi/7.2.1/../../../../arm-none-eabi/lib/thumb/v7e-m/fpv4-sp/hard\libc_nano.a(lib_a-exit.o)
                              c:/ac6/systemworkbench/plugins/fr.ac6.mcu.externaltools.arm-none.win32_1.16.0.201807130628/tools/compiler/bin/../lib/gcc/arm-none-eabi/7.2.1/../../../../arm-none-eabi/lib/thumb/v7e-m/fpv4-sp/hard/crt0.o (exit)
c:/ac6/systemworkbench/plugins/fr.ac6.mcu.externaltools.arm-none.win32_1.16.0.201807130628/tools/compiler/bin/../lib/gcc/arm-none-eabi/7.2.1/../../../../arm-none-eabi/lib/thumb/v7e-m/fpv4-sp/hard\libc_nano.a(lib_a-impure.o)
                              c:/ac6/systemworkbench/plugins/fr.ac6.mcu.externaltools.arm-none.win32_1.16.0.201807130628/tools/compiler/bin/../lib/gcc/arm-none-eabi/7.2.1/../../../../arm-none-eabi/lib/thumb/v7e-m/fpv4-sp/hard\libc_nano.a(lib_a-exit.o) (_global_impure_ptr)
c:/ac6/systemworkbench/plugins/fr.ac6.mcu.externaltools.arm-none.win32_1.16.0.201807130628/tools/compiler/bin/../lib/gcc/arm-none-eabi/7.2.1/../../../../arm-none-eabi/lib/thumb/v7e-m/fpv4-sp/hard\libc_nano.a(lib_a-init.o)
                              c:/ac6/systemworkbench/plugins/fr.ac6.mcu.externaltools.arm-none.win32_1.16.0.201807130628/tools/compiler/bin/../lib/gcc/arm-none-eabi/7.2.1/../../../../arm-none-eabi/lib/thumb/v7e-m/fpv4-sp/hard/crt0.o (__libc_init_array)
c:/ac6/systemworkbench/plugins/fr.ac6.mcu.externaltools.arm-none.win32_1.16.0.201807130628/tools/compiler/bin/../lib/gcc/arm-none-eabi/7.2.1/../../../../arm-none-eabi/lib/thumb/v7e-m/fpv4-sp/hard\libc_nano.a(lib_a-memcpy-stub.o)
                              Middlewares/Third_Party/FreeRTOS/Source/queue.o (memcpy)
c:/ac6/systemworkbench/plugins/fr.ac6.mcu.externaltools.arm-none.win32_1.16.0.201807130628/tools/compiler/bin/../lib/gcc/arm-none-eabi/7.2.1/../../../../arm-none-eabi/lib/thumb/v7e-m/fpv4-sp/hard\libc_nano.a(lib_a-memset.o)
                              c:/ac6/systemworkbench/plugins/fr.ac6.mcu.externaltools.arm-none.win32_1.16.0.201807130628/tools/compiler/bin/../lib/gcc/arm-none-eabi/7.2.1/../../../../arm-none-eabi/lib/thumb/v7e-m/fpv4-sp/hard/crt0.o (memset)

Allocating common symbols
Common symbol       size              file

defaultTaskHandle   0x4               Src/main.o
ubDispIndex         0x1               Src/Display_2raw.o
hadc2               0x48              Src/main.o
[...]
Memory Configuration

Name             Origin             Length             Attributes
RAM              0x20000000         0x00040000         xrw
FLASH            0x08000000         0x00080000         xr
*default*        0x00000000         0xffffffff

Linker script and memory map

LOAD c:/ac6/systemworkbench/plugins/fr.ac6.mcu.externaltools.arm-none.win32_1.16.0.201807130628/tools/compiler/bin/../lib/gcc/arm-none-eabi/7.2.1/thumb/v7e-m/fpv4-sp/hard/crti.o
LOAD c:/ac6/systemworkbench/plugins/fr.ac6.mcu.externaltools.arm-none.win32_1.16.0.201807130628/tools/compiler/bin/../lib/gcc/arm-none-eabi/7.2.1/thumb/v7e-m/fpv4-sp/hard/crtbegin.o
LOAD c:/ac6/systemworkbench/plugins/fr.ac6.mcu.externaltools.arm-none.win32_1.16.0.201807130628/tools/compiler/bin/../lib/gcc/arm-none-eabi/7.2.1/../../../../arm-none-eabi/lib/thumb/v7e-m/fpv4-sp/hard/crt0.o
LOAD Drivers/STM32F7xx_HAL_Driver/Src/stm32f7xx_hal.o
LOAD Drivers/STM32F7xx_HAL_Driver/Src/stm32f7xx_hal_adc.o
LOAD Drivers/STM32F7xx_HAL_Driver/Src/stm32f7xx_hal_adc_ex.o
LOAD Drivers/STM32F7xx_HAL_Driver/Src/stm32f7xx_hal_cortex.o
LOAD Drivers/STM32F7xx_HAL_Driver/Src/stm32f7xx_hal_crc.o
LOAD Drivers/STM32F7xx_HAL_Driver/Src/stm32f7xx_hal_crc_ex.o
LOAD Drivers/STM32F7xx_HAL_Driver/Src/stm32f7xx_hal_cryp.o
LOAD Drivers/STM32F7xx_HAL_Driver/Src/stm32f7xx_hal_cryp_ex.o
LOAD Drivers/STM32F7xx_HAL_Driver/Src/stm32f7xx_hal_dac.o
LOAD Drivers/STM32F7xx_HAL_Driver/Src/stm32f7xx_hal_dac_ex.o
LOAD Drivers/STM32F7xx_HAL_Driver/Src/stm32f7xx_hal_dma.o
LOAD Drivers/STM32F7xx_HAL_Driver/Src/stm32f7xx_hal_dma_ex.o
LOAD Drivers/STM32F7xx_HAL_Driver/Src/stm32f7xx_hal_exti.o
LOAD Drivers/STM32F7xx_HAL_Driver/Src/stm32f7xx_hal_flash.o
LOAD Drivers/STM32F7xx_HAL_Driver/Src/stm32f7xx_hal_flash_ex.o
LOAD Drivers/STM32F7xx_HAL_Driver/Src/stm32f7xx_hal_gpio.o
LOAD Drivers/STM32F7xx_HAL_Driver/Src/stm32f7xx_hal_i2c.o
LOAD Drivers/STM32F7xx_HAL_Driver/Src/stm32f7xx_hal_i2c_ex.o
LOAD Drivers/STM32F7xx_HAL_Driver/Src/stm32f7xx_hal_iwdg.o
LOAD Drivers/STM32F7xx_HAL_Driver/Src/stm32f7xx_hal_pwr.o
LOAD Drivers/STM32F7xx_HAL_Driver/Src/stm32f7xx_hal_pwr_ex.o
LOAD Drivers/STM32F7xx_HAL_Driver/Src/stm32f7xx_hal_rcc.o
LOAD Drivers/STM32F7xx_HAL_Driver/Src/stm32f7xx_hal_rcc_ex.o
LOAD Drivers/STM32F7xx_HAL_Driver/Src/stm32f7xx_hal_rng.o
LOAD Drivers/STM32F7xx_HAL_Driver/Src/stm32f7xx_hal_rtc.o
LOAD Drivers/STM32F7xx_HAL_Driver/Src/stm32f7xx_hal_rtc_ex.o
LOAD Drivers/STM32F7xx_HAL_Driver/Src/stm32f7xx_hal_spi.o
LOAD Drivers/STM32F7xx_HAL_Driver/Src/stm32f7xx_hal_spi_ex.o
LOAD Drivers/STM32F7xx_HAL_Driver/Src/stm32f7xx_hal_tim.o
LOAD Drivers/STM32F7xx_HAL_Driver/Src/stm32f7xx_hal_tim_ex.o
LOAD Drivers/STM32F7xx_HAL_Driver/Src/stm32f7xx_hal_uart.o
LOAD Drivers/STM32F7xx_HAL_Driver/Src/stm32f7xx_hal_uart_ex.o
LOAD Drivers/STM32F7xx_HAL_Driver/Src/stm32f7xx_hal_wwdg.o
LOAD Middlewares/Third_Party/FreeRTOS/Source/CMSIS_RTOS/cmsis_os.o
LOAD Middlewares/Third_Party/FreeRTOS/Source/croutine.o
LOAD Middlewares/Third_Party/FreeRTOS/Source/event_groups.o
LOAD Middlewares/Third_Party/FreeRTOS/Source/list.o
LOAD Middlewares/Third_Party/FreeRTOS/Source/queue.o
LOAD Middlewares/Third_Party/FreeRTOS/Source/stream_buffer.o
LOAD Middlewares/Third_Party/FreeRTOS/Source/tasks.o
LOAD Middlewares/Third_Party/FreeRTOS/Source/timers.o
LOAD Middlewares/Third_Party/FreeRTOS/Source/portable/GCC/ARM_CM7/r0p1/port.o
LOAD Middlewares/Third_Party/FreeRTOS/Source/portable/MemMang/heap_4.o
LOAD Src/Display_2raw.o
LOAD Src/dwt_delay.o
LOAD Src/freertos.o
LOAD Src/main.o
LOAD Src/processing.o
LOAD Src/stm32f7xx_hal_msp.o
LOAD Src/stm32f7xx_hal_timebase_tim.o
LOAD Src/stm32f7xx_it.o
LOAD Src/string_proc.o
LOAD Src/syscalls.o
LOAD Src/system_stm32f7xx.o
LOAD startup/startup_stm32f732xx.o
LOAD c:/ac6/systemworkbench/plugins/fr.ac6.mcu.externaltools.arm-none.win32_1.16.0.201807130628/tools/compiler/bin/../lib/gcc/arm-none-eabi/7.2.1/../../../../arm-none-eabi/lib/thumb/v7e-m/fpv4-sp/hard\libm.a
START GROUP
LOAD c:/ac6/systemworkbench/plugins/fr.ac6.mcu.externaltools.arm-none.win32_1.16.0.201807130628/tools/compiler/bin/../lib/gcc/arm-none-eabi/7.2.1/thumb/v7e-m/fpv4-sp/hard\libgcc.a
LOAD c:/ac6/systemworkbench/plugins/fr.ac6.mcu.externaltools.arm-none.win32_1.16.0.201807130628/tools/compiler/bin/../lib/gcc/arm-none-eabi/7.2.1/../../../../arm-none-eabi/lib/thumb/v7e-m/fpv4-sp/hard\libc_nano.a
END GROUP
START GROUP
LOAD c:/ac6/systemworkbench/plugins/fr.ac6.mcu.externaltools.arm-none.win32_1.16.0.201807130628/tools/compiler/bin/../lib/gcc/arm-none-eabi/7.2.1/thumb/v7e-m/fpv4-sp/hard\libgcc.a
LOAD c:/ac6/systemworkbench/plugins/fr.ac6.mcu.externaltools.arm-none.win32_1.16.0.201807130628/tools/compiler/bin/../lib/gcc/arm-none-eabi/7.2.1/../../../../arm-none-eabi/lib/thumb/v7e-m/fpv4-sp/hard\libc_nano.a
LOAD c:/ac6/systemworkbench/plugins/fr.ac6.mcu.externaltools.arm-none.win32_1.16.0.201807130628/tools/compiler/bin/../lib/gcc/arm-none-eabi/7.2.1/../../../../arm-none-eabi/lib/thumb/v7e-m/fpv4-sp/hard\libnosys.a
END GROUP
START GROUP
LOAD c:/ac6/systemworkbench/plugins/fr.ac6.mcu.externaltools.arm-none.win32_1.16.0.201807130628/tools/compiler/bin/../lib/gcc/arm-none-eabi/7.2.1/thumb/v7e-m/fpv4-sp/hard\libgcc.a
LOAD c:/ac6/systemworkbench/plugins/fr.ac6.mcu.externaltools.arm-none.win32_1.16.0.201807130628/tools/compiler/bin/../lib/gcc/arm-none-eabi/7.2.1/../../../../arm-none-eabi/lib/thumb/v7e-m/fpv4-sp/hard\libc_nano.a
LOAD c:/ac6/systemworkbench/plugins/fr.ac6.mcu.externaltools.arm-none.win32_1.16.0.201807130628/tools/compiler/bin/../lib/gcc/arm-none-eabi/7.2.1/../../../../arm-none-eabi/lib/thumb/v7e-m/fpv4-sp/hard\libnosys.a
END GROUP
LOAD c:/ac6/systemworkbench/plugins/fr.ac6.mcu.externaltools.arm-none.win32_1.16.0.201807130628/tools/compiler/bin/../lib/gcc/arm-none-eabi/7.2.1/thumb/v7e-m/fpv4-sp/hard/crtend.o
LOAD c:/ac6/systemworkbench/plugins/fr.ac6.mcu.externaltools.arm-none.win32_1.16.0.201807130628/tools/compiler/bin/../lib/gcc/arm-none-eabi/7.2.1/thumb/v7e-m/fpv4-sp/hard/crtn.o
                0x20040000                _estack = 0x20040000
                0x00000200                _Min_Heap_Size = 0x200
                0x00000400                _Min_Stack_Size = 0x400

.isr_vector     0x08000000      0x1e0
                0x08000000                . = ALIGN (0x4)
 *(.isr_vector)
 .isr_vector    0x08000000      0x1e0 startup/startup_stm32f732xx.o
                0x08000000                g_pfnVectors
                0x080001e0                . = ALIGN (0x4)

.text           0x080001e0     0x3ec4
                0x080001e0                . = ALIGN (0x4)
 *(.text)
 .text          0x080001e0       0x40 c:/ac6/systemworkbench/plugins/fr.ac6.mcu.externaltools.arm-none.win32_1.16.0.201807130628/tools/compiler/bin/../lib/gcc/arm-none-eabi/7.2.1/thumb/v7e-m/fpv4-sp/hard/crtbegin.o
 .text          0x08000220      0x378 c:/ac6/systemworkbench/plugins/fr.ac6.mcu.externaltools.arm-none.win32_1.16.0.201807130628/tools/compiler/bin/../lib/gcc/arm-none-eabi/7.2.1/thumb/v7e-m/fpv4-sp/hard\libgcc.a(_arm_addsubdf3.o)
                0x08000220                __aeabi_drsub
                0x08000228                __aeabi_dsub
                0x08000228                __subdf3
                0x0800022c                __aeabi_dadd
                0x0800022c                __adddf3
                0x080004a4                __floatunsidf
                0x080004a4                __aeabi_ui2d
                0x080004c4                __floatsidf
                0x080004c4                __aeabi_i2d
                0x080004e8                __aeabi_f2d
                0x080004e8                __extendsfdf2
                0x0800052c                __floatundidf
                0x0800052c                __aeabi_ul2d
                0x0800053c                __floatdidf
                0x0800053c                __aeabi_l2d
 .text          0x08000598      0x424 c:/ac6/systemworkbench/plugins/fr.ac6.mcu.externaltools.arm-none.win32_1.16.0.201807130628/tools/compiler/bin/../lib/gcc/arm-none-eabi/7.2.1/thumb/v7e-m/fpv4-sp/hard\libgcc.a(_arm_muldivdf3.o)
                0x08000598                __aeabi_dmul
                0x08000598                __muldf3
                0x080007ec                __divdf3
                0x080007ec                __aeabi_ddiv
 .text          0x080009bc      0x110 c:/ac6/systemworkbench/plugins/fr.ac6.mcu.externaltools.arm-none.win32_1.16.0.201807130628/tools/compiler/bin/../lib/gcc/arm-none-eabi/7.2.1/thumb/v7e-m/fpv4-sp/hard\libgcc.a(_arm_cmpdf2.o)
                0x080009bc                __gtdf2
                0x080009bc                __gedf2
                0x080009c4                __ltdf2
                0x080009c4                __ledf2
                0x080009cc                __nedf2
                0x080009cc                __eqdf2
                0x080009cc                __cmpdf2
                0x08000a48                __aeabi_cdrcmple
                0x08000a58                __aeabi_cdcmpeq
                0x08000a58                __aeabi_cdcmple
                0x08000a68                __aeabi_dcmpeq
                0x08000a7c                __aeabi_dcmplt
                0x08000a90                __aeabi_dcmple
                0x08000aa4                __aeabi_dcmpge
                0x08000ab8                __aeabi_dcmpgt
 .text          0x08000acc       0x40 c:/ac6/systemworkbench/plugins/fr.ac6.mcu.externaltools.arm-none.win32_1.16.0.201807130628/tools/compiler/bin/../lib/gcc/arm-none-eabi/7.2.1/thumb/v7e-m/fpv4-sp/hard\libgcc.a(_arm_fixunsdfsi.o)
                0x08000acc                __aeabi_d2uiz
                0x08000acc                __fixunsdfsi
 .text          0x08000b0c       0x30 c:/ac6/systemworkbench/plugins/fr.ac6.mcu.externaltools.arm-none.win32_1.16.0.201807130628/tools/compiler/bin/../lib/gcc/arm-none-eabi/7.2.1/thumb/v7e-m/fpv4-sp/hard\libgcc.a(_aeabi_uldivmod.o)
                0x08000b0c                __aeabi_uldivmod
 .text          0x08000b3c      0x2cc c:/ac6/systemworkbench/plugins/fr.ac6.mcu.externaltools.arm-none.win32_1.16.0.201807130628/tools/compiler/bin/../lib/gcc/arm-none-eabi/7.2.1/thumb/v7e-m/fpv4-sp/hard\libgcc.a(_udivmoddi4.o)
                0x08000b3c                __udivmoddi4
 .text          0x08000e08        0x4 c:/ac6/systemworkbench/plugins/fr.ac6.mcu.externaltools.arm-none.win32_1.16.0.201807130628/tools/compiler/bin/../lib/gcc/arm-none-eabi/7.2.1/thumb/v7e-m/fpv4-sp/hard\libgcc.a(_dvmd_tls.o)
                0x08000e08                __aeabi_idiv0
                0x08000e08                __aeabi_ldiv0
 *(.text*)
 .text.HAL_Init
                0x08000e0c       0x16 Drivers/STM32F7xx_HAL_Driver/Src/stm32f7xx_hal.o
                0x08000e0c                HAL_Init
 *fill*         0x08000e22        0x2 
 .text.HAL_IncTick
                0x08000e24       0x18 Drivers/STM32F7xx_HAL_Driver/Src/stm32f7xx_hal.o
                0x08000e24                HAL_IncTick
 .text.HAL_GetTick
                0x08000e3c        0xc Drivers/STM32F7xx_HAL_Driver/Src/stm32f7xx_hal.o
                0x08000e3c                HAL_GetTick
 .text.ADC_Init
                0x08000e48      0x134 Drivers/STM32F7xx_HAL_Driver/Src/stm32f7xx_hal_adc.o
 .text.HAL_ADC_Init
                0x08000f7c       0x58 Drivers/STM32F7xx_HAL_Driver/Src/stm32f7xx_hal_adc.o
                0x08000f7c                HAL_ADC_Init
 .text.HAL_ADC_Start
                0x08000fd4      0x124 Drivers/STM32F7xx_HAL_Driver/Src/stm32f7xx_hal_adc.o
                0x08000fd4                HAL_ADC_Start
 .text.HAL_ADC_PollForConversion
                0x080010f8       0xb6 Drivers/STM32F7xx_HAL_Driver/Src/stm32f7xx_hal_adc.o
                0x080010f8                HAL_ADC_PollForConversion
 .text.HAL_ADC_GetValue
                0x080011ae        0x6 Drivers/STM32F7xx_HAL_Driver/Src/stm32f7xx_hal_adc.o
                0x080011ae                HAL_ADC_GetValue
 .text.HAL_ADC_ConfigChannel
                0x080011b4      0x1ac Drivers/STM32F7xx_HAL_Driver/Src/stm32f7xx_hal_adc.o
                0x080011b4                HAL_ADC_ConfigChannel
 .text.HAL_NVIC_SetPriorityGrouping
                0x08001360       0x24 Drivers/STM32F7xx_HAL_Driver/Src/stm32f7xx_hal_cortex.o
                0x08001360                HAL_NVIC_SetPriorityGrouping
 .text.HAL_NVIC_SetPriority
                0x08001384       0x64 Drivers/STM32F7xx_HAL_Driver/Src/stm32f7xx_hal_cortex.o
                0x08001384                HAL_NVIC_SetPriority
 .text.HAL_NVIC_EnableIRQ
                0x080013e8       0x1c Drivers/STM32F7xx_HAL_Driver/Src/stm32f7xx_hal_cortex.o
                0x080013e8                HAL_NVIC_EnableIRQ
 .text.HAL_GPIO_Init
                0x08001404      0x1c8 Drivers/STM32F7xx_HAL_Driver/Src/stm32f7xx_hal_gpio.o
                0x08001404                HAL_GPIO_Init
 .text.HAL_GPIO_WritePin
                0x080015cc        0xc Drivers/STM32F7xx_HAL_Driver/Src/stm32f7xx_hal_gpio.o
                0x080015cc                HAL_GPIO_WritePin
 .text.HAL_GPIO_TogglePin
                0x080015d8       0x12 Drivers/STM32F7xx_HAL_Driver/Src/stm32f7xx_hal_gpio.o
                0x080015d8                HAL_GPIO_TogglePin
 *fill*         0x080015ea        0x2 
 .text.HAL_PWR_EnableBkUpAccess
                0x080015ec       0x10 Drivers/STM32F7xx_HAL_Driver/Src/stm32f7xx_hal_pwr.o
                0x080015ec                HAL_PWR_EnableBkUpAccess
 .text.HAL_PWREx_EnableOverDrive
                0x080015fc       0x7c Drivers/STM32F7xx_HAL_Driver/Src/stm32f7xx_hal_pwr_ex.o
                0x080015fc                HAL_PWREx_EnableOverDrive
 .text.HAL_RCC_OscConfig
                0x08001678      0x3d4 Drivers/STM32F7xx_HAL_Driver/Src/stm32f7xx_hal_rcc.o
                0x08001678                HAL_RCC_OscConfig
 .text.HAL_RCC_GetSysClockFreq
                0x08001a4c       0xd8 Drivers/STM32F7xx_HAL_Driver/Src/stm32f7xx_hal_rcc.o
                0x08001a4c                HAL_RCC_GetSysClockFreq
 .text.HAL_RCC_ClockConfig
                0x08001b24      0x164 Drivers/STM32F7xx_HAL_Driver/Src/stm32f7xx_hal_rcc.o
                0x08001b24                HAL_RCC_ClockConfig
 .text.HAL_RCC_GetHCLKFreq
                0x08001c88        0xc Drivers/STM32F7xx_HAL_Driver/Src/stm32f7xx_hal_rcc.o
                0x08001c88                HAL_RCC_GetHCLKFreq
 .text.HAL_RCC_GetPCLK2Freq
                0x08001c94       0x20 Drivers/STM32F7xx_HAL_Driver/Src/stm32f7xx_hal_rcc.o
                0x08001c94                HAL_RCC_GetPCLK2Freq
 .text.HAL_RCC_GetClockConfig
                0x08001cb4       0x3c Drivers/STM32F7xx_HAL_Driver/Src/stm32f7xx_hal_rcc.o
                0x08001cb4                HAL_RCC_GetClockConfig
 .text.HAL_RCCEx_PeriphCLKConfig
                0x08001cf0      0x4e8 Drivers/STM32F7xx_HAL_Driver/Src/stm32f7xx_hal_rcc_ex.o
                0x08001cf0                HAL_RCCEx_PeriphCLKConfig
 .text.HAL_TIM_Base_MspInit
                0x080021d8        0x2 Drivers/STM32F7xx_HAL_Driver/Src/stm32f7xx_hal_tim.o
                0x080021d8                HAL_TIM_Base_MspInit
 *fill*         0x080021da        0x2 
 .text.HAL_TIM_Base_Start_IT
                0x080021dc       0x2c Drivers/STM32F7xx_HAL_Driver/Src/stm32f7xx_hal_tim.o
                0x080021dc                HAL_TIM_Base_Start_IT
 .text.HAL_TIM_OC_DelayElapsedCallback
                0x08002208        0x2 Drivers/STM32F7xx_HAL_Driver/Src/stm32f7xx_hal_tim.o
                0x08002208                HAL_TIM_OC_DelayElapsedCallback
 .text.HAL_TIM_IC_CaptureCallback
                0x0800220a        0x2 Drivers/STM32F7xx_HAL_Driver/Src/stm32f7xx_hal_tim.o
                0x0800220a                HAL_TIM_IC_CaptureCallback
 .text.HAL_TIM_PWM_PulseFinishedCallback
                0x0800220c        0x2 Drivers/STM32F7xx_HAL_Driver/Src/stm32f7xx_hal_tim.o
                0x0800220c                HAL_TIM_PWM_PulseFinishedCallback
 .text.HAL_TIM_TriggerCallback
                0x0800220e        0x2 Drivers/STM32F7xx_HAL_Driver/Src/stm32f7xx_hal_tim.o
                0x0800220e                HAL_TIM_TriggerCallback
 .text.HAL_TIM_IRQHandler
                0x08002210      0x19a Drivers/STM32F7xx_HAL_Driver/Src/stm32f7xx_hal_tim.o
                0x08002210                HAL_TIM_IRQHandler
 *fill*         0x080023aa        0x2 
 .text.TIM_Base_SetConfig
                0x080023ac      0x10c Drivers/STM32F7xx_HAL_Driver/Src/stm32f7xx_hal_tim.o
                0x080023ac                TIM_Base_SetConfig
 .text.HAL_TIM_Base_Init
                0x080024b8       0x32 Drivers/STM32F7xx_HAL_Driver/Src/stm32f7xx_hal_tim.o
                0x080024b8                HAL_TIM_Base_Init
 .text.HAL_TIMEx_CommutCallback
                0x080024ea        0x2 Drivers/STM32F7xx_HAL_Driver/Src/stm32f7xx_hal_tim_ex.o
                0x080024ea                HAL_TIMEx_CommutCallback
 .text.HAL_TIMEx_BreakCallback
                0x080024ec        0x2 Drivers/STM32F7xx_HAL_Driver/Src/stm32f7xx_hal_tim_ex.o
                0x080024ec                HAL_TIMEx_BreakCallback
 .text.HAL_TIMEx_Break2Callback
                0x080024ee        0x2 Drivers/STM32F7xx_HAL_Driver/Src/stm32f7xx_hal_tim_ex.o
                0x080024ee                HAL_TIMEx_Break2Callback
 .text.makeFreeRtosPriority
                0x080024f0        0xc Middlewares/Third_Party/FreeRTOS/Source/CMSIS_RTOS/cmsis_os.o
 .text.osKernelStart
                0x080024fc        0xa Middlewares/Third_Party/FreeRTOS/Source/CMSIS_RTOS/cmsis_os.o
                0x080024fc                osKernelStart
 .text.osThreadCreate
                0x08002506       0x6c Middlewares/Third_Party/FreeRTOS/Source/CMSIS_RTOS/cmsis_os.o
                0x08002506                osThreadCreate
 .text.osDelay  0x08002572       0x12 Middlewares/Third_Party/FreeRTOS/Source/CMSIS_RTOS/cmsis_os.o
                0x08002572                osDelay
 .text.vListInitialise
                0x08002584       0x16 Middlewares/Third_Party/FreeRTOS/Source/list.o
                0x08002584                vListInitialise
 .text.vListInitialiseItem
                0x0800259a        0x6 Middlewares/Third_Party/FreeRTOS/Source/list.o
                0x0800259a                vListInitialiseItem
 .text.vListInsertEnd
                0x080025a0       0x18 Middlewares/Third_Party/FreeRTOS/Source/list.o
                0x080025a0                vListInsertEnd
 .text.vListInsert
                0x080025b8       0x34 Middlewares/Third_Party/FreeRTOS/Source/list.o
                0x080025b8                vListInsert
 .text.uxListRemove
                0x080025ec       0x28 Middlewares/Third_Party/FreeRTOS/Source/list.o
                0x080025ec                uxListRemove
 .text.prvResetNextTaskUnblockTime
                0x08002614       0x24 Middlewares/Third_Party/FreeRTOS/Source/tasks.o
 .text.prvInitialiseNewTask
                0x08002638       0x80 Middlewares/Third_Party/FreeRTOS/Source/tasks.o
 .text.prvInitialiseTaskLists
                0x080026b8       0x58 Middlewares/Third_Party/FreeRTOS/Source/tasks.o
 .text.prvAddNewTaskToReadyList
                0x08002710       0xac Middlewares/Third_Party/FreeRTOS/Source/tasks.o
 .text.prvDeleteTCB
                0x080027bc       0x3c Middlewares/Third_Party/FreeRTOS/Source/tasks.o
 .text.prvCheckTasksWaitingTermination
                0x080027f8       0x44 Middlewares/Third_Party/FreeRTOS/Source/tasks.o
 .text.prvIdleTask
                0x0800283c       0x28 Middlewares/Third_Party/FreeRTOS/Source/tasks.o
 .text.prvAddCurrentTaskToDelayedList
                0x08002864       0x90 Middlewares/Third_Party/FreeRTOS/Source/tasks.o
 .text.xTaskCreateStatic
                0x080028f4       0x7e Middlewares/Third_Party/FreeRTOS/Source/tasks.o
                0x080028f4                xTaskCreateStatic
 .text.xTaskCreate
                0x08002972       0x66 Middlewares/Third_Party/FreeRTOS/Source/tasks.o
                0x08002972                xTaskCreate
 .text.vTaskStartScheduler
                0x080029d8       0x68 Middlewares/Third_Party/FreeRTOS/Source/tasks.o
                0x080029d8                vTaskStartScheduler
 .text.vTaskSuspendAll
                0x08002a40       0x14 Middlewares/Third_Party/FreeRTOS/Source/tasks.o
                0x08002a40                vTaskSuspendAll
 .text.xTaskIncrementTick
                0x08002a54      0x110 Middlewares/Third_Party/FreeRTOS/Source/tasks.o
                0x08002a54                xTaskIncrementTick
 .text.xTaskResumeAll
                0x08002b64       0xf4 Middlewares/Third_Party/FreeRTOS/Source/tasks.o
                0x08002b64                xTaskResumeAll
 .text.vTaskDelay
                0x08002c58       0x50 Middlewares/Third_Party/FreeRTOS/Source/tasks.o
                0x08002c58                vTaskDelay
 .text.vTaskSwitchContext
                0x08002ca8       0x94 Middlewares/Third_Party/FreeRTOS/Source/tasks.o
                0x08002ca8                vTaskSwitchContext
 .text.prvTaskExitError
                0x08002d3c       0x48 Middlewares/Third_Party/FreeRTOS/Source/portable/GCC/ARM_CM7/r0p1/port.o
 .text.prvPortStartFirstTask
                0x08002d84       0x28 Middlewares/Third_Party/FreeRTOS/Source/portable/GCC/ARM_CM7/r0p1/port.o
 .text.vPortEnableVFP
                0x08002dac       0x14 Middlewares/Third_Party/FreeRTOS/Source/portable/GCC/ARM_CM7/r0p1/port.o
 .text.pxPortInitialiseStack
                0x08002dc0       0x2c Middlewares/Third_Party/FreeRTOS/Source/portable/GCC/ARM_CM7/r0p1/port.o
                0x08002dc0                pxPortInitialiseStack
 *fill*         0x08002dec        0x4 
 .text.SVC_Handler
                0x08002df0       0x24 Middlewares/Third_Party/FreeRTOS/Source/portable/GCC/ARM_CM7/r0p1/port.o
                0x08002df0                SVC_Handler
 .text.vPortEnterCritical
                0x08002e14       0x4c Middlewares/Third_Party/FreeRTOS/Source/portable/GCC/ARM_CM7/r0p1/port.o
                0x08002e14                vPortEnterCritical
 .text.vPortExitCritical
                0x08002e60       0x30 Middlewares/Third_Party/FreeRTOS/Source/portable/GCC/ARM_CM7/r0p1/port.o
                0x08002e60                vPortExitCritical
 .text.PendSV_Handler
                0x08002e90       0x64 Middlewares/Third_Party/FreeRTOS/Source/portable/GCC/ARM_CM7/r0p1/port.o
                0x08002e90                PendSV_Handler
 .text.SysTick_Handler
                0x08002ef4       0x30 Middlewares/Third_Party/FreeRTOS/Source/portable/GCC/ARM_CM7/r0p1/port.o
                0x08002ef4                SysTick_Handler
 .text.vPortSetupTimerInterrupt
                0x08002f24       0x38 Middlewares/Third_Party/FreeRTOS/Source/portable/GCC/ARM_CM7/r0p1/port.o
                0x08002f24                vPortSetupTimerInterrupt
 .text.xPortStartScheduler
                0x08002f5c       0xc8 Middlewares/Third_Party/FreeRTOS/Source/portable/GCC/ARM_CM7/r0p1/port.o
                0x08002f5c                xPortStartScheduler
 .text.prvHeapInit
                0x08003024       0x4c Middlewares/Third_Party/FreeRTOS/Source/portable/MemMang/heap_4.o
 .text.prvInsertBlockIntoFreeList
                0x08003070       0x54 Middlewares/Third_Party/FreeRTOS/Source/portable/MemMang/heap_4.o
 .text.pvPortMalloc
                0x080030c4      0x100 Middlewares/Third_Party/FreeRTOS/Source/portable/MemMang/heap_4.o
                0x080030c4                pvPortMalloc
 .text.vPortFree
                0x080031c4       0x74 Middlewares/Third_Party/FreeRTOS/Source/portable/MemMang/heap_4.o
                0x080031c4                vPortFree
 .text.InitDisplay2raw
                0x08003238       0x54 Src/Display_2raw.o
                0x08003238                InitDisplay2raw
 .text.SetDisplay_VoltageD
                0x0800328c       0xd8 Src/Display_2raw.o
                0x0800328c                SetDisplay_VoltageD
 .text.SetDisplay_CurrentD
                0x08003364       0xc0 Src/Display_2raw.o
                0x08003364                SetDisplay_CurrentD
 .text.LCD_delay_us
                0x08003424        0x8 Src/Display_2raw.o
                0x08003424                LCD_delay_us
 .text.SetCommand
                0x0800342c       0x70 Src/Display_2raw.o
                0x0800342c                SetCommand
 .text.WriteData
                0x0800349c       0x7c Src/Display_2raw.o
                0x0800349c                WriteData
 .text.IsBusy   0x08003518       0x64 Src/Display_2raw.o
                0x08003518                IsBusy
 .text.Dispaly2raw_task
                0x0800357c      0x248 Src/Display_2raw.o
                0x0800357c                Dispaly2raw_task
 .text.DWT_Init
                0x080037c4       0x2c Src/dwt_delay.o
                0x080037c4                DWT_Init
 .text.DWT_Delay
                0x080037f0       0x2c Src/dwt_delay.o
                0x080037f0                DWT_Delay
 .text.vApplicationGetIdleTaskMemory
                0x0800381c       0x14 Src/freertos.o
                0x0800381c                vApplicationGetIdleTaskMemory
 .text.StartDefaultTask
                0x08003830      0x138 Src/main.o
                0x08003830                StartDefaultTask
 .text.SystemClock_Config
                0x08003968       0xc8 Src/main.o
                0x08003968                SystemClock_Config
 .text.MX_ADC1_Init
                0x08003a30       0x5c Src/main.o
                0x08003a30                MX_ADC1_Init
 .text.MX_ADC2_Init
                0x08003a8c       0x5c Src/main.o
                0x08003a8c                MX_ADC2_Init
 .text.MX_ADC3_Init
                0x08003ae8       0x5c Src/main.o
                0x08003ae8                MX_ADC3_Init
 .text.MX_GPIO_Init
                0x08003b44       0xfc Src/main.o
                0x08003b44                MX_GPIO_Init
 .text.main     0x08003c40       0x48 Src/main.o
                0x08003c40                main
 .text.HAL_TIM_PeriodElapsedCallback
                0x08003c88       0x18 Src/main.o
                0x08003c88                HAL_TIM_PeriodElapsedCallback
 .text.Convert_to_Voltage
                0x08003ca0       0x2c Src/processing.o
                0x08003ca0                Convert_to_Voltage
 *fill*         0x08003ccc        0x4 
 .text.ADC_to_Physical_VoltageDivider
                0x08003cd0       0x70 Src/processing.o
                0x08003cd0                ADC_to_Physical_VoltageDivider
 .text.ADC_to_PhysicalIntrumentationAmplifier
                0x08003d40       0x88 Src/processing.o
                0x08003d40                ADC_to_PhysicalIntrumentationAmplifier
 .text.HAL_MspInit
                0x08003dc8       0x40 Src/stm32f7xx_hal_msp.o
                0x08003dc8                HAL_MspInit
 .text.HAL_ADC_MspInit
                0x08003e08       0xe8 Src/stm32f7xx_hal_msp.o
                0x08003e08                HAL_ADC_MspInit
 .text.HAL_InitTick
                0x08003ef0       0x7c Src/stm32f7xx_hal_timebase_tim.o
                0x08003ef0                HAL_InitTick
 .text.NMI_Handler
                0x08003f6c        0x2 Src/stm32f7xx_it.o
                0x08003f6c                NMI_Handler
 .text.HardFault_Handler
                0x08003f6e        0x2 Src/stm32f7xx_it.o
                0x08003f6e                HardFault_Handler
 .text.MemManage_Handler
                0x08003f70        0x2 Src/stm32f7xx_it.o
                0x08003f70                MemManage_Handler
 .text.BusFault_Handler
                0x08003f72        0x2 Src/stm32f7xx_it.o
                0x08003f72                BusFault_Handler
 .text.UsageFault_Handler
                0x08003f74        0x2 Src/stm32f7xx_it.o
                0x08003f74                UsageFault_Handler
 .text.DebugMon_Handler
                0x08003f76        0x2 Src/stm32f7xx_it.o
                0x08003f76                DebugMon_Handler
 .text.TIM1_UP_TIM10_IRQHandler
                0x08003f78       0x18 Src/stm32f7xx_it.o
                0x08003f78                TIM1_UP_TIM10_IRQHandler
 .text.SystemInit
                0x08003f90       0x50 Src/system_stm32f7xx.o
                0x08003f90                SystemInit
 .text.Reset_Handler
                0x08003fe0       0x50 startup/startup_stm32f732xx.o
                0x08003fe0                Reset_Handler
 .text.Default_Handler
                0x08004030        0x2 startup/startup_stm32f732xx.o
                0x08004030                RTC_Alarm_IRQHandler
                0x08004030                EXTI2_IRQHandler
                0x08004030                TIM8_CC_IRQHandler
                0x08004030                UART8_IRQHandler
                0x08004030                SPI4_IRQHandler
                0x08004030                TIM1_CC_IRQHandler
                0x08004030                DMA2_Stream5_IRQHandler
                0x08004030                DMA1_Stream5_IRQHandler
                0x08004030                PVD_IRQHandler
                0x08004030                TAMP_STAMP_IRQHandler
                0x08004030                EXTI3_IRQHandler
                0x08004030                TIM8_TRG_COM_TIM14_IRQHandler
                0x08004030                TIM8_UP_TIM13_IRQHandler
                0x08004030                I2C3_ER_IRQHandler
                0x08004030                EXTI0_IRQHandler
                0x08004030                I2C2_EV_IRQHandler
                0x08004030                DMA1_Stream2_IRQHandler
                0x08004030                CAN1_RX0_IRQHandler
                0x08004030                FPU_IRQHandler
                0x08004030                OTG_HS_WKUP_IRQHandler
                0x08004030                DMA2_Stream2_IRQHandler
                0x08004030                SPI1_IRQHandler
                0x08004030                TIM6_DAC_IRQHandler
                0x08004030                TIM1_BRK_TIM9_IRQHandler
                0x08004030                DMA2_Stream3_IRQHandler
                0x08004030                SAI2_IRQHandler
                0x08004030                USART6_IRQHandler
                0x08004030                USART3_IRQHandler
                0x08004030                CAN1_RX1_IRQHandler
                0x08004030                UART5_IRQHandler
                0x08004030                DMA2_Stream0_IRQHandler
                0x08004030                TIM4_IRQHandler
                0x08004030                QUADSPI_IRQHandler
                0x08004030                I2C1_EV_IRQHandler
                0x08004030                DMA1_Stream6_IRQHandler
                0x08004030                DMA1_Stream1_IRQHandler
                0x08004030                UART4_IRQHandler
                0x08004030                TIM3_IRQHandler
                0x08004030                RCC_IRQHandler
                0x08004030                TIM8_BRK_TIM12_IRQHandler
                0x08004030                Default_Handler
                0x08004030                EXTI15_10_IRQHandler
                0x08004030                ADC_IRQHandler
                0x08004030                DMA1_Stream7_IRQHandler
                0x08004030                SPI5_IRQHandler
                0x08004030                TIM7_IRQHandler
                0x08004030                SDMMC1_IRQHandler
                0x08004030                TIM5_IRQHandler
                0x08004030                DMA2_Stream7_IRQHandler
                0x08004030                I2C3_EV_IRQHandler
                0x08004030                EXTI9_5_IRQHandler
                0x08004030                RTC_WKUP_IRQHandler
                0x08004030                SPI2_IRQHandler
                0x08004030                OTG_HS_EP1_IN_IRQHandler
                0x08004030                DMA1_Stream0_IRQHandler
                0x08004030                CAN1_TX_IRQHandler
                0x08004030                EXTI4_IRQHandler
                0x08004030                RNG_IRQHandler
                0x08004030                OTG_HS_EP1_OUT_IRQHandler
                0x08004030                WWDG_IRQHandler
                0x08004030                TIM2_IRQHandler
                0x08004030                OTG_FS_WKUP_IRQHandler
                0x08004030                TIM1_TRG_COM_TIM11_IRQHandler
                0x08004030                OTG_HS_IRQHandler
                0x08004030                EXTI1_IRQHandler
                0x08004030                SDMMC2_IRQHandler
                0x08004030                AES_IRQHandler
                0x08004030                UART7_IRQHandler
                0x08004030                USART2_IRQHandler
                0x08004030                I2C2_ER_IRQHandler
                0x08004030                DMA2_Stream1_IRQHandler
                0x08004030                CAN1_SCE_IRQHandler
                0x08004030                FLASH_IRQHandler
                0x08004030                DMA2_Stream4_IRQHandler
                0x08004030                USART1_IRQHandler
                0x08004030                OTG_FS_IRQHandler
                0x08004030                SPI3_IRQHandler
                0x08004030                DMA1_Stream4_IRQHandler
                0x08004030                I2C1_ER_IRQHandler
                0x08004030                FMC_IRQHandler
                0x08004030                LPTIM1_IRQHandler
                0x08004030                DMA2_Stream6_IRQHandler
                0x08004030                SAI1_IRQHandler
                0x08004030                DMA1_Stream3_IRQHandler
 *fill*         0x08004032        0x2 
 .text.__libc_init_array
                0x08004034       0x48 c:/ac6/systemworkbench/plugins/fr.ac6.mcu.externaltools.arm-none.win32_1.16.0.201807130628/tools/compiler/bin/../lib/gcc/arm-none-eabi/7.2.1/../../../../arm-none-eabi/lib/thumb/v7e-m/fpv4-sp/hard\libc_nano.a(lib_a-init.o)
                0x08004034                __libc_init_array
 .text.memset   0x0800407c       0x10 c:/ac6/systemworkbench/plugins/fr.ac6.mcu.externaltools.arm-none.win32_1.16.0.201807130628/tools/compiler/bin/../lib/gcc/arm-none-eabi/7.2.1/../../../../arm-none-eabi/lib/thumb/v7e-m/fpv4-sp/hard\libc_nano.a(lib_a-memset.o)
                0x0800407c                memset
 *(.glue_7)
 .glue_7        0x0800408c        0x0 linker stubs
 *(.glue_7t)
 .glue_7t       0x0800408c        0x0 linker stubs
 *(.eh_frame)
 .eh_frame      0x0800408c        0x0 c:/ac6/systemworkbench/plugins/fr.ac6.mcu.externaltools.arm-none.win32_1.16.0.201807130628/tools/compiler/bin/../lib/gcc/arm-none-eabi/7.2.1/thumb/v7e-m/fpv4-sp/hard/crtbegin.o
 *(.init)
 .init          0x0800408c        0x4 c:/ac6/systemworkbench/plugins/fr.ac6.mcu.externaltools.arm-none.win32_1.16.0.201807130628/tools/compiler/bin/../lib/gcc/arm-none-eabi/7.2.1/thumb/v7e-m/fpv4-sp/hard/crti.o
                0x0800408c                _init
 .init          0x08004090        0x8 c:/ac6/systemworkbench/plugins/fr.ac6.mcu.externaltools.arm-none.win32_1.16.0.201807130628/tools/compiler/bin/../lib/gcc/arm-none-eabi/7.2.1/thumb/v7e-m/fpv4-sp/hard/crtn.o
 *(.fini)
 .fini          0x08004098        0x4 c:/ac6/systemworkbench/plugins/fr.ac6.mcu.externaltools.arm-none.win32_1.16.0.201807130628/tools/compiler/bin/../lib/gcc/arm-none-eabi/7.2.1/thumb/v7e-m/fpv4-sp/hard/crti.o
                0x08004098                _fini
 .fini          0x0800409c        0x8 c:/ac6/systemworkbench/plugins/fr.ac6.mcu.externaltools.arm-none.win32_1.16.0.201807130628/tools/compiler/bin/../lib/gcc/arm-none-eabi/7.2.1/thumb/v7e-m/fpv4-sp/hard/crtn.o
                0x080040a4                . = ALIGN (0x4)
                0x080040a4                _etext = .

.vfp11_veneer   0x080040a4        0x0
 .vfp11_veneer  0x080040a4        0x0 linker stubs

.v4_bx          0x080040a4        0x0
 .v4_bx         0x080040a4        0x0 linker stubs

.iplt           0x080040a4        0x0
 .iplt          0x080040a4        0x0 c:/ac6/systemworkbench/plugins/fr.ac6.mcu.externaltools.arm-none.win32_1.16.0.201807130628/tools/compiler/bin/../lib/gcc/arm-none-eabi/7.2.1/thumb/v7e-m/fpv4-sp/hard/crtbegin.o

.rodata         0x080040a4       0x58
                0x080040a4                . = ALIGN (0x4)
 *(.rodata)
 .rodata        0x080040a4       0x2c Src/main.o
 .rodata        0x080040d0       0x18 Src/system_stm32f7xx.o
                0x080040d0                AHBPrescTable
                0x080040e0                APBPrescTable
 *(.rodata*)
 .rodata.str1.4
                0x080040e8        0x5 Middlewares/Third_Party/FreeRTOS/Source/tasks.o
 *fill*         0x080040ed        0x3 
 .rodata.str1.4
                0x080040f0        0xc Src/main.o
                0x080040fc                . = ALIGN (0x4)

.ARM.extab
 *(.ARM.extab* .gnu.linkonce.armextab.*)

.ARM            0x080040fc        0x8
                0x080040fc                __exidx_start = .
 *(.ARM.exidx*)
 .ARM.exidx     0x080040fc        0x8 c:/ac6/systemworkbench/plugins/fr.ac6.mcu.externaltools.arm-none.win32_1.16.0.201807130628/tools/compiler/bin/../lib/gcc/arm-none-eabi/7.2.1/thumb/v7e-m/fpv4-sp/hard\libgcc.a(_udivmoddi4.o)
                0x08004104                __exidx_end = .

.rel.dyn        0x08004104        0x0
 .rel.iplt      0x08004104        0x0 c:/ac6/systemworkbench/plugins/fr.ac6.mcu.externaltools.arm-none.win32_1.16.0.201807130628/tools/compiler/bin/../lib/gcc/arm-none-eabi/7.2.1/thumb/v7e-m/fpv4-sp/hard/crtbegin.o

.preinit_array  0x08004104        0x0
                0x08004104                PROVIDE (__preinit_array_start, .)
 *(.preinit_array*)
                0x08004104                PROVIDE (__preinit_array_end, .)

.init_array     0x08004104        0x4
                0x08004104                PROVIDE (__init_array_start, .)
 *(SORT_BY_NAME(.init_array.*))
 *(.init_array*)
 .init_array    0x08004104        0x4 c:/ac6/systemworkbench/plugins/fr.ac6.mcu.externaltools.arm-none.win32_1.16.0.201807130628/tools/compiler/bin/../lib/gcc/arm-none-eabi/7.2.1/thumb/v7e-m/fpv4-sp/hard/crtbegin.o
                0x08004108                PROVIDE (__init_array_end, .)

.fini_array     0x08004108        0x4
                [!provide]                PROVIDE (__fini_array_start, .)
 *(SORT_BY_NAME(.fini_array.*))
 *(.fini_array*)
 .fini_array    0x08004108        0x4 c:/ac6/systemworkbench/plugins/fr.ac6.mcu.externaltools.arm-none.win32_1.16.0.201807130628/tools/compiler/bin/../lib/gcc/arm-none-eabi/7.2.1/thumb/v7e-m/fpv4-sp/hard/crtbegin.o
                [!provide]                PROVIDE (__fini_array_end, .)
                0x0800410c                _sidata = LOADADDR (.data)

.data           0x20000000       0x30 load address 0x0800410c
                0x20000000                . = ALIGN (0x4)
                0x20000000                _sdata = .
 *(.data)
 .data          0x20000000        0x8 Drivers/STM32F7xx_HAL_Driver/Src/stm32f7xx_hal.o
                0x20000000                uwTickFreq
                0x20000004                uwTickPrio
 .data          0x20000008        0x4 Middlewares/Third_Party/FreeRTOS/Source/portable/GCC/ARM_CM7/r0p1/port.o
 .data          0x2000000c       0x20 Src/Display_2raw.o
                0x2000000c                ubDisplay_buf
                0x2000001c                ubDisplay_buf2
 .data          0x2000002c        0x4 Src/system_stm32f7xx.o
                0x2000002c                SystemCoreClock
 *(.data*)
                0x20000030                . = ALIGN (0x4)
                0x20000030                _edata = .

.igot.plt       0x20000030        0x0 load address 0x0800413c
 .igot.plt      0x20000030        0x0 c:/ac6/systemworkbench/plugins/fr.ac6.mcu.externaltools.arm-none.win32_1.16.0.201807130628/tools/compiler/bin/../lib/gcc/arm-none-eabi/7.2.1/thumb/v7e-m/fpv4-sp/hard/crtbegin.o
                0x20000030                . = ALIGN (0x4)

.bss            0x20000030     0x4568 load address 0x0800413c
                0x20000030                _sbss = .
                0x20000030                __bss_start__ = _sbss
 *(.bss)
 .bss           0x20000030       0x1c c:/ac6/systemworkbench/plugins/fr.ac6.mcu.externaltools.arm-none.win32_1.16.0.201807130628/tools/compiler/bin/../lib/gcc/arm-none-eabi/7.2.1/thumb/v7e-m/fpv4-sp/hard/crtbegin.o
 .bss           0x2000004c      0x128 Middlewares/Third_Party/FreeRTOS/Source/tasks.o
                0x2000014c                pxCurrentTCB
 .bss           0x20000174        0x8 Middlewares/Third_Party/FreeRTOS/Source/portable/GCC/ARM_CM7/r0p1/port.o
 .bss           0x2000017c     0x3c18 Middlewares/Third_Party/FreeRTOS/Source/portable/MemMang/heap_4.o
 .bss           0x20003d94        0x1 Src/Display_2raw.o
                0x20003d94                ub_index
 *fill*         0x20003d95        0x3 
 .bss           0x20003d98      0x254 Src/freertos.o
 *(.bss*)
 *(COMMON)
 COMMON         0x20003fec        0x4 Drivers/STM32F7xx_HAL_Driver/Src/stm32f7xx_hal.o
                0x20003fec                uwTick
 COMMON         0x20003ff0      0x215 Src/Display_2raw.o
                0x20003ff0                ubDispIndex
                0x20003ff1                ubThrdByte
                0x20003ff2                ubNumberINT
                0x20003ff4                ubFirstByte
                0x20003ff5                ub_state_Display2r
                0x20003ff6                uw_currentaddress
                0x20003ff8                uwNumberSecFrac
                0x20003ffa                ub_char
                0x20003ffb                ubFourthByte
                0x20003ffc                ub_log
                0x200041fc                ub_Datawrite
                0x200041fd                ubSecondByte
                0x200041fe                ub_busy
                0x20004200                uwNumberFRC
                0x20004202                uw_counter
                0x20004204                ub_counter_1
 *fill*         0x20004205        0x3 
 COMMON         0x20004208      0x350 Src/main.o
                0x20004208                defaultTaskHandle
                0x2000420c                hadc2
                0x20004254                hiwdg
                0x20004264                hcrc
                0x20004288                d_ADCV2
                0x20004290                htim3
                0x200042d0                hspi3
                0x20004334                ADC_LiniarCurrent
                0x20004338                hadc1
                0x20004380                hadc3
                0x200043c8                huart1
                0x20004448                d_Isense
                0x20004450                hdac
                0x20004464                hrtc
                0x20004488                d_Usense
                0x20004490                htim1
                0x200044d0                hwwdg
                0x200044e4                ADC_LiniarVoltage
                0x200044e8                hrng
                0x200044f8                ui32counter
                0x20004500                d_ADCV1
                0x20004508                hcryp
 COMMON         0x20004558       0x40 Src/stm32f7xx_hal_timebase_tim.o
                0x20004558                htim10
                0x20004598                . = ALIGN (0x4)
                0x20004598                _ebss = .
                0x20004598                __bss_end__ = _ebss

._user_heap_stack
                0x20004598      0x600 load address 0x0800413c
                0x20004598                . = ALIGN (0x8)
                0x20004598                PROVIDE (end, .)
                [!provide]                PROVIDE (_end, .)
                0x20004798                . = (. + _Min_Heap_Size)
 *fill*         0x20004598      0x200 
                0x20004b98                . = (. + _Min_Stack_Size)
 *fill*         0x20004798      0x400 
                0x20004b98                . = ALIGN (0x8)

/DISCARD/
 libc.a(*)
 libm.a(*)
 libgcc.a(*)

.ARM.attributes
                0x00000000       0x30
 *(.ARM.attributes)
 .ARM.attributes
                0x00000000       0x22 c:/ac6/systemworkbench/plugins/fr.ac6.mcu.externaltools.arm-none.win32_1.16.0.201807130628/tools/compiler/bin/../lib/gcc/arm-none-eabi/7.2.1/thumb/v7e-m/fpv4-sp/hard/crti.o
 .ARM.attributes
                0x00000022       0x34 c:/ac6/systemworkbench/plugins/fr.ac6.mcu.externaltools.arm-none.win32_1.16.0.201807130628/tools/compiler/bin/../lib/gcc/arm-none-eabi/7.2.1/thumb/v7e-m/fpv4-sp/hard/crtbegin.o
 .ARM.attributes
                0x00000056       0x39 Drivers/STM32F7xx_HAL_Driver/Src/stm32f7xx_hal.o
 .ARM.attributes
                0x0000008f       0x39 Drivers/STM32F7xx_HAL_Driver/Src/stm32f7xx_hal_adc.o
 .ARM.attributes
                0x000000c8       0x39 Drivers/STM32F7xx_HAL_Driver/Src/stm32f7xx_hal_cortex.o
 .ARM.attributes
                0x00000101       0x39 Drivers/STM32F7xx_HAL_Driver/Src/stm32f7xx_hal_gpio.o
 .ARM.attributes
                0x0000013a       0x39 Drivers/STM32F7xx_HAL_Driver/Src/stm32f7xx_hal_pwr.o
 .ARM.attributes
                0x00000173       0x39 Drivers/STM32F7xx_HAL_Driver/Src/stm32f7xx_hal_pwr_ex.o
 .ARM.attributes
                0x000001ac       0x39 Drivers/STM32F7xx_HAL_Driver/Src/stm32f7xx_hal_rcc.o
 .ARM.attributes
                0x000001e5       0x39 Drivers/STM32F7xx_HAL_Driver/Src/stm32f7xx_hal_rcc_ex.o
 .ARM.attributes
                0x0000021e       0x39 Drivers/STM32F7xx_HAL_Driver/Src/stm32f7xx_hal_tim.o
 .ARM.attributes
                0x00000257       0x39 Drivers/STM32F7xx_HAL_Driver/Src/stm32f7xx_hal_tim_ex.o
 .ARM.attributes
                0x00000290       0x39 Middlewares/Third_Party/FreeRTOS/Source/CMSIS_RTOS/cmsis_os.o
 .ARM.attributes
                0x000002c9       0x39 Middlewares/Third_Party/FreeRTOS/Source/list.o
 .ARM.attributes
                0x00000302       0x39 Middlewares/Third_Party/FreeRTOS/Source/tasks.o
 .ARM.attributes
                0x0000033b       0x39 Middlewares/Third_Party/FreeRTOS/Source/portable/GCC/ARM_CM7/r0p1/port.o
 .ARM.attributes
                0x00000374       0x39 Middlewares/Third_Party/FreeRTOS/Source/portable/MemMang/heap_4.o
 .ARM.attributes
                0x000003ad       0x39 Src/Display_2raw.o
 .ARM.attributes
                0x000003e6       0x39 Src/dwt_delay.o
 .ARM.attributes
                0x0000041f       0x39 Src/freertos.o
 .ARM.attributes
                0x00000458       0x39 Src/main.o
 .ARM.attributes
                0x00000491       0x39 Src/processing.o
 .ARM.attributes
                0x000004ca       0x39 Src/stm32f7xx_hal_msp.o
 .ARM.attributes
                0x00000503       0x39 Src/stm32f7xx_hal_timebase_tim.o
 .ARM.attributes
                0x0000053c       0x39 Src/stm32f7xx_it.o
 .ARM.attributes
                0x00000575       0x39 Src/system_stm32f7xx.o
 .ARM.attributes
                0x000005ae       0x21 startup/startup_stm32f732xx.o
 .ARM.attributes
                0x000005cf       0x22 c:/ac6/systemworkbench/plugins/fr.ac6.mcu.externaltools.arm-none.win32_1.16.0.201807130628/tools/compiler/bin/../lib/gcc/arm-none-eabi/7.2.1/thumb/v7e-m/fpv4-sp/hard\libgcc.a(_arm_addsubdf3.o)
 .ARM.attributes
                0x000005f1       0x22 c:/ac6/systemworkbench/plugins/fr.ac6.mcu.externaltools.arm-none.win32_1.16.0.201807130628/tools/compiler/bin/../lib/gcc/arm-none-eabi/7.2.1/thumb/v7e-m/fpv4-sp/hard\libgcc.a(_arm_muldivdf3.o)
 .ARM.attributes
                0x00000613       0x22 c:/ac6/systemworkbench/plugins/fr.ac6.mcu.externaltools.arm-none.win32_1.16.0.201807130628/tools/compiler/bin/../lib/gcc/arm-none-eabi/7.2.1/thumb/v7e-m/fpv4-sp/hard\libgcc.a(_arm_cmpdf2.o)
 .ARM.attributes
                0x00000635       0x22 c:/ac6/systemworkbench/plugins/fr.ac6.mcu.externaltools.arm-none.win32_1.16.0.201807130628/tools/compiler/bin/../lib/gcc/arm-none-eabi/7.2.1/thumb/v7e-m/fpv4-sp/hard\libgcc.a(_arm_fixunsdfsi.o)
 .ARM.attributes
                0x00000657       0x22 c:/ac6/systemworkbench/plugins/fr.ac6.mcu.externaltools.arm-none.win32_1.16.0.201807130628/tools/compiler/bin/../lib/gcc/arm-none-eabi/7.2.1/thumb/v7e-m/fpv4-sp/hard\libgcc.a(_aeabi_uldivmod.o)
 .ARM.attributes
                0x00000679       0x34 c:/ac6/systemworkbench/plugins/fr.ac6.mcu.externaltools.arm-none.win32_1.16.0.201807130628/tools/compiler/bin/../lib/gcc/arm-none-eabi/7.2.1/thumb/v7e-m/fpv4-sp/hard\libgcc.a(_udivmoddi4.o)
 .ARM.attributes
                0x000006ad       0x22 c:/ac6/systemworkbench/plugins/fr.ac6.mcu.externaltools.arm-none.win32_1.16.0.201807130628/tools/compiler/bin/../lib/gcc/arm-none-eabi/7.2.1/thumb/v7e-m/fpv4-sp/hard\libgcc.a(_dvmd_tls.o)
 .ARM.attributes
                0x000006cf       0x34 c:/ac6/systemworkbench/plugins/fr.ac6.mcu.externaltools.arm-none.win32_1.16.0.201807130628/tools/compiler/bin/../lib/gcc/arm-none-eabi/7.2.1/../../../../arm-none-eabi/lib/thumb/v7e-m/fpv4-sp/hard\libc_nano.a(lib_a-init.o)
 .ARM.attributes
                0x00000703       0x34 c:/ac6/systemworkbench/plugins/fr.ac6.mcu.externaltools.arm-none.win32_1.16.0.201807130628/tools/compiler/bin/../lib/gcc/arm-none-eabi/7.2.1/../../../../arm-none-eabi/lib/thumb/v7e-m/fpv4-sp/hard\libc_nano.a(lib_a-memset.o)
 .ARM.attributes
                0x00000737       0x22 c:/ac6/systemworkbench/plugins/fr.ac6.mcu.externaltools.arm-none.win32_1.16.0.201807130628/tools/compiler/bin/../lib/gcc/arm-none-eabi/7.2.1/thumb/v7e-m/fpv4-sp/hard/crtn.o
OUTPUT(powersupply.elf elf32-littlearm)

.debug_info     0x00000000    0x197f1
 .debug_info    0x00000000      0xa2d Drivers/STM32F7xx_HAL_Driver/Src/stm32f7xx_hal.o
 .debug_info    0x00000a2d      0xdbc Drivers/STM32F7xx_HAL_Driver/Src/stm32f7xx_hal_adc.o
 .debug_info    0x000017e9     0x116c Drivers/STM32F7xx_HAL_Driver/Src/stm32f7xx_hal_cortex.o
 .debug_info    0x00002955      0x7e9 Drivers/STM32F7xx_HAL_Driver/Src/stm32f7xx_hal_gpio.o
 .debug_info    0x0000313e      0x9c2 Drivers/STM32F7xx_HAL_Driver/Src/stm32f7xx_hal_pwr.o
 .debug_info    0x00003b00      0xa48 Drivers/STM32F7xx_HAL_Driver/Src/stm32f7xx_hal_pwr_ex.o
 .debug_info    0x00004548      0xb48 Drivers/STM32F7xx_HAL_Driver/Src/stm32f7xx_hal_rcc.o
 .debug_info    0x00005090      0x891 Drivers/STM32F7xx_HAL_Driver/Src/stm32f7xx_hal_rcc_ex.o
 .debug_info    0x00005921     0x3314 Drivers/STM32F7xx_HAL_Driver/Src/stm32f7xx_hal_tim.o
 .debug_info    0x00008c35     0x15b3 Drivers/STM32F7xx_HAL_Driver/Src/stm32f7xx_hal_tim_ex.o
 .debug_info    0x0000a1e8     0x2730 Middlewares/Third_Party/FreeRTOS/Source/CMSIS_RTOS/cmsis_os.o
 .debug_info    0x0000c918      0xad2 Middlewares/Third_Party/FreeRTOS/Source/list.o
 .debug_info    0x0000d3ea     0x2cf9 Middlewares/Third_Party/FreeRTOS/Source/tasks.o
 .debug_info    0x000100e3      0x526 Middlewares/Third_Party/FreeRTOS/Source/portable/GCC/ARM_CM7/r0p1/port.o
 .debug_info    0x00010609      0xc71 Middlewares/Third_Party/FreeRTOS/Source/portable/MemMang/heap_4.o
 .debug_info    0x0001127a      0x970 Src/Display_2raw.o
 .debug_info    0x00011bea      0x39b Src/dwt_delay.o
 .debug_info    0x00011f85      0x341 Src/freertos.o
 .debug_info    0x000122c6     0x30e4 Src/main.o
 .debug_info    0x000153aa      0x2c4 Src/processing.o
 .debug_info    0x0001566e     0x2688 Src/stm32f7xx_hal_msp.o
 .debug_info    0x00017cf6      0xc77 Src/stm32f7xx_hal_timebase_tim.o
 .debug_info    0x0001896d      0x720 Src/stm32f7xx_it.o
 .debug_info    0x0001908d      0x742 Src/system_stm32f7xx.o
 .debug_info    0x000197cf       0x22 startup/startup_stm32f732xx.o

.debug_abbrev   0x00000000     0x32c0
 .debug_abbrev  0x00000000      0x1ed Drivers/STM32F7xx_HAL_Driver/Src/stm32f7xx_hal.o
 .debug_abbrev  0x000001ed      0x233 Drivers/STM32F7xx_HAL_Driver/Src/stm32f7xx_hal_adc.o
 .debug_abbrev  0x00000420      0x328 Drivers/STM32F7xx_HAL_Driver/Src/stm32f7xx_hal_cortex.o
 .debug_abbrev  0x00000748      0x1e7 Drivers/STM32F7xx_HAL_Driver/Src/stm32f7xx_hal_gpio.o
 .debug_abbrev  0x0000092f      0x1b8 Drivers/STM32F7xx_HAL_Driver/Src/stm32f7xx_hal_pwr.o
 .debug_abbrev  0x00000ae7      0x1c0 Drivers/STM32F7xx_HAL_Driver/Src/stm32f7xx_hal_pwr_ex.o
 .debug_abbrev  0x00000ca7      0x241 Drivers/STM32F7xx_HAL_Driver/Src/stm32f7xx_hal_rcc.o
 .debug_abbrev  0x00000ee8      0x195 Drivers/STM32F7xx_HAL_Driver/Src/stm32f7xx_hal_rcc_ex.o
 .debug_abbrev  0x0000107d      0x226 Drivers/STM32F7xx_HAL_Driver/Src/stm32f7xx_hal_tim.o
 .debug_abbrev  0x000012a3      0x237 Drivers/STM32F7xx_HAL_Driver/Src/stm32f7xx_hal_tim_ex.o
 .debug_abbrev  0x000014da      0x3d4 Middlewares/Third_Party/FreeRTOS/Source/CMSIS_RTOS/cmsis_os.o
 .debug_abbrev  0x000018ae      0x223 Middlewares/Third_Party/FreeRTOS/Source/list.o
 .debug_abbrev  0x00001ad1      0x3b1 Middlewares/Third_Party/FreeRTOS/Source/tasks.o
 .debug_abbrev  0x00001e82      0x253 Middlewares/Third_Party/FreeRTOS/Source/portable/GCC/ARM_CM7/r0p1/port.o
 .debug_abbrev  0x000020d5      0x318 Middlewares/Third_Party/FreeRTOS/Source/portable/MemMang/heap_4.o
 .debug_abbrev  0x000023ed      0x224 Src/Display_2raw.o
 .debug_abbrev  0x00002611      0x134 Src/dwt_delay.o
 .debug_abbrev  0x00002745      0x109 Src/freertos.o
 .debug_abbrev  0x0000284e      0x29d Src/main.o
 .debug_abbrev  0x00002aeb       0xea Src/processing.o
 .debug_abbrev  0x00002bd5      0x22a Src/stm32f7xx_hal_msp.o
 .debug_abbrev  0x00002dff      0x1f0 Src/stm32f7xx_hal_timebase_tim.o
 .debug_abbrev  0x00002fef      0x178 Src/stm32f7xx_it.o
 .debug_abbrev  0x00003167      0x147 Src/system_stm32f7xx.o
 .debug_abbrev  0x000032ae       0x12 startup/startup_stm32f732xx.o

.debug_loc      0x00000000     0xa482
 .debug_loc     0x00000000       0xfd Drivers/STM32F7xx_HAL_Driver/Src/stm32f7xx_hal.o
 .debug_loc     0x000000fd      0x881 Drivers/STM32F7xx_HAL_Driver/Src/stm32f7xx_hal_adc.o
 .debug_loc     0x0000097e      0x5c0 Drivers/STM32F7xx_HAL_Driver/Src/stm32f7xx_hal_cortex.o
 .debug_loc     0x00000f3e      0x497 Drivers/STM32F7xx_HAL_Driver/Src/stm32f7xx_hal_gpio.o
 .debug_loc     0x000013d5       0x8d Drivers/STM32F7xx_HAL_Driver/Src/stm32f7xx_hal_pwr.o
 .debug_loc     0x00001462      0x198 Drivers/STM32F7xx_HAL_Driver/Src/stm32f7xx_hal_pwr_ex.o
 .debug_loc     0x000015fa      0x4b9 Drivers/STM32F7xx_HAL_Driver/Src/stm32f7xx_hal_rcc.o
 .debug_loc     0x00001ab3      0x533 Drivers/STM32F7xx_HAL_Driver/Src/stm32f7xx_hal_rcc_ex.o
 .debug_loc     0x00001fe6     0x3b46 Drivers/STM32F7xx_HAL_Driver/Src/stm32f7xx_hal_tim.o
 .debug_loc     0x00005b2c     0x15ba Drivers/STM32F7xx_HAL_Driver/Src/stm32f7xx_hal_tim_ex.o
 .debug_loc     0x000070e6      0xf87 Middlewares/Third_Party/FreeRTOS/Source/CMSIS_RTOS/cmsis_os.o
 .debug_loc     0x0000806d       0x70 Middlewares/Third_Party/FreeRTOS/Source/list.o
 .debug_loc     0x000080dd     0x153b Middlewares/Third_Party/FreeRTOS/Source/tasks.o
 .debug_loc     0x00009618       0xdc Middlewares/Third_Party/FreeRTOS/Source/portable/GCC/ARM_CM7/r0p1/port.o
 .debug_loc     0x000096f4      0x291 Middlewares/Third_Party/FreeRTOS/Source/portable/MemMang/heap_4.o
 .debug_loc     0x00009985      0x312 Src/Display_2raw.o
 .debug_loc     0x00009c97       0x21 Src/dwt_delay.o
 .debug_loc     0x00009cb8       0x7a Src/main.o
 .debug_loc     0x00009d32      0x2bf Src/processing.o
 .debug_loc     0x00009ff1      0x2da Src/stm32f7xx_hal_msp.o
 .debug_loc     0x0000a2cb       0x79 Src/stm32f7xx_hal_timebase_tim.o
 .debug_loc     0x0000a344      0x13e Src/system_stm32f7xx.o

.debug_aranges  0x00000000     0x11b8
 .debug_aranges
                0x00000000      0x100 Drivers/STM32F7xx_HAL_Driver/Src/stm32f7xx_hal.o
 .debug_aranges
                0x00000100       0xe8 Drivers/STM32F7xx_HAL_Driver/Src/stm32f7xx_hal_adc.o
 .debug_aranges
                0x000001e8       0xa8 Drivers/STM32F7xx_HAL_Driver/Src/stm32f7xx_hal_cortex.o
 .debug_aranges
                0x00000290       0x58 Drivers/STM32F7xx_HAL_Driver/Src/stm32f7xx_hal_gpio.o
 .debug_aranges
                0x000002e8       0xa0 Drivers/STM32F7xx_HAL_Driver/Src/stm32f7xx_hal_pwr.o
 .debug_aranges
                0x00000388       0x80 Drivers/STM32F7xx_HAL_Driver/Src/stm32f7xx_hal_pwr_ex.o
 .debug_aranges
                0x00000408       0x88 Drivers/STM32F7xx_HAL_Driver/Src/stm32f7xx_hal_rcc.o
 .debug_aranges
                0x00000490       0x50 Drivers/STM32F7xx_HAL_Driver/Src/stm32f7xx_hal_rcc_ex.o
 .debug_aranges
                0x000004e0      0x3b8 Drivers/STM32F7xx_HAL_Driver/Src/stm32f7xx_hal_tim.o
 .debug_aranges
                0x00000898      0x160 Drivers/STM32F7xx_HAL_Driver/Src/stm32f7xx_hal_tim_ex.o
 .debug_aranges
                0x000009f8      0x1d8 Middlewares/Third_Party/FreeRTOS/Source/CMSIS_RTOS/cmsis_os.o
 .debug_aranges
                0x00000bd0       0x40 Middlewares/Third_Party/FreeRTOS/Source/list.o
 .debug_aranges
                0x00000c10      0x1a8 Middlewares/Third_Party/FreeRTOS/Source/tasks.o
 .debug_aranges
                0x00000db8       0x80 Middlewares/Third_Party/FreeRTOS/Source/portable/GCC/ARM_CM7/r0p1/port.o
 .debug_aranges
                0x00000e38       0x50 Middlewares/Third_Party/FreeRTOS/Source/portable/MemMang/heap_4.o
 .debug_aranges
                0x00000e88       0x68 Src/Display_2raw.o
 .debug_aranges
                0x00000ef0       0x28 Src/dwt_delay.o
 .debug_aranges
                0x00000f18       0x20 Src/freertos.o
 .debug_aranges
                0x00000f38       0xc0 Src/main.o
 .debug_aranges
                0x00000ff8       0x38 Src/processing.o
 .debug_aranges
                0x00001030       0xb8 Src/stm32f7xx_hal_msp.o
 .debug_aranges
                0x000010e8       0x30 Src/stm32f7xx_hal_timebase_tim.o
 .debug_aranges
                0x00001118       0x50 Src/stm32f7xx_it.o
 .debug_aranges
                0x00001168       0x28 Src/system_stm32f7xx.o
 .debug_aranges
                0x00001190       0x28 startup/startup_stm32f732xx.o

.debug_ranges   0x00000000     0x1100
 .debug_ranges  0x00000000       0xf0 Drivers/STM32F7xx_HAL_Driver/Src/stm32f7xx_hal.o
 .debug_ranges  0x000000f0       0xd8 Drivers/STM32F7xx_HAL_Driver/Src/stm32f7xx_hal_adc.o
 .debug_ranges  0x000001c8       0xf8 Drivers/STM32F7xx_HAL_Driver/Src/stm32f7xx_hal_cortex.o
 .debug_ranges  0x000002c0       0x48 Drivers/STM32F7xx_HAL_Driver/Src/stm32f7xx_hal_gpio.o
 .debug_ranges  0x00000308       0x90 Drivers/STM32F7xx_HAL_Driver/Src/stm32f7xx_hal_pwr.o
 .debug_ranges  0x00000398       0x70 Drivers/STM32F7xx_HAL_Driver/Src/stm32f7xx_hal_pwr_ex.o
 .debug_ranges  0x00000408       0x78 Drivers/STM32F7xx_HAL_Driver/Src/stm32f7xx_hal_rcc.o
 .debug_ranges  0x00000480       0x40 Drivers/STM32F7xx_HAL_Driver/Src/stm32f7xx_hal_rcc_ex.o
 .debug_ranges  0x000004c0      0x3a8 Drivers/STM32F7xx_HAL_Driver/Src/stm32f7xx_hal_tim.o
 .debug_ranges  0x00000868      0x150 Drivers/STM32F7xx_HAL_Driver/Src/stm32f7xx_hal_tim_ex.o
 .debug_ranges  0x000009b8      0x1c8 Middlewares/Third_Party/FreeRTOS/Source/CMSIS_RTOS/cmsis_os.o
 .debug_ranges  0x00000b80       0x30 Middlewares/Third_Party/FreeRTOS/Source/list.o
 .debug_ranges  0x00000bb0      0x208 Middlewares/Third_Party/FreeRTOS/Source/tasks.o
 .debug_ranges  0x00000db8       0x70 Middlewares/Third_Party/FreeRTOS/Source/portable/GCC/ARM_CM7/r0p1/port.o
 .debug_ranges  0x00000e28       0x40 Middlewares/Third_Party/FreeRTOS/Source/portable/MemMang/heap_4.o
 .debug_ranges  0x00000e68       0x58 Src/Display_2raw.o
 .debug_ranges  0x00000ec0       0x18 Src/dwt_delay.o
 .debug_ranges  0x00000ed8       0x10 Src/freertos.o
 .debug_ranges  0x00000ee8       0xb0 Src/main.o
 .debug_ranges  0x00000f98       0x28 Src/processing.o
 .debug_ranges  0x00000fc0       0xa8 Src/stm32f7xx_hal_msp.o
 .debug_ranges  0x00001068       0x20 Src/stm32f7xx_hal_timebase_tim.o
 .debug_ranges  0x00001088       0x40 Src/stm32f7xx_it.o
 .debug_ranges  0x000010c8       0x18 Src/system_stm32f7xx.o
 .debug_ranges  0x000010e0       0x20 startup/startup_stm32f732xx.o

.debug_macro    0x00000000    0x263b1
 .debug_macro   0x00000000      0x2b3 Drivers/STM32F7xx_HAL_Driver/Src/stm32f7xx_hal.o
 .debug_macro   0x000002b3      0xa60 Drivers/STM32F7xx_HAL_Driver/Src/stm32f7xx_hal.o
 .debug_macro   0x00000d13      0x1bf Drivers/STM32F7xx_HAL_Driver/Src/stm32f7xx_hal.o
 .debug_macro   0x00000ed2       0x2e Drivers/STM32F7xx_HAL_Driver/Src/stm32f7xx_hal.o
 .debug_macro   0x00000f00       0x3b Drivers/STM32F7xx_HAL_Driver/Src/stm32f7xx_hal.o
 .debug_macro   0x00000f3b       0x22 Drivers/STM32F7xx_HAL_Driver/Src/stm32f7xx_hal.o
 .debug_macro   0x00000f5d       0x87 Drivers/STM32F7xx_HAL_Driver/Src/stm32f7xx_hal.o
 .debug_macro   0x00000fe4       0x51 Drivers/STM32F7xx_HAL_Driver/Src/stm32f7xx_hal.o
 .debug_macro   0x00001035       0xef Drivers/STM32F7xx_HAL_Driver/Src/stm32f7xx_hal.o
 .debug_macro   0x00001124       0x6a Drivers/STM32F7xx_HAL_Driver/Src/stm32f7xx_hal.o
 .debug_macro   0x0000118e      0x1df Drivers/STM32F7xx_HAL_Driver/Src/stm32f7xx_hal.o
 .debug_macro   0x0000136d       0x1c Drivers/STM32F7xx_HAL_Driver/Src/stm32f7xx_hal.o
 .debug_macro   0x00001389       0x22 Drivers/STM32F7xx_HAL_Driver/Src/stm32f7xx_hal.o
 .debug_macro   0x000013ab       0xdf Drivers/STM32F7xx_HAL_Driver/Src/stm32f7xx_hal.o
 .debug_macro   0x0000148a     0x12cd Drivers/STM32F7xx_HAL_Driver/Src/stm32f7xx_hal.o
 .debug_macro   0x00002757      0x11f Drivers/STM32F7xx_HAL_Driver/Src/stm32f7xx_hal.o
 .debug_macro   0x00002876       0x19 Drivers/STM32F7xx_HAL_Driver/Src/stm32f7xx_hal.o
 .debug_macro   0x0000288f    0x15815 Drivers/STM32F7xx_HAL_Driver/Src/stm32f7xx_hal.o
 .debug_macro   0x000180a4       0x43 Drivers/STM32F7xx_HAL_Driver/Src/stm32f7xx_hal.o
 .debug_macro   0x000180e7     0x363d Drivers/STM32F7xx_HAL_Driver/Src/stm32f7xx_hal.o
 .debug_macro   0x0001b724      0x174 Drivers/STM32F7xx_HAL_Driver/Src/stm32f7xx_hal.o
 .debug_macro   0x0001b898       0x55 Drivers/STM32F7xx_HAL_Driver/Src/stm32f7xx_hal.o
 .debug_macro   0x0001b8ed     0x15ce Drivers/STM32F7xx_HAL_Driver/Src/stm32f7xx_hal.o
 .debug_macro   0x0001cebb      0x6c4 Drivers/STM32F7xx_HAL_Driver/Src/stm32f7xx_hal.o
 .debug_macro   0x0001d57f      0x103 Drivers/STM32F7xx_HAL_Driver/Src/stm32f7xx_hal.o
 .debug_macro   0x0001d682      0x117 Drivers/STM32F7xx_HAL_Driver/Src/stm32f7xx_hal.o
 .debug_macro   0x0001d799      0x1d8 Drivers/STM32F7xx_HAL_Driver/Src/stm32f7xx_hal.o
 .debug_macro   0x0001d971       0x27 Drivers/STM32F7xx_HAL_Driver/Src/stm32f7xx_hal.o
 .debug_macro   0x0001d998      0x24f Drivers/STM32F7xx_HAL_Driver/Src/stm32f7xx_hal.o
 .debug_macro   0x0001dbe7       0x71 Drivers/STM32F7xx_HAL_Driver/Src/stm32f7xx_hal.o
 .debug_macro   0x0001dc58       0x58 Drivers/STM32F7xx_HAL_Driver/Src/stm32f7xx_hal.o
 .debug_macro   0x0001dcb0      0x236 Drivers/STM32F7xx_HAL_Driver/Src/stm32f7xx_hal.o
 .debug_macro   0x0001dee6      0x408 Drivers/STM32F7xx_HAL_Driver/Src/stm32f7xx_hal.o
 .debug_macro   0x0001e2ee      0x161 Drivers/STM32F7xx_HAL_Driver/Src/stm32f7xx_hal.o
 .debug_macro   0x0001e44f      0x100 Drivers/STM32F7xx_HAL_Driver/Src/stm32f7xx_hal.o
 .debug_macro   0x0001e54f       0xd5 Drivers/STM32F7xx_HAL_Driver/Src/stm32f7xx_hal.o
 .debug_macro   0x0001e624       0x4c Drivers/STM32F7xx_HAL_Driver/Src/stm32f7xx_hal.o
 .debug_macro   0x0001e670      0x130 Drivers/STM32F7xx_HAL_Driver/Src/stm32f7xx_hal.o
 .debug_macro   0x0001e7a0       0x19 Drivers/STM32F7xx_HAL_Driver/Src/stm32f7xx_hal.o
 .debug_macro   0x0001e7b9       0xea Drivers/STM32F7xx_HAL_Driver/Src/stm32f7xx_hal.o
 .debug_macro   0x0001e8a3       0xa0 Drivers/STM32F7xx_HAL_Driver/Src/stm32f7xx_hal.o
 .debug_macro   0x0001e943       0x3c Drivers/STM32F7xx_HAL_Driver/Src/stm32f7xx_hal.o
 .debug_macro   0x0001e97f      0x154 Drivers/STM32F7xx_HAL_Driver/Src/stm32f7xx_hal.o
 .debug_macro   0x0001ead3      0x2c4 Drivers/STM32F7xx_HAL_Driver/Src/stm32f7xx_hal.o
 .debug_macro   0x0001ed97       0x12 Drivers/STM32F7xx_HAL_Driver/Src/stm32f7xx_hal.o
 .debug_macro   0x0001eda9      0x22c Drivers/STM32F7xx_HAL_Driver/Src/stm32f7xx_hal.o
 .debug_macro   0x0001efd5       0x61 Drivers/STM32F7xx_HAL_Driver/Src/stm32f7xx_hal.o
 .debug_macro   0x0001f036       0xa5 Drivers/STM32F7xx_HAL_Driver/Src/stm32f7xx_hal.o
 .debug_macro   0x0001f0db       0x85 Drivers/STM32F7xx_HAL_Driver/Src/stm32f7xx_hal.o
 .debug_macro   0x0001f160      0x12f Drivers/STM32F7xx_HAL_Driver/Src/stm32f7xx_hal.o
 .debug_macro   0x0001f28f      0x108 Drivers/STM32F7xx_HAL_Driver/Src/stm32f7xx_hal.o
 .debug_macro   0x0001f397       0x35 Drivers/STM32F7xx_HAL_Driver/Src/stm32f7xx_hal.o
 .debug_macro   0x0001f3cc       0xa4 Drivers/STM32F7xx_HAL_Driver/Src/stm32f7xx_hal.o
 .debug_macro   0x0001f470      0x313 Drivers/STM32F7xx_HAL_Driver/Src/stm32f7xx_hal.o
 .debug_macro   0x0001f783      0x4ca Drivers/STM32F7xx_HAL_Driver/Src/stm32f7xx_hal.o
 .debug_macro   0x0001fc4d       0xd6 Drivers/STM32F7xx_HAL_Driver/Src/stm32f7xx_hal.o
 .debug_macro   0x0001fd23      0x2fe Drivers/STM32F7xx_HAL_Driver/Src/stm32f7xx_hal.o
 .debug_macro   0x00020021      0x9e2 Drivers/STM32F7xx_HAL_Driver/Src/stm32f7xx_hal.o
 .debug_macro   0x00020a03       0x59 Drivers/STM32F7xx_HAL_Driver/Src/stm32f7xx_hal.o
 .debug_macro   0x00020a5c      0x519 Drivers/STM32F7xx_HAL_Driver/Src/stm32f7xx_hal.o
 .debug_macro   0x00020f75       0x44 Drivers/STM32F7xx_HAL_Driver/Src/stm32f7xx_hal.o
 .debug_macro   0x00020fb9       0x8d Drivers/STM32F7xx_HAL_Driver/Src/stm32f7xx_hal.o
 .debug_macro   0x00021046      0x14e Drivers/STM32F7xx_HAL_Driver/Src/stm32f7xx_hal.o
 .debug_macro   0x00021194      0x290 Drivers/STM32F7xx_HAL_Driver/Src/stm32f7xx_hal_adc.o
 .debug_macro   0x00021424      0x28f Drivers/STM32F7xx_HAL_Driver/Src/stm32f7xx_hal_cortex.o
 .debug_macro   0x000216b3      0x2c5 Drivers/STM32F7xx_HAL_Driver/Src/stm32f7xx_hal_gpio.o
 .debug_macro   0x00021978      0x2ad Drivers/STM32F7xx_HAL_Driver/Src/stm32f7xx_hal_pwr.o
 .debug_macro   0x00021c25      0x2a7 Drivers/STM32F7xx_HAL_Driver/Src/stm32f7xx_hal_pwr_ex.o
 .debug_macro   0x00021ecc      0x2b3 Drivers/STM32F7xx_HAL_Driver/Src/stm32f7xx_hal_rcc.o
 .debug_macro   0x0002217f      0x28f Drivers/STM32F7xx_HAL_Driver/Src/stm32f7xx_hal_rcc_ex.o
 .debug_macro   0x0002240e      0x290 Drivers/STM32F7xx_HAL_Driver/Src/stm32f7xx_hal_tim.o
 .debug_macro   0x0002269e      0x28f Drivers/STM32F7xx_HAL_Driver/Src/stm32f7xx_hal_tim_ex.o
 .debug_macro   0x0002292d      0x1ec Middlewares/Third_Party/FreeRTOS/Source/CMSIS_RTOS/cmsis_os.o
 .debug_macro   0x00022b19       0x52 Middlewares/Third_Party/FreeRTOS/Source/CMSIS_RTOS/cmsis_os.o
 .debug_macro   0x00022b6b       0x17 Middlewares/Third_Party/FreeRTOS/Source/CMSIS_RTOS/cmsis_os.o
 .debug_macro   0x00022b82       0x8d Middlewares/Third_Party/FreeRTOS/Source/CMSIS_RTOS/cmsis_os.o
 .debug_macro   0x00022c0f       0x35 Middlewares/Third_Party/FreeRTOS/Source/CMSIS_RTOS/cmsis_os.o
 .debug_macro   0x00022c44       0x9c Middlewares/Third_Party/FreeRTOS/Source/CMSIS_RTOS/cmsis_os.o
 .debug_macro   0x00022ce0       0x57 Middlewares/Third_Party/FreeRTOS/Source/CMSIS_RTOS/cmsis_os.o
 .debug_macro   0x00022d37       0x58 Middlewares/Third_Party/FreeRTOS/Source/CMSIS_RTOS/cmsis_os.o
 .debug_macro   0x00022d8f       0x1f Middlewares/Third_Party/FreeRTOS/Source/CMSIS_RTOS/cmsis_os.o
 .debug_macro   0x00022dae       0x43 Middlewares/Third_Party/FreeRTOS/Source/CMSIS_RTOS/cmsis_os.o
 .debug_macro   0x00022df1       0x20 Middlewares/Third_Party/FreeRTOS/Source/CMSIS_RTOS/cmsis_os.o
 .debug_macro   0x00022e11      0x18e Middlewares/Third_Party/FreeRTOS/Source/CMSIS_RTOS/cmsis_os.o
 .debug_macro   0x00022f9f      0x330 Middlewares/Third_Party/FreeRTOS/Source/CMSIS_RTOS/cmsis_os.o
 .debug_macro   0x000232cf       0x10 Middlewares/Third_Party/FreeRTOS/Source/CMSIS_RTOS/cmsis_os.o
 .debug_macro   0x000232df       0x35 Middlewares/Third_Party/FreeRTOS/Source/CMSIS_RTOS/cmsis_os.o
 .debug_macro   0x00023314       0xd6 Middlewares/Third_Party/FreeRTOS/Source/CMSIS_RTOS/cmsis_os.o
 .debug_macro   0x000233ea      0x15a Middlewares/Third_Party/FreeRTOS/Source/CMSIS_RTOS/cmsis_os.o
 .debug_macro   0x00023544       0xd7 Middlewares/Third_Party/FreeRTOS/Source/CMSIS_RTOS/cmsis_os.o
 .debug_macro   0x0002361b       0x10 Middlewares/Third_Party/FreeRTOS/Source/CMSIS_RTOS/cmsis_os.o
 .debug_macro   0x0002362b       0x1f Middlewares/Third_Party/FreeRTOS/Source/CMSIS_RTOS/cmsis_os.o
 .debug_macro   0x0002364a      0x4b7 Middlewares/Third_Party/FreeRTOS/Source/CMSIS_RTOS/cmsis_os.o
 .debug_macro   0x00023b01       0xb5 Middlewares/Third_Party/FreeRTOS/Source/CMSIS_RTOS/cmsis_os.o
 .debug_macro   0x00023bb6       0x8c Middlewares/Third_Party/FreeRTOS/Source/CMSIS_RTOS/cmsis_os.o
 .debug_macro   0x00023c42       0x91 Middlewares/Third_Party/FreeRTOS/Source/CMSIS_RTOS/cmsis_os.o
 .debug_macro   0x00023cd3       0x8d Middlewares/Third_Party/FreeRTOS/Source/CMSIS_RTOS/cmsis_os.o
 .debug_macro   0x00023d60       0x7e Middlewares/Third_Party/FreeRTOS/Source/CMSIS_RTOS/cmsis_os.o
 .debug_macro   0x00023dde       0x19 Middlewares/Third_Party/FreeRTOS/Source/CMSIS_RTOS/cmsis_os.o
 .debug_macro   0x00023df7       0xf2 Middlewares/Third_Party/FreeRTOS/Source/CMSIS_RTOS/cmsis_os.o
 .debug_macro   0x00023ee9       0xc7 Middlewares/Third_Party/FreeRTOS/Source/CMSIS_RTOS/cmsis_os.o
 .debug_macro   0x00023fb0      0x17a Middlewares/Third_Party/FreeRTOS/Source/list.o
 .debug_macro   0x0002412a      0x26e Middlewares/Third_Party/FreeRTOS/Source/tasks.o
 .debug_macro   0x00024398       0x10 Middlewares/Third_Party/FreeRTOS/Source/tasks.o
 .debug_macro   0x000243a8      0x184 Middlewares/Third_Party/FreeRTOS/Source/portable/GCC/ARM_CM7/r0p1/port.o
 .debug_macro   0x0002452c      0x1a1 Middlewares/Third_Party/FreeRTOS/Source/portable/MemMang/heap_4.o
 .debug_macro   0x000246cd      0x346 Src/Display_2raw.o
 .debug_macro   0x00024a13       0x3a Src/Display_2raw.o
 .debug_macro   0x00024a4d       0x10 Src/Display_2raw.o
 .debug_macro   0x00024a5d       0xee Src/Display_2raw.o
 .debug_macro   0x00024b4b      0x298 Src/dwt_delay.o
 .debug_macro   0x00024de3      0x306 Src/freertos.o
 .debug_macro   0x000250e9       0xe8 Src/freertos.o
 .debug_macro   0x000251d1      0x389 Src/main.o
 .debug_macro   0x0002555a       0xd6 Src/main.o
 .debug_macro   0x00025630      0x2af Src/processing.o
 .debug_macro   0x000258df      0x29e Src/stm32f7xx_hal_msp.o
 .debug_macro   0x00025b7d      0x28f Src/stm32f7xx_hal_timebase_tim.o
 .debug_macro   0x00025e0c      0x310 Src/stm32f7xx_it.o
 .debug_macro   0x0002611c      0x295 Src/system_stm32f7xx.o

.debug_line     0x00000000    0x10260
 .debug_line    0x00000000      0xa89 Drivers/STM32F7xx_HAL_Driver/Src/stm32f7xx_hal.o
 .debug_line    0x00000a89      0xcea Drivers/STM32F7xx_HAL_Driver/Src/stm32f7xx_hal_adc.o
 .debug_line    0x00001773      0xabc Drivers/STM32F7xx_HAL_Driver/Src/stm32f7xx_hal_cortex.o
 .debug_line    0x0000222f      0x9e4 Drivers/STM32F7xx_HAL_Driver/Src/stm32f7xx_hal_gpio.o
 .debug_line    0x00002c13      0x9da Drivers/STM32F7xx_HAL_Driver/Src/stm32f7xx_hal_pwr.o
 .debug_line    0x000035ed      0x9a4 Drivers/STM32F7xx_HAL_Driver/Src/stm32f7xx_hal_pwr_ex.o
 .debug_line    0x00003f91      0xb1e Drivers/STM32F7xx_HAL_Driver/Src/stm32f7xx_hal_rcc.o
 .debug_line    0x00004aaf      0xa7a Drivers/STM32F7xx_HAL_Driver/Src/stm32f7xx_hal_rcc_ex.o
 .debug_line    0x00005529     0x1995 Drivers/STM32F7xx_HAL_Driver/Src/stm32f7xx_hal_tim.o
 .debug_line    0x00006ebe      0xea0 Drivers/STM32F7xx_HAL_Driver/Src/stm32f7xx_hal_tim_ex.o
 .debug_line    0x00007d5e      0xc00 Middlewares/Third_Party/FreeRTOS/Source/CMSIS_RTOS/cmsis_os.o
 .debug_line    0x0000895e      0x576 Middlewares/Third_Party/FreeRTOS/Source/list.o
 .debug_line    0x00008ed4      0xec2 Middlewares/Third_Party/FreeRTOS/Source/tasks.o
 .debug_line    0x00009d96      0x622 Middlewares/Third_Party/FreeRTOS/Source/portable/GCC/ARM_CM7/r0p1/port.o
 .debug_line    0x0000a3b8      0x62a Middlewares/Third_Party/FreeRTOS/Source/portable/MemMang/heap_4.o
 .debug_line    0x0000a9e2      0xa2b Src/Display_2raw.o
 .debug_line    0x0000b40d      0x87d Src/dwt_delay.o
 .debug_line    0x0000bc8a      0x9b9 Src/freertos.o
 .debug_line    0x0000c643      0xd15 Src/main.o
 .debug_line    0x0000d358      0x8ad Src/processing.o
 .debug_line    0x0000dc05      0xa8a Src/stm32f7xx_hal_msp.o
 .debug_line    0x0000e68f      0x895 Src/stm32f7xx_hal_timebase_tim.o
 .debug_line    0x0000ef24      0xa31 Src/stm32f7xx_it.o
 .debug_line    0x0000f955      0x88c Src/system_stm32f7xx.o
 .debug_line    0x000101e1       0x7f startup/startup_stm32f732xx.o

.debug_str      0x00000000    0xefa49
 .debug_str     0x00000000    0xdfcd2 Drivers/STM32F7xx_HAL_Driver/Src/stm32f7xx_hal.o
                              0xe049c (size before relaxing)
 .debug_str     0x000dfcd2      0x69b Drivers/STM32F7xx_HAL_Driver/Src/stm32f7xx_hal_adc.o
                              0xe012c (size before relaxing)
 .debug_str     0x000e036d      0x457 Drivers/STM32F7xx_HAL_Driver/Src/stm32f7xx_hal_cortex.o
                              0xe050b (size before relaxing)
 .debug_str     0x000e07c4      0x2c4 Drivers/STM32F7xx_HAL_Driver/Src/stm32f7xx_hal_gpio.o
                              0xdfe11 (size before relaxing)
 .debug_str     0x000e0a88      0x2db Drivers/STM32F7xx_HAL_Driver/Src/stm32f7xx_hal_pwr.o
                              0xdfef3 (size before relaxing)
 .debug_str     0x000e0d63      0x1bd Drivers/STM32F7xx_HAL_Driver/Src/stm32f7xx_hal_pwr_ex.o
                              0xdfec1 (size before relaxing)
 .debug_str     0x000e0f20      0x39e Drivers/STM32F7xx_HAL_Driver/Src/stm32f7xx_hal_rcc.o
                              0xdff79 (size before relaxing)
 .debug_str     0x000e12be      0x38f Drivers/STM32F7xx_HAL_Driver/Src/stm32f7xx_hal_rcc_ex.o
                              0xdfee9 (size before relaxing)
 .debug_str     0x000e164d      0xf98 Drivers/STM32F7xx_HAL_Driver/Src/stm32f7xx_hal_tim.o
                              0xe0d33 (size before relaxing)
 .debug_str     0x000e25e5      0x532 Drivers/STM32F7xx_HAL_Driver/Src/stm32f7xx_hal_tim_ex.o
                              0xe0585 (size before relaxing)
 .debug_str     0x000e2b17     0x94ed Middlewares/Third_Party/FreeRTOS/Source/CMSIS_RTOS/cmsis_os.o
                               0xddaf (size before relaxing)
 .debug_str     0x000ec004      0x225 Middlewares/Third_Party/FreeRTOS/Source/list.o
                               0xa262 (size before relaxing)
 .debug_str     0x000ec229     0x11cf Middlewares/Third_Party/FreeRTOS/Source/tasks.o
                               0xc500 (size before relaxing)
 .debug_str     0x000ed3f8      0x702 Middlewares/Third_Party/FreeRTOS/Source/portable/GCC/ARM_CM7/r0p1/port.o
                               0x819d (size before relaxing)
 .debug_str     0x000edafa      0x243 Middlewares/Third_Party/FreeRTOS/Source/portable/MemMang/heap_4.o
                               0xa9a4 (size before relaxing)
 .debug_str     0x000edd3d      0x992 Src/Display_2raw.o
                              0xe03d9 (size before relaxing)
 .debug_str     0x000ee6cf       0xd0 Src/dwt_delay.o
                              0xdfadc (size before relaxing)
 .debug_str     0x000ee79f       0x5e Src/freertos.o
                              0xe384a (size before relaxing)
 .debug_str     0x000ee7fd      0xea4 Src/main.o
                              0xe7908 (size before relaxing)
 .debug_str     0x000ef6a1       0xf1 Src/processing.o
                              0xdfb13 (size before relaxing)
 .debug_str     0x000ef792      0x136 Src/stm32f7xx_hal_msp.o
                              0xe1649 (size before relaxing)
 .debug_str     0x000ef8c8       0x51 Src/stm32f7xx_hal_timebase_tim.o
                              0xe05ce (size before relaxing)
 .debug_str     0x000ef919       0xa6 Src/stm32f7xx_it.o
                              0xe3c19 (size before relaxing)
 .debug_str     0x000ef9bf       0x5a Src/system_stm32f7xx.o
                              0xdfc36 (size before relaxing)
 .debug_str     0x000efa19       0x30 startup/startup_stm32f732xx.o
                                 0x63 (size before relaxing)

.comment        0x00000000       0x7e
 .comment       0x00000000       0x7e Drivers/STM32F7xx_HAL_Driver/Src/stm32f7xx_hal.o
                                 0x7f (size before relaxing)
 .comment       0x0000007e       0x7f Drivers/STM32F7xx_HAL_Driver/Src/stm32f7xx_hal_adc.o
 .comment       0x0000007e       0x7f Drivers/STM32F7xx_HAL_Driver/Src/stm32f7xx_hal_cortex.o
 .comment       0x0000007e       0x7f Drivers/STM32F7xx_HAL_Driver/Src/stm32f7xx_hal_gpio.o
 .comment       0x0000007e       0x7f Drivers/STM32F7xx_HAL_Driver/Src/stm32f7xx_hal_pwr.o
 .comment       0x0000007e       0x7f Drivers/STM32F7xx_HAL_Driver/Src/stm32f7xx_hal_pwr_ex.o
 .comment       0x0000007e       0x7f Drivers/STM32F7xx_HAL_Driver/Src/stm32f7xx_hal_rcc.o
 .comment       0x0000007e       0x7f Drivers/STM32F7xx_HAL_Driver/Src/stm32f7xx_hal_rcc_ex.o
 .comment       0x0000007e       0x7f Drivers/STM32F7xx_HAL_Driver/Src/stm32f7xx_hal_tim.o
 .comment       0x0000007e       0x7f Drivers/STM32F7xx_HAL_Driver/Src/stm32f7xx_hal_tim_ex.o
 .comment       0x0000007e       0x7f Middlewares/Third_Party/FreeRTOS/Source/CMSIS_RTOS/cmsis_os.o
 .comment       0x0000007e       0x7f Middlewares/Third_Party/FreeRTOS/Source/list.o
 .comment       0x0000007e       0x7f Middlewares/Third_Party/FreeRTOS/Source/tasks.o
 .comment       0x0000007e       0x7f Middlewares/Third_Party/FreeRTOS/Source/portable/GCC/ARM_CM7/r0p1/port.o
 .comment       0x0000007e       0x7f Middlewares/Third_Party/FreeRTOS/Source/portable/MemMang/heap_4.o
 .comment       0x0000007e       0x7f Src/Display_2raw.o
 .comment       0x0000007e       0x7f Src/dwt_delay.o
 .comment       0x0000007e       0x7f Src/freertos.o
 .comment       0x0000007e       0x7f Src/main.o
 .comment       0x0000007e       0x7f Src/processing.o
 .comment       0x0000007e       0x7f Src/stm32f7xx_hal_msp.o
 .comment       0x0000007e       0x7f Src/stm32f7xx_hal_timebase_tim.o
 .comment       0x0000007e       0x7f Src/stm32f7xx_it.o
 .comment       0x0000007e       0x7f Src/system_stm32f7xx.o

.debug_frame    0x00000000     0x3188
 .debug_frame   0x00000000      0x20c Drivers/STM32F7xx_HAL_Driver/Src/stm32f7xx_hal.o
 .debug_frame   0x0000020c      0x27c Drivers/STM32F7xx_HAL_Driver/Src/stm32f7xx_hal_adc.o
 .debug_frame   0x00000488      0x15c Drivers/STM32F7xx_HAL_Driver/Src/stm32f7xx_hal_cortex.o
 .debug_frame   0x000005e4       0xd8 Drivers/STM32F7xx_HAL_Driver/Src/stm32f7xx_hal_gpio.o
 .debug_frame   0x000006bc      0x134 Drivers/STM32F7xx_HAL_Driver/Src/stm32f7xx_hal_pwr.o
 .debug_frame   0x000007f0      0x134 Drivers/STM32F7xx_HAL_Driver/Src/stm32f7xx_hal_pwr_ex.o
 .debug_frame   0x00000924      0x190 Drivers/STM32F7xx_HAL_Driver/Src/stm32f7xx_hal_rcc.o
 .debug_frame   0x00000ab4       0xcc Drivers/STM32F7xx_HAL_Driver/Src/stm32f7xx_hal_rcc_ex.o
 .debug_frame   0x00000b80      0xae0 Drivers/STM32F7xx_HAL_Driver/Src/stm32f7xx_hal_tim.o
 .debug_frame   0x00001660      0x3f0 Drivers/STM32F7xx_HAL_Driver/Src/stm32f7xx_hal_tim_ex.o
 .debug_frame   0x00001a50      0x598 Middlewares/Third_Party/FreeRTOS/Source/CMSIS_RTOS/cmsis_os.o
 .debug_frame   0x00001fe8       0x6c Middlewares/Third_Party/FreeRTOS/Source/list.o
 .debug_frame   0x00002054      0x54c Middlewares/Third_Party/FreeRTOS/Source/tasks.o
 .debug_frame   0x000025a0      0x100 Middlewares/Third_Party/FreeRTOS/Source/portable/GCC/ARM_CM7/r0p1/port.o
 .debug_frame   0x000026a0       0xac Middlewares/Third_Party/FreeRTOS/Source/portable/MemMang/heap_4.o
 .debug_frame   0x0000274c      0x120 Src/Display_2raw.o
 .debug_frame   0x0000286c       0x30 Src/dwt_delay.o
 .debug_frame   0x0000289c       0x20 Src/freertos.o
 .debug_frame   0x000028bc      0x260 Src/main.o
 .debug_frame   0x00002b1c       0xcc Src/processing.o
 .debug_frame   0x00002be8      0x1fc Src/stm32f7xx_hal_msp.o
 .debug_frame   0x00002de4       0x50 Src/stm32f7xx_hal_timebase_tim.o
 .debug_frame   0x00002e34       0x88 Src/stm32f7xx_it.o
 .debug_frame   0x00002ebc       0x3c Src/system_stm32f7xx.o
 .debug_frame   0x00002ef8       0xac c:/ac6/systemworkbench/plugins/fr.ac6.mcu.externaltools.arm-none.win32_1.16.0.201807130628/tools/compiler/bin/../lib/gcc/arm-none-eabi/7.2.1/thumb/v7e-m/fpv4-sp/hard\libgcc.a(_arm_addsubdf3.o)
 .debug_frame   0x00002fa4       0x50 c:/ac6/systemworkbench/plugins/fr.ac6.mcu.externaltools.arm-none.win32_1.16.0.201807130628/tools/compiler/bin/../lib/gcc/arm-none-eabi/7.2.1/thumb/v7e-m/fpv4-sp/hard\libgcc.a(_arm_muldivdf3.o)
 .debug_frame   0x00002ff4       0xc4 c:/ac6/systemworkbench/plugins/fr.ac6.mcu.externaltools.arm-none.win32_1.16.0.201807130628/tools/compiler/bin/../lib/gcc/arm-none-eabi/7.2.1/thumb/v7e-m/fpv4-sp/hard\libgcc.a(_arm_cmpdf2.o)
 .debug_frame   0x000030b8       0x24 c:/ac6/systemworkbench/plugins/fr.ac6.mcu.externaltools.arm-none.win32_1.16.0.201807130628/tools/compiler/bin/../lib/gcc/arm-none-eabi/7.2.1/thumb/v7e-m/fpv4-sp/hard\libgcc.a(_arm_fixunsdfsi.o)
 .debug_frame   0x000030dc       0x2c c:/ac6/systemworkbench/plugins/fr.ac6.mcu.externaltools.arm-none.win32_1.16.0.201807130628/tools/compiler/bin/../lib/gcc/arm-none-eabi/7.2.1/thumb/v7e-m/fpv4-sp/hard\libgcc.a(_aeabi_uldivmod.o)
 .debug_frame   0x00003108       0x34 c:/ac6/systemworkbench/plugins/fr.ac6.mcu.externaltools.arm-none.win32_1.16.0.201807130628/tools/compiler/bin/../lib/gcc/arm-none-eabi/7.2.1/thumb/v7e-m/fpv4-sp/hard\libgcc.a(_udivmoddi4.o)
 .debug_frame   0x0000313c       0x2c c:/ac6/systemworkbench/plugins/fr.ac6.mcu.externaltools.arm-none.win32_1.16.0.201807130628/tools/compiler/bin/../lib/gcc/arm-none-eabi/7.2.1/../../../../arm-none-eabi/lib/thumb/v7e-m/fpv4-sp/hard\libc_nano.a(lib_a-init.o)
 .debug_frame   0x00003168       0x20 c:/ac6/systemworkbench/plugins/fr.ac6.mcu.externaltools.arm-none.win32_1.16.0.201807130628/tools/compiler/bin/../lib/gcc/arm-none-eabi/7.2.1/../../../../arm-none-eabi/lib/thumb/v7e-m/fpv4-sp/hard\libc_nano.a(lib_a-memset.o)
