10:53:37 **** Incremental Build of configuration Debug for project powersupply ****
make all 
Building file: ../Src/main.c
Invoking: MCU GCC Compiler
D:\myprojects\2018\powersupply\firmware\powersupply\Debug
arm-none-eabi-gcc -mcpu=cortex-m7 -mthumb -mfloat-abi=hard -mfpu=fpv5-sp-d16 '-D__weak=__attribute__((weak))' '-D__packed=__attribute__((__packed__))' -DUSE_HAL_DRIVER -DSTM32F732xx -I"D:/myprojects/2018/powersupply/firmware/powersupply/Inc" -I"D:/myprojects/2018/powersupply/firmware/powersupply/Drivers/STM32F7xx_HAL_Driver/Inc" -I"D:/myprojects/2018/powersupply/firmware/powersupply/Drivers/STM32F7xx_HAL_Driver/Inc/Legacy" -I"D:/myprojects/2018/powersupply/firmware/powersupply/Middlewares/Third_Party/FreeRTOS/Source/portable/GCC/ARM_CM7/r0p1" -I"D:/myprojects/2018/powersupply/firmware/powersupply/Drivers/CMSIS/Device/ST/STM32F7xx/Include" -I"D:/myprojects/2018/powersupply/firmware/powersupply/Middlewares/Third_Party/FreeRTOS/Source/include" -I"D:/myprojects/2018/powersupply/firmware/powersupply/Middlewares/Third_Party/FreeRTOS/Source/CMSIS_RTOS" -I"D:/myprojects/2018/powersupply/firmware/powersupply/Drivers/CMSIS/Include"  -Og -g3 -Wall -fmessage-length=0 -ffunction-sections -c -fmessage-length=0 -MMD -MP -MF"Src/main.d" -MT"Src/main.o" -o "Src/main.o" "../Src/main.c"
Finished building: ../Src/main.c
 
Building file: ../Src/processing.c
Invoking: MCU GCC Compiler
D:\myprojects\2018\powersupply\firmware\powersupply\Debug
arm-none-eabi-gcc -mcpu=cortex-m7 -mthumb -mfloat-abi=hard -mfpu=fpv5-sp-d16 '-D__weak=__attribute__((weak))' '-D__packed=__attribute__((__packed__))' -DUSE_HAL_DRIVER -DSTM32F732xx -I"D:/myprojects/2018/powersupply/firmware/powersupply/Inc" -I"D:/myprojects/2018/powersupply/firmware/powersupply/Drivers/STM32F7xx_HAL_Driver/Inc" -I"D:/myprojects/2018/powersupply/firmware/powersupply/Drivers/STM32F7xx_HAL_Driver/Inc/Legacy" -I"D:/myprojects/2018/powersupply/firmware/powersupply/Middlewares/Third_Party/FreeRTOS/Source/portable/GCC/ARM_CM7/r0p1" -I"D:/myprojects/2018/powersupply/firmware/powersupply/Drivers/CMSIS/Device/ST/STM32F7xx/Include" -I"D:/myprojects/2018/powersupply/firmware/powersupply/Middlewares/Third_Party/FreeRTOS/Source/include" -I"D:/myprojects/2018/powersupply/firmware/powersupply/Middlewares/Third_Party/FreeRTOS/Source/CMSIS_RTOS" -I"D:/myprojects/2018/powersupply/firmware/powersupply/Drivers/CMSIS/Include"  -Og -g3 -Wall -fmessage-length=0 -ffunction-sections -c -fmessage-length=0 -MMD -MP -MF"Src/processing.d" -MT"Src/processing.o" -o "Src/processing.o" "../Src/processing.c"
Finished building: ../Src/processing.c
 
Building target: powersupply.elf
Invoking: MCU GCC Linker
arm-none-eabi-gcc -mcpu=cortex-m7 -mthumb -mfloat-abi=hard -mfpu=fpv5-sp-d16 -specs=nosys.specs -specs=nano.specs -T"../STM32F732RETx_FLASH.ld" -Wl,-Map=output.map -Wl,--gc-sections -o "powersupply.elf" @"objects.list"   -lm
Finished building target: powersupply.elf
 
make --no-print-directory post-build
Generating hex and Printing size information:
arm-none-eabi-objcopy -O ihex "powersupply.elf" "powersupply.hex"
arm-none-eabi-size "powersupply.elf"
   text	   data	    bss	    dec	    hex	filename
  15936	     24	  18280	  34240	   85c0	powersupply.elf
 

10:53:47 Build Finished (took 9s.438ms)

