22:47:44 **** Build of configuration Debug for project powersupply ****
make -j all 
Building file: ../startup/startup_stm32f732xx.s
Building file: ../Src/Display_2raw.c
Building file: ../Src/dwt_delay.c
Building file: ../Src/freertos.c
Invoking: MCU GCC Assembler
Invoking: MCU GCC Compiler
Invoking: MCU GCC Compiler
Invoking: MCU GCC Compiler
D:\gitRepos\Powersupply\firmware\powersupply\Debug
D:\gitRepos\Powersupply\firmware\powersupply\Debug
D:\gitRepos\Powersupply\firmware\powersupply\Debug
arm-none-eabi-as -mcpu=cortex-m7 -mthumb -mfloat-abi=hard -mfpu=fpv5-sp-d16 -g -o "startup/startup_stm32f732xx.o" "../startup/startup_stm32f732xx.s"
arm-none-eabi-gcc -mcpu=cortex-m7 -mthumb -mfloat-abi=hard -mfpu=fpv5-sp-d16 '-D__weak=__attribute__((weak))' '-D__packed=__attribute__((__packed__))' -DUSE_HAL_DRIVER -DSTM32F732xx -I"D:/gitRepos/Powersupply/firmware/powersupply/Inc" -I"D:/gitRepos/Powersupply/firmware/powersupply/Drivers/STM32F7xx_HAL_Driver/Inc" -I"D:/gitRepos/Powersupply/firmware/powersupply/Drivers/STM32F7xx_HAL_Driver/Inc/Legacy" -I"D:/gitRepos/Powersupply/firmware/powersupply/Middlewares/Third_Party/FreeRTOS/Source/portable/GCC/ARM_CM7/r0p1" -I"D:/gitRepos/Powersupply/firmware/powersupply/Drivers/CMSIS/Device/ST/STM32F7xx/Include" -I"D:/gitRepos/Powersupply/firmware/powersupply/Middlewares/Third_Party/FreeRTOS/Source/include" -I"D:/gitRepos/Powersupply/firmware/powersupply/Middlewares/Third_Party/FreeRTOS/Source/CMSIS_RTOS" -I"D:/gitRepos/Powersupply/firmware/powersupply/Drivers/CMSIS/Include"  -Og -g3 -Wall -fmessage-length=0 -ffunction-sections -c -fmessage-length=0 -MMD -MP -MF"Src/Display_2raw.d" -MT"Src/Display_2raw.o" -o "Src/Display_2raw.o" "../Src/Display_2raw.c"
D:\gitRepos\Powersupply\firmware\powersupply\Debug
arm-none-eabi-gcc -mcpu=cortex-m7 -mthumb -mfloat-abi=hard -mfpu=fpv5-sp-d16 '-D__weak=__attribute__((weak))' '-D__packed=__attribute__((__packed__))' -DUSE_HAL_DRIVER -DSTM32F732xx -I"D:/gitRepos/Powersupply/firmware/powersupply/Inc" -I"D:/gitRepos/Powersupply/firmware/powersupply/Drivers/STM32F7xx_HAL_Driver/Inc" -I"D:/gitRepos/Powersupply/firmware/powersupply/Drivers/STM32F7xx_HAL_Driver/Inc/Legacy" -I"D:/gitRepos/Powersupply/firmware/powersupply/Middlewares/Third_Party/FreeRTOS/Source/portable/GCC/ARM_CM7/r0p1" -I"D:/gitRepos/Powersupply/firmware/powersupply/Drivers/CMSIS/Device/ST/STM32F7xx/Include" -I"D:/gitRepos/Powersupply/firmware/powersupply/Middlewares/Third_Party/FreeRTOS/Source/include" -I"D:/gitRepos/Powersupply/firmware/powersupply/Middlewares/Third_Party/FreeRTOS/Source/CMSIS_RTOS" -I"D:/gitRepos/Powersupply/firmware/powersupply/Drivers/CMSIS/Include"  -Og -g3 -Wall -fmessage-length=0 -ffunction-sections -c -fmessage-length=0 -MMD -MP -MF"Src/dwt_delay.d" -MT"Src/dwt_delay.o" -o "Src/dwt_delay.o" "../Src/dwt_delay.c"
Building file: ../Src/main.c
arm-none-eabi-gcc -mcpu=cortex-m7 -mthumb -mfloat-abi=hard -mfpu=fpv5-sp-d16 '-D__weak=__attribute__((weak))' '-D__packed=__attribute__((__packed__))' -DUSE_HAL_DRIVER -DSTM32F732xx -I"D:/gitRepos/Powersupply/firmware/powersupply/Inc" -I"D:/gitRepos/Powersupply/firmware/powersupply/Drivers/STM32F7xx_HAL_Driver/Inc" -I"D:/gitRepos/Powersupply/firmware/powersupply/Drivers/STM32F7xx_HAL_Driver/Inc/Legacy" -I"D:/gitRepos/Powersupply/firmware/powersupply/Middlewares/Third_Party/FreeRTOS/Source/portable/GCC/ARM_CM7/r0p1" -I"D:/gitRepos/Powersupply/firmware/powersupply/Drivers/CMSIS/Device/ST/STM32F7xx/Include" -I"D:/gitRepos/Powersupply/firmware/powersupply/Middlewares/Third_Party/FreeRTOS/Source/include" -I"D:/gitRepos/Powersupply/firmware/powersupply/Middlewares/Third_Party/FreeRTOS/Source/CMSIS_RTOS" -I"D:/gitRepos/Powersupply/firmware/powersupply/Drivers/CMSIS/Include"  -Og -g3 -Wall -fmessage-length=0 -ffunction-sections -c -fmessage-length=0 -MMD -MP -MF"Src/freertos.d" -MT"Src/freertos.o" -o "Src/freertos.o" "../Src/freertos.c"
Invoking: MCU GCC Compiler
Building file: ../Src/processing.c
Building file: ../Src/stm32f7xx_hal_msp.c
Building file: ../Src/stm32f7xx_hal_timebase_TIM.c
D:\gitRepos\Powersupply\firmware\powersupply\Debug
Invoking: MCU GCC Compiler
arm-none-eabi-gcc -mcpu=cortex-m7 -mthumb -mfloat-abi=hard -mfpu=fpv5-sp-d16 '-D__weak=__attribute__((weak))' '-D__packed=__attribute__((__packed__))' -DUSE_HAL_DRIVER -DSTM32F732xx -I"D:/gitRepos/Powersupply/firmware/powersupply/Inc" -I"D:/gitRepos/Powersupply/firmware/powersupply/Drivers/STM32F7xx_HAL_Driver/Inc" -I"D:/gitRepos/Powersupply/firmware/powersupply/Drivers/STM32F7xx_HAL_Driver/Inc/Legacy" -I"D:/gitRepos/Powersupply/firmware/powersupply/Middlewares/Third_Party/FreeRTOS/Source/portable/GCC/ARM_CM7/r0p1" -I"D:/gitRepos/Powersupply/firmware/powersupply/Drivers/CMSIS/Device/ST/STM32F7xx/Include" -I"D:/gitRepos/Powersupply/firmware/powersupply/Middlewares/Third_Party/FreeRTOS/Source/include" -I"D:/gitRepos/Powersupply/firmware/powersupply/Middlewares/Third_Party/FreeRTOS/Source/CMSIS_RTOS" -I"D:/gitRepos/Powersupply/firmware/powersupply/Drivers/CMSIS/Include"  -Og -g3 -Wall -fmessage-length=0 -ffunction-sections -c -fmessage-length=0 -MMD -MP -MF"Src/main.d" -MT"Src/main.o" -o "Src/main.o" "../Src/main.c"
Invoking: MCU GCC Compiler
Invoking: MCU GCC Compiler
Finished building: ../startup/startup_stm32f732xx.s
D:\gitRepos\Powersupply\firmware\powersupply\Debug
D:\gitRepos\Powersupply\firmware\powersupply\Debug
D:\gitRepos\Powersupply\firmware\powersupply\Debug
arm-none-eabi-gcc -mcpu=cortex-m7 -mthumb -mfloat-abi=hard -mfpu=fpv5-sp-d16 '-D__weak=__attribute__((weak))' '-D__packed=__attribute__((__packed__))' -DUSE_HAL_DRIVER -DSTM32F732xx -I"D:/gitRepos/Powersupply/firmware/powersupply/Inc" -I"D:/gitRepos/Powersupply/firmware/powersupply/Drivers/STM32F7xx_HAL_Driver/Inc" -I"D:/gitRepos/Powersupply/firmware/powersupply/Drivers/STM32F7xx_HAL_Driver/Inc/Legacy" -I"D:/gitRepos/Powersupply/firmware/powersupply/Middlewares/Third_Party/FreeRTOS/Source/portable/GCC/ARM_CM7/r0p1" -I"D:/gitRepos/Powersupply/firmware/powersupply/Drivers/CMSIS/Device/ST/STM32F7xx/Include" -I"D:/gitRepos/Powersupply/firmware/powersupply/Middlewares/Third_Party/FreeRTOS/Source/include" -I"D:/gitRepos/Powersupply/firmware/powersupply/Middlewares/Third_Party/FreeRTOS/Source/CMSIS_RTOS" -I"D:/gitRepos/Powersupply/firmware/powersupply/Drivers/CMSIS/Include"  -Og -g3 -Wall -fmessage-length=0 -ffunction-sections -c -fmessage-length=0 -MMD -MP -MF"Src/processing.d" -MT"Src/processing.o" -o "Src/processing.o" "../Src/processing.c"
 
arm-none-eabi-gcc -mcpu=cortex-m7 -mthumb -mfloat-abi=hard -mfpu=fpv5-sp-d16 '-D__weak=__attribute__((weak))' '-D__packed=__attribute__((__packed__))' -DUSE_HAL_DRIVER -DSTM32F732xx -I"D:/gitRepos/Powersupply/firmware/powersupply/Inc" -I"D:/gitRepos/Powersupply/firmware/powersupply/Drivers/STM32F7xx_HAL_Driver/Inc" -I"D:/gitRepos/Powersupply/firmware/powersupply/Drivers/STM32F7xx_HAL_Driver/Inc/Legacy" -I"D:/gitRepos/Powersupply/firmware/powersupply/Middlewares/Third_Party/FreeRTOS/Source/portable/GCC/ARM_CM7/r0p1" -I"D:/gitRepos/Powersupply/firmware/powersupply/Drivers/CMSIS/Device/ST/STM32F7xx/Include" -I"D:/gitRepos/Powersupply/firmware/powersupply/Middlewares/Third_Party/FreeRTOS/Source/include" -I"D:/gitRepos/Powersupply/firmware/powersupply/Middlewares/Third_Party/FreeRTOS/Source/CMSIS_RTOS" -I"D:/gitRepos/Powersupply/firmware/powersupply/Drivers/CMSIS/Include"  -Og -g3 -Wall -fmessage-length=0 -ffunction-sections -c -fmessage-length=0 -MMD -MP -MF"Src/stm32f7xx_hal_msp.d" -MT"Src/stm32f7xx_hal_msp.o" -o "Src/stm32f7xx_hal_msp.o" "../Src/stm32f7xx_hal_msp.c"
arm-none-eabi-gcc -mcpu=cortex-m7 -mthumb -mfloat-abi=hard -mfpu=fpv5-sp-d16 '-D__weak=__attribute__((weak))' '-D__packed=__attribute__((__packed__))' -DUSE_HAL_DRIVER -DSTM32F732xx -I"D:/gitRepos/Powersupply/firmware/powersupply/Inc" -I"D:/gitRepos/Powersupply/firmware/powersupply/Drivers/STM32F7xx_HAL_Driver/Inc" -I"D:/gitRepos/Powersupply/firmware/powersupply/Drivers/STM32F7xx_HAL_Driver/Inc/Legacy" -I"D:/gitRepos/Powersupply/firmware/powersupply/Middlewares/Third_Party/FreeRTOS/Source/portable/GCC/ARM_CM7/r0p1" -I"D:/gitRepos/Powersupply/firmware/powersupply/Drivers/CMSIS/Device/ST/STM32F7xx/Include" -I"D:/gitRepos/Powersupply/firmware/powersupply/Middlewares/Third_Party/FreeRTOS/Source/include" -I"D:/gitRepos/Powersupply/firmware/powersupply/Middlewares/Third_Party/FreeRTOS/Source/CMSIS_RTOS" -I"D:/gitRepos/Powersupply/firmware/powersupply/Drivers/CMSIS/Include"  -Og -g3 -Wall -fmessage-length=0 -ffunction-sections -c -fmessage-length=0 -MMD -MP -MF"Src/stm32f7xx_hal_timebase_TIM.d" -MT"Src/stm32f7xx_hal_timebase_TIM.o" -o "Src/stm32f7xx_hal_timebase_TIM.o" "../Src/stm32f7xx_hal_timebase_TIM.c"
Building file: ../Src/stm32f7xx_it.c
Building file: ../Src/string_proc.c
Building file: ../Src/system_stm32f7xx.c
Invoking: MCU GCC Compiler
Finished building: ../Src/freertos.c
Invoking: MCU GCC Compiler
Building file: ../Middlewares/Third_Party/FreeRTOS/Source/portable/MemMang/heap_4.c
Building file: ../Middlewares/Third_Party/FreeRTOS/Source/portable/GCC/ARM_CM7/r0p1/port.c
Invoking: MCU GCC Compiler
D:\gitRepos\Powersupply\firmware\powersupply\Debug
 
D:\gitRepos\Powersupply\firmware\powersupply\Debug
Invoking: MCU GCC Compiler
Invoking: MCU GCC Compiler
arm-none-eabi-gcc -mcpu=cortex-m7 -mthumb -mfloat-abi=hard -mfpu=fpv5-sp-d16 '-D__weak=__attribute__((weak))' '-D__packed=__attribute__((__packed__))' -DUSE_HAL_DRIVER -DSTM32F732xx -I"D:/gitRepos/Powersupply/firmware/powersupply/Inc" -I"D:/gitRepos/Powersupply/firmware/powersupply/Drivers/STM32F7xx_HAL_Driver/Inc" -I"D:/gitRepos/Powersupply/firmware/powersupply/Drivers/STM32F7xx_HAL_Driver/Inc/Legacy" -I"D:/gitRepos/Powersupply/firmware/powersupply/Middlewares/Third_Party/FreeRTOS/Source/portable/GCC/ARM_CM7/r0p1" -I"D:/gitRepos/Powersupply/firmware/powersupply/Drivers/CMSIS/Device/ST/STM32F7xx/Include" -I"D:/gitRepos/Powersupply/firmware/powersupply/Middlewares/Third_Party/FreeRTOS/Source/include" -I"D:/gitRepos/Powersupply/firmware/powersupply/Middlewares/Third_Party/FreeRTOS/Source/CMSIS_RTOS" -I"D:/gitRepos/Powersupply/firmware/powersupply/Drivers/CMSIS/Include"  -Og -g3 -Wall -fmessage-length=0 -ffunction-sections -c -fmessage-length=0 -MMD -MP -MF"Src/stm32f7xx_it.d" -MT"Src/stm32f7xx_it.o" -o "Src/stm32f7xx_it.o" "../Src/stm32f7xx_it.c"
D:\gitRepos\Powersupply\firmware\powersupply\Debug
arm-none-eabi-gcc -mcpu=cortex-m7 -mthumb -mfloat-abi=hard -mfpu=fpv5-sp-d16 '-D__weak=__attribute__((weak))' '-D__packed=__attribute__((__packed__))' -DUSE_HAL_DRIVER -DSTM32F732xx -I"D:/gitRepos/Powersupply/firmware/powersupply/Inc" -I"D:/gitRepos/Powersupply/firmware/powersupply/Drivers/STM32F7xx_HAL_Driver/Inc" -I"D:/gitRepos/Powersupply/firmware/powersupply/Drivers/STM32F7xx_HAL_Driver/Inc/Legacy" -I"D:/gitRepos/Powersupply/firmware/powersupply/Middlewares/Third_Party/FreeRTOS/Source/portable/GCC/ARM_CM7/r0p1" -I"D:/gitRepos/Powersupply/firmware/powersupply/Drivers/CMSIS/Device/ST/STM32F7xx/Include" -I"D:/gitRepos/Powersupply/firmware/powersupply/Middlewares/Third_Party/FreeRTOS/Source/include" -I"D:/gitRepos/Powersupply/firmware/powersupply/Middlewares/Third_Party/FreeRTOS/Source/CMSIS_RTOS" -I"D:/gitRepos/Powersupply/firmware/powersupply/Drivers/CMSIS/Include"  -Og -g3 -Wall -fmessage-length=0 -ffunction-sections -c -fmessage-length=0 -MMD -MP -MF"Src/string_proc.d" -MT"Src/string_proc.o" -o "Src/string_proc.o" "../Src/string_proc.c"
D:\gitRepos\Powersupply\firmware\powersupply\Debug
arm-none-eabi-gcc -mcpu=cortex-m7 -mthumb -mfloat-abi=hard -mfpu=fpv5-sp-d16 '-D__weak=__attribute__((weak))' '-D__packed=__attribute__((__packed__))' -DUSE_HAL_DRIVER -DSTM32F732xx -I"D:/gitRepos/Powersupply/firmware/powersupply/Inc" -I"D:/gitRepos/Powersupply/firmware/powersupply/Drivers/STM32F7xx_HAL_Driver/Inc" -I"D:/gitRepos/Powersupply/firmware/powersupply/Drivers/STM32F7xx_HAL_Driver/Inc/Legacy" -I"D:/gitRepos/Powersupply/firmware/powersupply/Middlewares/Third_Party/FreeRTOS/Source/portable/GCC/ARM_CM7/r0p1" -I"D:/gitRepos/Powersupply/firmware/powersupply/Drivers/CMSIS/Device/ST/STM32F7xx/Include" -I"D:/gitRepos/Powersupply/firmware/powersupply/Middlewares/Third_Party/FreeRTOS/Source/include" -I"D:/gitRepos/Powersupply/firmware/powersupply/Middlewares/Third_Party/FreeRTOS/Source/CMSIS_RTOS" -I"D:/gitRepos/Powersupply/firmware/powersupply/Drivers/CMSIS/Include"  -Og -g3 -Wall -fmessage-length=0 -ffunction-sections -c -fmessage-length=0 -MMD -MP -MF"Src/system_stm32f7xx.d" -MT"Src/system_stm32f7xx.o" -o "Src/system_stm32f7xx.o" "../Src/system_stm32f7xx.c"
D:\gitRepos\Powersupply\firmware\powersupply\Debug
arm-none-eabi-gcc -mcpu=cortex-m7 -mthumb -mfloat-abi=hard -mfpu=fpv5-sp-d16 '-D__weak=__attribute__((weak))' '-D__packed=__attribute__((__packed__))' -DUSE_HAL_DRIVER -DSTM32F732xx -I"D:/gitRepos/Powersupply/firmware/powersupply/Inc" -I"D:/gitRepos/Powersupply/firmware/powersupply/Drivers/STM32F7xx_HAL_Driver/Inc" -I"D:/gitRepos/Powersupply/firmware/powersupply/Drivers/STM32F7xx_HAL_Driver/Inc/Legacy" -I"D:/gitRepos/Powersupply/firmware/powersupply/Middlewares/Third_Party/FreeRTOS/Source/portable/GCC/ARM_CM7/r0p1" -I"D:/gitRepos/Powersupply/firmware/powersupply/Drivers/CMSIS/Device/ST/STM32F7xx/Include" -I"D:/gitRepos/Powersupply/firmware/powersupply/Middlewares/Third_Party/FreeRTOS/Source/include" -I"D:/gitRepos/Powersupply/firmware/powersupply/Middlewares/Third_Party/FreeRTOS/Source/CMSIS_RTOS" -I"D:/gitRepos/Powersupply/firmware/powersupply/Drivers/CMSIS/Include"  -Og -g3 -Wall -fmessage-length=0 -ffunction-sections -c -fmessage-length=0 -MMD -MP -MF"Middlewares/Third_Party/FreeRTOS/Source/portable/MemMang/heap_4.d" -MT"Middlewares/Third_Party/FreeRTOS/Source/portable/MemMang/heap_4.o" -o "Middlewares/Third_Party/FreeRTOS/Source/portable/MemMang/heap_4.o" "../Middlewares/Third_Party/FreeRTOS/Source/portable/MemMang/heap_4.c"
arm-none-eabi-gcc -mcpu=cortex-m7 -mthumb -mfloat-abi=hard -mfpu=fpv5-sp-d16 '-D__weak=__attribute__((weak))' '-D__packed=__attribute__((__packed__))' -DUSE_HAL_DRIVER -DSTM32F732xx -I"D:/gitRepos/Powersupply/firmware/powersupply/Inc" -I"D:/gitRepos/Powersupply/firmware/powersupply/Drivers/STM32F7xx_HAL_Driver/Inc" -I"D:/gitRepos/Powersupply/firmware/powersupply/Drivers/STM32F7xx_HAL_Driver/Inc/Legacy" -I"D:/gitRepos/Powersupply/firmware/powersupply/Middlewares/Third_Party/FreeRTOS/Source/portable/GCC/ARM_CM7/r0p1" -I"D:/gitRepos/Powersupply/firmware/powersupply/Drivers/CMSIS/Device/ST/STM32F7xx/Include" -I"D:/gitRepos/Powersupply/firmware/powersupply/Middlewares/Third_Party/FreeRTOS/Source/include" -I"D:/gitRepos/Powersupply/firmware/powersupply/Middlewares/Third_Party/FreeRTOS/Source/CMSIS_RTOS" -I"D:/gitRepos/Powersupply/firmware/powersupply/Drivers/CMSIS/Include"  -Og -g3 -Wall -fmessage-length=0 -ffunction-sections -c -fmessage-length=0 -MMD -MP -MF"Middlewares/Third_Party/FreeRTOS/Source/portable/GCC/ARM_CM7/r0p1/port.d" -MT"Middlewares/Third_Party/FreeRTOS/Source/portable/GCC/ARM_CM7/r0p1/port.o" -o "Middlewares/Third_Party/FreeRTOS/Source/portable/GCC/ARM_CM7/r0p1/port.o" "../Middlewares/Third_Party/FreeRTOS/Source/portable/GCC/ARM_CM7/r0p1/port.c"
Building file: ../Middlewares/Third_Party/FreeRTOS/Source/CMSIS_RTOS/cmsis_os.c
Building file: ../Middlewares/Third_Party/FreeRTOS/Source/croutine.c
Finished building: ../Src/dwt_delay.c
Finished building: ../Src/Display_2raw.c
Invoking: MCU GCC Compiler
Invoking: MCU GCC Compiler
 
 
D:\gitRepos\Powersupply\firmware\powersupply\Debug
Finished building: ../Src/main.c
arm-none-eabi-gcc -mcpu=cortex-m7 -mthumb -mfloat-abi=hard -mfpu=fpv5-sp-d16 '-D__weak=__attribute__((weak))' '-D__packed=__attribute__((__packed__))' -DUSE_HAL_DRIVER -DSTM32F732xx -I"D:/gitRepos/Powersupply/firmware/powersupply/Inc" -I"D:/gitRepos/Powersupply/firmware/powersupply/Drivers/STM32F7xx_HAL_Driver/Inc" -I"D:/gitRepos/Powersupply/firmware/powersupply/Drivers/STM32F7xx_HAL_Driver/Inc/Legacy" -I"D:/gitRepos/Powersupply/firmware/powersupply/Middlewares/Third_Party/FreeRTOS/Source/portable/GCC/ARM_CM7/r0p1" -I"D:/gitRepos/Powersupply/firmware/powersupply/Drivers/CMSIS/Device/ST/STM32F7xx/Include" -I"D:/gitRepos/Powersupply/firmware/powersupply/Middlewares/Third_Party/FreeRTOS/Source/include" -I"D:/gitRepos/Powersupply/firmware/powersupply/Middlewares/Third_Party/FreeRTOS/Source/CMSIS_RTOS" -I"D:/gitRepos/Powersupply/firmware/powersupply/Drivers/CMSIS/Include"  -Og -g3 -Wall -fmessage-length=0 -ffunction-sections -c -fmessage-length=0 -MMD -MP -MF"Middlewares/Third_Party/FreeRTOS/Source/CMSIS_RTOS/cmsis_os.d" -MT"Middlewares/Third_Party/FreeRTOS/Source/CMSIS_RTOS/cmsis_os.o" -o "Middlewares/Third_Party/FreeRTOS/Source/CMSIS_RTOS/cmsis_os.o" "../Middlewares/Third_Party/FreeRTOS/Source/CMSIS_RTOS/cmsis_os.c"
Finished building: ../Src/processing.c
D:\gitRepos\Powersupply\firmware\powersupply\Debug
arm-none-eabi-gcc -mcpu=cortex-m7 -mthumb -mfloat-abi=hard -mfpu=fpv5-sp-d16 '-D__weak=__attribute__((weak))' '-D__packed=__attribute__((__packed__))' -DUSE_HAL_DRIVER -DSTM32F732xx -I"D:/gitRepos/Powersupply/firmware/powersupply/Inc" -I"D:/gitRepos/Powersupply/firmware/powersupply/Drivers/STM32F7xx_HAL_Driver/Inc" -I"D:/gitRepos/Powersupply/firmware/powersupply/Drivers/STM32F7xx_HAL_Driver/Inc/Legacy" -I"D:/gitRepos/Powersupply/firmware/powersupply/Middlewares/Third_Party/FreeRTOS/Source/portable/GCC/ARM_CM7/r0p1" -I"D:/gitRepos/Powersupply/firmware/powersupply/Drivers/CMSIS/Device/ST/STM32F7xx/Include" -I"D:/gitRepos/Powersupply/firmware/powersupply/Middlewares/Third_Party/FreeRTOS/Source/include" -I"D:/gitRepos/Powersupply/firmware/powersupply/Middlewares/Third_Party/FreeRTOS/Source/CMSIS_RTOS" -I"D:/gitRepos/Powersupply/firmware/powersupply/Drivers/CMSIS/Include"  -Og -g3 -Wall -fmessage-length=0 -ffunction-sections -c -fmessage-length=0 -MMD -MP -MF"Middlewares/Third_Party/FreeRTOS/Source/croutine.d" -MT"Middlewares/Third_Party/FreeRTOS/Source/croutine.o" -o "Middlewares/Third_Party/FreeRTOS/Source/croutine.o" "../Middlewares/Third_Party/FreeRTOS/Source/croutine.c"
Finished building: ../Src/stm32f7xx_hal_timebase_TIM.c
 
 
Building file: ../Middlewares/Third_Party/FreeRTOS/Source/event_groups.c
Finished building: ../Src/string_proc.c
 
Finished building: ../Middlewares/Third_Party/FreeRTOS/Source/portable/MemMang/heap_4.c
Finished building: ../Middlewares/Third_Party/FreeRTOS/Source/portable/GCC/ARM_CM7/r0p1/port.c
Invoking: MCU GCC Compiler
Finished building: ../Src/stm32f7xx_hal_msp.c
 
 
 
D:\gitRepos\Powersupply\firmware\powersupply\Debug
 
arm-none-eabi-gcc -mcpu=cortex-m7 -mthumb -mfloat-abi=hard -mfpu=fpv5-sp-d16 '-D__weak=__attribute__((weak))' '-D__packed=__attribute__((__packed__))' -DUSE_HAL_DRIVER -DSTM32F732xx -I"D:/gitRepos/Powersupply/firmware/powersupply/Inc" -I"D:/gitRepos/Powersupply/firmware/powersupply/Drivers/STM32F7xx_HAL_Driver/Inc" -I"D:/gitRepos/Powersupply/firmware/powersupply/Drivers/STM32F7xx_HAL_Driver/Inc/Legacy" -I"D:/gitRepos/Powersupply/firmware/powersupply/Middlewares/Third_Party/FreeRTOS/Source/portable/GCC/ARM_CM7/r0p1" -I"D:/gitRepos/Powersupply/firmware/powersupply/Drivers/CMSIS/Device/ST/STM32F7xx/Include" -I"D:/gitRepos/Powersupply/firmware/powersupply/Middlewares/Third_Party/FreeRTOS/Source/include" -I"D:/gitRepos/Powersupply/firmware/powersupply/Middlewares/Third_Party/FreeRTOS/Source/CMSIS_RTOS" -I"D:/gitRepos/Powersupply/firmware/powersupply/Drivers/CMSIS/Include"  -Og -g3 -Wall -fmessage-length=0 -ffunction-sections -c -fmessage-length=0 -MMD -MP -MF"Middlewares/Third_Party/FreeRTOS/Source/event_groups.d" -MT"Middlewares/Third_Party/FreeRTOS/Source/event_groups.o" -o "Middlewares/Third_Party/FreeRTOS/Source/event_groups.o" "../Middlewares/Third_Party/FreeRTOS/Source/event_groups.c"
Building file: ../Middlewares/Third_Party/FreeRTOS/Source/list.c
Finished building: ../Src/stm32f7xx_it.c
Building file: ../Middlewares/Third_Party/FreeRTOS/Source/queue.c
Invoking: MCU GCC Compiler
 
Invoking: MCU GCC Compiler
D:\gitRepos\Powersupply\firmware\powersupply\Debug
Building file: ../Middlewares/Third_Party/FreeRTOS/Source/tasks.c
arm-none-eabi-gcc -mcpu=cortex-m7 -mthumb -mfloat-abi=hard -mfpu=fpv5-sp-d16 '-D__weak=__attribute__((weak))' '-D__packed=__attribute__((__packed__))' -DUSE_HAL_DRIVER -DSTM32F732xx -I"D:/gitRepos/Powersupply/firmware/powersupply/Inc" -I"D:/gitRepos/Powersupply/firmware/powersupply/Drivers/STM32F7xx_HAL_Driver/Inc" -I"D:/gitRepos/Powersupply/firmware/powersupply/Drivers/STM32F7xx_HAL_Driver/Inc/Legacy" -I"D:/gitRepos/Powersupply/firmware/powersupply/Middlewares/Third_Party/FreeRTOS/Source/portable/GCC/ARM_CM7/r0p1" -I"D:/gitRepos/Powersupply/firmware/powersupply/Drivers/CMSIS/Device/ST/STM32F7xx/Include" -I"D:/gitRepos/Powersupply/firmware/powersupply/Middlewares/Third_Party/FreeRTOS/Source/include" -I"D:/gitRepos/Powersupply/firmware/powersupply/Middlewares/Third_Party/FreeRTOS/Source/CMSIS_RTOS" -I"D:/gitRepos/Powersupply/firmware/powersupply/Drivers/CMSIS/Include"  -Og -g3 -Wall -fmessage-length=0 -ffunction-sections -c -fmessage-length=0 -MMD -MP -MF"Middlewares/Third_Party/FreeRTOS/Source/list.d" -MT"Middlewares/Third_Party/FreeRTOS/Source/list.o" -o "Middlewares/Third_Party/FreeRTOS/Source/list.o" "../Middlewares/Third_Party/FreeRTOS/Source/list.c"
Building file: ../Middlewares/Third_Party/FreeRTOS/Source/timers.c
D:\gitRepos\Powersupply\firmware\powersupply\Debug
arm-none-eabi-gcc -mcpu=cortex-m7 -mthumb -mfloat-abi=hard -mfpu=fpv5-sp-d16 '-D__weak=__attribute__((weak))' '-D__packed=__attribute__((__packed__))' -DUSE_HAL_DRIVER -DSTM32F732xx -I"D:/gitRepos/Powersupply/firmware/powersupply/Inc" -I"D:/gitRepos/Powersupply/firmware/powersupply/Drivers/STM32F7xx_HAL_Driver/Inc" -I"D:/gitRepos/Powersupply/firmware/powersupply/Drivers/STM32F7xx_HAL_Driver/Inc/Legacy" -I"D:/gitRepos/Powersupply/firmware/powersupply/Middlewares/Third_Party/FreeRTOS/Source/portable/GCC/ARM_CM7/r0p1" -I"D:/gitRepos/Powersupply/firmware/powersupply/Drivers/CMSIS/Device/ST/STM32F7xx/Include" -I"D:/gitRepos/Powersupply/firmware/powersupply/Middlewares/Third_Party/FreeRTOS/Source/include" -I"D:/gitRepos/Powersupply/firmware/powersupply/Middlewares/Third_Party/FreeRTOS/Source/CMSIS_RTOS" -I"D:/gitRepos/Powersupply/firmware/powersupply/Drivers/CMSIS/Include"  -Og -g3 -Wall -fmessage-length=0 -ffunction-sections -c -fmessage-length=0 -MMD -MP -MF"Middlewares/Third_Party/FreeRTOS/Source/queue.d" -MT"Middlewares/Third_Party/FreeRTOS/Source/queue.o" -o "Middlewares/Third_Party/FreeRTOS/Source/queue.o" "../Middlewares/Third_Party/FreeRTOS/Source/queue.c"
Invoking: MCU GCC Compiler
Invoking: MCU GCC Compiler
Building file: ../Drivers/STM32F7xx_HAL_Driver/Src/stm32f7xx_hal.c
Finished building: ../Middlewares/Third_Party/FreeRTOS/Source/croutine.c
D:\gitRepos\Powersupply\firmware\powersupply\Debug
D:\gitRepos\Powersupply\firmware\powersupply\Debug
arm-none-eabi-gcc -mcpu=cortex-m7 -mthumb -mfloat-abi=hard -mfpu=fpv5-sp-d16 '-D__weak=__attribute__((weak))' '-D__packed=__attribute__((__packed__))' -DUSE_HAL_DRIVER -DSTM32F732xx -I"D:/gitRepos/Powersupply/firmware/powersupply/Inc" -I"D:/gitRepos/Powersupply/firmware/powersupply/Drivers/STM32F7xx_HAL_Driver/Inc" -I"D:/gitRepos/Powersupply/firmware/powersupply/Drivers/STM32F7xx_HAL_Driver/Inc/Legacy" -I"D:/gitRepos/Powersupply/firmware/powersupply/Middlewares/Third_Party/FreeRTOS/Source/portable/GCC/ARM_CM7/r0p1" -I"D:/gitRepos/Powersupply/firmware/powersupply/Drivers/CMSIS/Device/ST/STM32F7xx/Include" -I"D:/gitRepos/Powersupply/firmware/powersupply/Middlewares/Third_Party/FreeRTOS/Source/include" -I"D:/gitRepos/Powersupply/firmware/powersupply/Middlewares/Third_Party/FreeRTOS/Source/CMSIS_RTOS" -I"D:/gitRepos/Powersupply/firmware/powersupply/Drivers/CMSIS/Include"  -Og -g3 -Wall -fmessage-length=0 -ffunction-sections -c -fmessage-length=0 -MMD -MP -MF"Middlewares/Third_Party/FreeRTOS/Source/tasks.d" -MT"Middlewares/Third_Party/FreeRTOS/Source/tasks.o" -o "Middlewares/Third_Party/FreeRTOS/Source/tasks.o" "../Middlewares/Third_Party/FreeRTOS/Source/tasks.c"
 
Invoking: MCU GCC Compiler
arm-none-eabi-gcc -mcpu=cortex-m7 -mthumb -mfloat-abi=hard -mfpu=fpv5-sp-d16 '-D__weak=__attribute__((weak))' '-D__packed=__attribute__((__packed__))' -DUSE_HAL_DRIVER -DSTM32F732xx -I"D:/gitRepos/Powersupply/firmware/powersupply/Inc" -I"D:/gitRepos/Powersupply/firmware/powersupply/Drivers/STM32F7xx_HAL_Driver/Inc" -I"D:/gitRepos/Powersupply/firmware/powersupply/Drivers/STM32F7xx_HAL_Driver/Inc/Legacy" -I"D:/gitRepos/Powersupply/firmware/powersupply/Middlewares/Third_Party/FreeRTOS/Source/portable/GCC/ARM_CM7/r0p1" -I"D:/gitRepos/Powersupply/firmware/powersupply/Drivers/CMSIS/Device/ST/STM32F7xx/Include" -I"D:/gitRepos/Powersupply/firmware/powersupply/Middlewares/Third_Party/FreeRTOS/Source/include" -I"D:/gitRepos/Powersupply/firmware/powersupply/Middlewares/Third_Party/FreeRTOS/Source/CMSIS_RTOS" -I"D:/gitRepos/Powersupply/firmware/powersupply/Drivers/CMSIS/Include"  -Og -g3 -Wall -fmessage-length=0 -ffunction-sections -c -fmessage-length=0 -MMD -MP -MF"Middlewares/Third_Party/FreeRTOS/Source/timers.d" -MT"Middlewares/Third_Party/FreeRTOS/Source/timers.o" -o "Middlewares/Third_Party/FreeRTOS/Source/timers.o" "../Middlewares/Third_Party/FreeRTOS/Source/timers.c"
Finished building: ../Middlewares/Third_Party/FreeRTOS/Source/CMSIS_RTOS/cmsis_os.c
D:\gitRepos\Powersupply\firmware\powersupply\Debug
 
arm-none-eabi-gcc -mcpu=cortex-m7 -mthumb -mfloat-abi=hard -mfpu=fpv5-sp-d16 '-D__weak=__attribute__((weak))' '-D__packed=__attribute__((__packed__))' -DUSE_HAL_DRIVER -DSTM32F732xx -I"D:/gitRepos/Powersupply/firmware/powersupply/Inc" -I"D:/gitRepos/Powersupply/firmware/powersupply/Drivers/STM32F7xx_HAL_Driver/Inc" -I"D:/gitRepos/Powersupply/firmware/powersupply/Drivers/STM32F7xx_HAL_Driver/Inc/Legacy" -I"D:/gitRepos/Powersupply/firmware/powersupply/Middlewares/Third_Party/FreeRTOS/Source/portable/GCC/ARM_CM7/r0p1" -I"D:/gitRepos/Powersupply/firmware/powersupply/Drivers/CMSIS/Device/ST/STM32F7xx/Include" -I"D:/gitRepos/Powersupply/firmware/powersupply/Middlewares/Third_Party/FreeRTOS/Source/include" -I"D:/gitRepos/Powersupply/firmware/powersupply/Middlewares/Third_Party/FreeRTOS/Source/CMSIS_RTOS" -I"D:/gitRepos/Powersupply/firmware/powersupply/Drivers/CMSIS/Include"  -Og -g3 -Wall -fmessage-length=0 -ffunction-sections -c -fmessage-length=0 -MMD -MP -MF"Drivers/STM32F7xx_HAL_Driver/Src/stm32f7xx_hal.d" -MT"Drivers/STM32F7xx_HAL_Driver/Src/stm32f7xx_hal.o" -o "Drivers/STM32F7xx_HAL_Driver/Src/stm32f7xx_hal.o" "../Drivers/STM32F7xx_HAL_Driver/Src/stm32f7xx_hal.c"
Finished building: ../Src/system_stm32f7xx.c
Building file: ../Drivers/STM32F7xx_HAL_Driver/Src/stm32f7xx_hal_adc.c
Building file: ../Drivers/STM32F7xx_HAL_Driver/Src/stm32f7xx_hal_adc_ex.c
 
Invoking: MCU GCC Compiler
Building file: ../Drivers/STM32F7xx_HAL_Driver/Src/stm32f7xx_hal_cortex.c
Invoking: MCU GCC Compiler
D:\gitRepos\Powersupply\firmware\powersupply\Debug
Invoking: MCU GCC Compiler
D:\gitRepos\Powersupply\firmware\powersupply\Debug
arm-none-eabi-gcc -mcpu=cortex-m7 -mthumb -mfloat-abi=hard -mfpu=fpv5-sp-d16 '-D__weak=__attribute__((weak))' '-D__packed=__attribute__((__packed__))' -DUSE_HAL_DRIVER -DSTM32F732xx -I"D:/gitRepos/Powersupply/firmware/powersupply/Inc" -I"D:/gitRepos/Powersupply/firmware/powersupply/Drivers/STM32F7xx_HAL_Driver/Inc" -I"D:/gitRepos/Powersupply/firmware/powersupply/Drivers/STM32F7xx_HAL_Driver/Inc/Legacy" -I"D:/gitRepos/Powersupply/firmware/powersupply/Middlewares/Third_Party/FreeRTOS/Source/portable/GCC/ARM_CM7/r0p1" -I"D:/gitRepos/Powersupply/firmware/powersupply/Drivers/CMSIS/Device/ST/STM32F7xx/Include" -I"D:/gitRepos/Powersupply/firmware/powersupply/Middlewares/Third_Party/FreeRTOS/Source/include" -I"D:/gitRepos/Powersupply/firmware/powersupply/Middlewares/Third_Party/FreeRTOS/Source/CMSIS_RTOS" -I"D:/gitRepos/Powersupply/firmware/powersupply/Drivers/CMSIS/Include"  -Og -g3 -Wall -fmessage-length=0 -ffunction-sections -c -fmessage-length=0 -MMD -MP -MF"Drivers/STM32F7xx_HAL_Driver/Src/stm32f7xx_hal_adc.d" -MT"Drivers/STM32F7xx_HAL_Driver/Src/stm32f7xx_hal_adc.o" -o "Drivers/STM32F7xx_HAL_Driver/Src/stm32f7xx_hal_adc.o" "../Drivers/STM32F7xx_HAL_Driver/Src/stm32f7xx_hal_adc.c"
Finished building: ../Middlewares/Third_Party/FreeRTOS/Source/event_groups.c
Finished building: ../Middlewares/Third_Party/FreeRTOS/Source/list.c
arm-none-eabi-gcc -mcpu=cortex-m7 -mthumb -mfloat-abi=hard -mfpu=fpv5-sp-d16 '-D__weak=__attribute__((weak))' '-D__packed=__attribute__((__packed__))' -DUSE_HAL_DRIVER -DSTM32F732xx -I"D:/gitRepos/Powersupply/firmware/powersupply/Inc" -I"D:/gitRepos/Powersupply/firmware/powersupply/Drivers/STM32F7xx_HAL_Driver/Inc" -I"D:/gitRepos/Powersupply/firmware/powersupply/Drivers/STM32F7xx_HAL_Driver/Inc/Legacy" -I"D:/gitRepos/Powersupply/firmware/powersupply/Middlewares/Third_Party/FreeRTOS/Source/portable/GCC/ARM_CM7/r0p1" -I"D:/gitRepos/Powersupply/firmware/powersupply/Drivers/CMSIS/Device/ST/STM32F7xx/Include" -I"D:/gitRepos/Powersupply/firmware/powersupply/Middlewares/Third_Party/FreeRTOS/Source/include" -I"D:/gitRepos/Powersupply/firmware/powersupply/Middlewares/Third_Party/FreeRTOS/Source/CMSIS_RTOS" -I"D:/gitRepos/Powersupply/firmware/powersupply/Drivers/CMSIS/Include"  -Og -g3 -Wall -fmessage-length=0 -ffunction-sections -c -fmessage-length=0 -MMD -MP -MF"Drivers/STM32F7xx_HAL_Driver/Src/stm32f7xx_hal_adc_ex.d" -MT"Drivers/STM32F7xx_HAL_Driver/Src/stm32f7xx_hal_adc_ex.o" -o "Drivers/STM32F7xx_HAL_Driver/Src/stm32f7xx_hal_adc_ex.o" "../Drivers/STM32F7xx_HAL_Driver/Src/stm32f7xx_hal_adc_ex.c"
D:\gitRepos\Powersupply\firmware\powersupply\Debug
arm-none-eabi-gcc -mcpu=cortex-m7 -mthumb -mfloat-abi=hard -mfpu=fpv5-sp-d16 '-D__weak=__attribute__((weak))' '-D__packed=__attribute__((__packed__))' -DUSE_HAL_DRIVER -DSTM32F732xx -I"D:/gitRepos/Powersupply/firmware/powersupply/Inc" -I"D:/gitRepos/Powersupply/firmware/powersupply/Drivers/STM32F7xx_HAL_Driver/Inc" -I"D:/gitRepos/Powersupply/firmware/powersupply/Drivers/STM32F7xx_HAL_Driver/Inc/Legacy" -I"D:/gitRepos/Powersupply/firmware/powersupply/Middlewares/Third_Party/FreeRTOS/Source/portable/GCC/ARM_CM7/r0p1" -I"D:/gitRepos/Powersupply/firmware/powersupply/Drivers/CMSIS/Device/ST/STM32F7xx/Include" -I"D:/gitRepos/Powersupply/firmware/powersupply/Middlewares/Third_Party/FreeRTOS/Source/include" -I"D:/gitRepos/Powersupply/firmware/powersupply/Middlewares/Third_Party/FreeRTOS/Source/CMSIS_RTOS" -I"D:/gitRepos/Powersupply/firmware/powersupply/Drivers/CMSIS/Include"  -Og -g3 -Wall -fmessage-length=0 -ffunction-sections -c -fmessage-length=0 -MMD -MP -MF"Drivers/STM32F7xx_HAL_Driver/Src/stm32f7xx_hal_cortex.d" -MT"Drivers/STM32F7xx_HAL_Driver/Src/stm32f7xx_hal_cortex.o" -o "Drivers/STM32F7xx_HAL_Driver/Src/stm32f7xx_hal_cortex.o" "../Drivers/STM32F7xx_HAL_Driver/Src/stm32f7xx_hal_cortex.c"
 
 
Finished building: ../Middlewares/Third_Party/FreeRTOS/Source/timers.c
Finished building: ../Middlewares/Third_Party/FreeRTOS/Source/queue.c
Building file: ../Drivers/STM32F7xx_HAL_Driver/Src/stm32f7xx_hal_dac.c
Building file: ../Drivers/STM32F7xx_HAL_Driver/Src/stm32f7xx_hal_dac_ex.c
Building file: ../Drivers/STM32F7xx_HAL_Driver/Src/stm32f7xx_hal_dma.c
 
 
Invoking: MCU GCC Compiler
Invoking: MCU GCC Compiler
Invoking: MCU GCC Compiler
D:\gitRepos\Powersupply\firmware\powersupply\Debug
arm-none-eabi-gcc -mcpu=cortex-m7 -mthumb -mfloat-abi=hard -mfpu=fpv5-sp-d16 '-D__weak=__attribute__((weak))' '-D__packed=__attribute__((__packed__))' -DUSE_HAL_DRIVER -DSTM32F732xx -I"D:/gitRepos/Powersupply/firmware/powersupply/Inc" -I"D:/gitRepos/Powersupply/firmware/powersupply/Drivers/STM32F7xx_HAL_Driver/Inc" -I"D:/gitRepos/Powersupply/firmware/powersupply/Drivers/STM32F7xx_HAL_Driver/Inc/Legacy" -I"D:/gitRepos/Powersupply/firmware/powersupply/Middlewares/Third_Party/FreeRTOS/Source/portable/GCC/ARM_CM7/r0p1" -I"D:/gitRepos/Powersupply/firmware/powersupply/Drivers/CMSIS/Device/ST/STM32F7xx/Include" -I"D:/gitRepos/Powersupply/firmware/powersupply/Middlewares/Third_Party/FreeRTOS/Source/include" -I"D:/gitRepos/Powersupply/firmware/powersupply/Middlewares/Third_Party/FreeRTOS/Source/CMSIS_RTOS" -I"D:/gitRepos/Powersupply/firmware/powersupply/Drivers/CMSIS/Include"  -Og -g3 -Wall -fmessage-length=0 -ffunction-sections -c -fmessage-length=0 -MMD -MP -MF"Drivers/STM32F7xx_HAL_Driver/Src/stm32f7xx_hal_dac.d" -MT"Drivers/STM32F7xx_HAL_Driver/Src/stm32f7xx_hal_dac.o" -o "Drivers/STM32F7xx_HAL_Driver/Src/stm32f7xx_hal_dac.o" "../Drivers/STM32F7xx_HAL_Driver/Src/stm32f7xx_hal_dac.c"
D:\gitRepos\Powersupply\firmware\powersupply\Debug
D:\gitRepos\Powersupply\firmware\powersupply\Debug
arm-none-eabi-gcc -mcpu=cortex-m7 -mthumb -mfloat-abi=hard -mfpu=fpv5-sp-d16 '-D__weak=__attribute__((weak))' '-D__packed=__attribute__((__packed__))' -DUSE_HAL_DRIVER -DSTM32F732xx -I"D:/gitRepos/Powersupply/firmware/powersupply/Inc" -I"D:/gitRepos/Powersupply/firmware/powersupply/Drivers/STM32F7xx_HAL_Driver/Inc" -I"D:/gitRepos/Powersupply/firmware/powersupply/Drivers/STM32F7xx_HAL_Driver/Inc/Legacy" -I"D:/gitRepos/Powersupply/firmware/powersupply/Middlewares/Third_Party/FreeRTOS/Source/portable/GCC/ARM_CM7/r0p1" -I"D:/gitRepos/Powersupply/firmware/powersupply/Drivers/CMSIS/Device/ST/STM32F7xx/Include" -I"D:/gitRepos/Powersupply/firmware/powersupply/Middlewares/Third_Party/FreeRTOS/Source/include" -I"D:/gitRepos/Powersupply/firmware/powersupply/Middlewares/Third_Party/FreeRTOS/Source/CMSIS_RTOS" -I"D:/gitRepos/Powersupply/firmware/powersupply/Drivers/CMSIS/Include"  -Og -g3 -Wall -fmessage-length=0 -ffunction-sections -c -fmessage-length=0 -MMD -MP -MF"Drivers/STM32F7xx_HAL_Driver/Src/stm32f7xx_hal_dac_ex.d" -MT"Drivers/STM32F7xx_HAL_Driver/Src/stm32f7xx_hal_dac_ex.o" -o "Drivers/STM32F7xx_HAL_Driver/Src/stm32f7xx_hal_dac_ex.o" "../Drivers/STM32F7xx_HAL_Driver/Src/stm32f7xx_hal_dac_ex.c"
Finished building: ../Middlewares/Third_Party/FreeRTOS/Source/tasks.c
arm-none-eabi-gcc -mcpu=cortex-m7 -mthumb -mfloat-abi=hard -mfpu=fpv5-sp-d16 '-D__weak=__attribute__((weak))' '-D__packed=__attribute__((__packed__))' -DUSE_HAL_DRIVER -DSTM32F732xx -I"D:/gitRepos/Powersupply/firmware/powersupply/Inc" -I"D:/gitRepos/Powersupply/firmware/powersupply/Drivers/STM32F7xx_HAL_Driver/Inc" -I"D:/gitRepos/Powersupply/firmware/powersupply/Drivers/STM32F7xx_HAL_Driver/Inc/Legacy" -I"D:/gitRepos/Powersupply/firmware/powersupply/Middlewares/Third_Party/FreeRTOS/Source/portable/GCC/ARM_CM7/r0p1" -I"D:/gitRepos/Powersupply/firmware/powersupply/Drivers/CMSIS/Device/ST/STM32F7xx/Include" -I"D:/gitRepos/Powersupply/firmware/powersupply/Middlewares/Third_Party/FreeRTOS/Source/include" -I"D:/gitRepos/Powersupply/firmware/powersupply/Middlewares/Third_Party/FreeRTOS/Source/CMSIS_RTOS" -I"D:/gitRepos/Powersupply/firmware/powersupply/Drivers/CMSIS/Include"  -Og -g3 -Wall -fmessage-length=0 -ffunction-sections -c -fmessage-length=0 -MMD -MP -MF"Drivers/STM32F7xx_HAL_Driver/Src/stm32f7xx_hal_dma.d" -MT"Drivers/STM32F7xx_HAL_Driver/Src/stm32f7xx_hal_dma.o" -o "Drivers/STM32F7xx_HAL_Driver/Src/stm32f7xx_hal_dma.o" "../Drivers/STM32F7xx_HAL_Driver/Src/stm32f7xx_hal_dma.c"
 
Building file: ../Drivers/STM32F7xx_HAL_Driver/Src/stm32f7xx_hal_dma_ex.c
Building file: ../Drivers/STM32F7xx_HAL_Driver/Src/stm32f7xx_hal_flash.c
Invoking: MCU GCC Compiler
Building file: ../Drivers/STM32F7xx_HAL_Driver/Src/stm32f7xx_hal_flash_ex.c
Building file: ../Drivers/STM32F7xx_HAL_Driver/Src/stm32f7xx_hal_gpio.c
Invoking: MCU GCC Compiler
D:\gitRepos\Powersupply\firmware\powersupply\Debug
Invoking: MCU GCC Compiler
Finished building: ../Drivers/STM32F7xx_HAL_Driver/Src/stm32f7xx_hal.c
Invoking: MCU GCC Compiler
arm-none-eabi-gcc -mcpu=cortex-m7 -mthumb -mfloat-abi=hard -mfpu=fpv5-sp-d16 '-D__weak=__attribute__((weak))' '-D__packed=__attribute__((__packed__))' -DUSE_HAL_DRIVER -DSTM32F732xx -I"D:/gitRepos/Powersupply/firmware/powersupply/Inc" -I"D:/gitRepos/Powersupply/firmware/powersupply/Drivers/STM32F7xx_HAL_Driver/Inc" -I"D:/gitRepos/Powersupply/firmware/powersupply/Drivers/STM32F7xx_HAL_Driver/Inc/Legacy" -I"D:/gitRepos/Powersupply/firmware/powersupply/Middlewares/Third_Party/FreeRTOS/Source/portable/GCC/ARM_CM7/r0p1" -I"D:/gitRepos/Powersupply/firmware/powersupply/Drivers/CMSIS/Device/ST/STM32F7xx/Include" -I"D:/gitRepos/Powersupply/firmware/powersupply/Middlewares/Third_Party/FreeRTOS/Source/include" -I"D:/gitRepos/Powersupply/firmware/powersupply/Middlewares/Third_Party/FreeRTOS/Source/CMSIS_RTOS" -I"D:/gitRepos/Powersupply/firmware/powersupply/Drivers/CMSIS/Include"  -Og -g3 -Wall -fmessage-length=0 -ffunction-sections -c -fmessage-length=0 -MMD -MP -MF"Drivers/STM32F7xx_HAL_Driver/Src/stm32f7xx_hal_dma_ex.d" -MT"Drivers/STM32F7xx_HAL_Driver/Src/stm32f7xx_hal_dma_ex.o" -o "Drivers/STM32F7xx_HAL_Driver/Src/stm32f7xx_hal_dma_ex.o" "../Drivers/STM32F7xx_HAL_Driver/Src/stm32f7xx_hal_dma_ex.c"
D:\gitRepos\Powersupply\firmware\powersupply\Debug
D:\gitRepos\Powersupply\firmware\powersupply\Debug
arm-none-eabi-gcc -mcpu=cortex-m7 -mthumb -mfloat-abi=hard -mfpu=fpv5-sp-d16 '-D__weak=__attribute__((weak))' '-D__packed=__attribute__((__packed__))' -DUSE_HAL_DRIVER -DSTM32F732xx -I"D:/gitRepos/Powersupply/firmware/powersupply/Inc" -I"D:/gitRepos/Powersupply/firmware/powersupply/Drivers/STM32F7xx_HAL_Driver/Inc" -I"D:/gitRepos/Powersupply/firmware/powersupply/Drivers/STM32F7xx_HAL_Driver/Inc/Legacy" -I"D:/gitRepos/Powersupply/firmware/powersupply/Middlewares/Third_Party/FreeRTOS/Source/portable/GCC/ARM_CM7/r0p1" -I"D:/gitRepos/Powersupply/firmware/powersupply/Drivers/CMSIS/Device/ST/STM32F7xx/Include" -I"D:/gitRepos/Powersupply/firmware/powersupply/Middlewares/Third_Party/FreeRTOS/Source/include" -I"D:/gitRepos/Powersupply/firmware/powersupply/Middlewares/Third_Party/FreeRTOS/Source/CMSIS_RTOS" -I"D:/gitRepos/Powersupply/firmware/powersupply/Drivers/CMSIS/Include"  -Og -g3 -Wall -fmessage-length=0 -ffunction-sections -c -fmessage-length=0 -MMD -MP -MF"Drivers/STM32F7xx_HAL_Driver/Src/stm32f7xx_hal_flash.d" -MT"Drivers/STM32F7xx_HAL_Driver/Src/stm32f7xx_hal_flash.o" -o "Drivers/STM32F7xx_HAL_Driver/Src/stm32f7xx_hal_flash.o" "../Drivers/STM32F7xx_HAL_Driver/Src/stm32f7xx_hal_flash.c"
 
arm-none-eabi-gcc -mcpu=cortex-m7 -mthumb -mfloat-abi=hard -mfpu=fpv5-sp-d16 '-D__weak=__attribute__((weak))' '-D__packed=__attribute__((__packed__))' -DUSE_HAL_DRIVER -DSTM32F732xx -I"D:/gitRepos/Powersupply/firmware/powersupply/Inc" -I"D:/gitRepos/Powersupply/firmware/powersupply/Drivers/STM32F7xx_HAL_Driver/Inc" -I"D:/gitRepos/Powersupply/firmware/powersupply/Drivers/STM32F7xx_HAL_Driver/Inc/Legacy" -I"D:/gitRepos/Powersupply/firmware/powersupply/Middlewares/Third_Party/FreeRTOS/Source/portable/GCC/ARM_CM7/r0p1" -I"D:/gitRepos/Powersupply/firmware/powersupply/Drivers/CMSIS/Device/ST/STM32F7xx/Include" -I"D:/gitRepos/Powersupply/firmware/powersupply/Middlewares/Third_Party/FreeRTOS/Source/include" -I"D:/gitRepos/Powersupply/firmware/powersupply/Middlewares/Third_Party/FreeRTOS/Source/CMSIS_RTOS" -I"D:/gitRepos/Powersupply/firmware/powersupply/Drivers/CMSIS/Include"  -Og -g3 -Wall -fmessage-length=0 -ffunction-sections -c -fmessage-length=0 -MMD -MP -MF"Drivers/STM32F7xx_HAL_Driver/Src/stm32f7xx_hal_flash_ex.d" -MT"Drivers/STM32F7xx_HAL_Driver/Src/stm32f7xx_hal_flash_ex.o" -o "Drivers/STM32F7xx_HAL_Driver/Src/stm32f7xx_hal_flash_ex.o" "../Drivers/STM32F7xx_HAL_Driver/Src/stm32f7xx_hal_flash_ex.c"
D:\gitRepos\Powersupply\firmware\powersupply\Debug
arm-none-eabi-gcc -mcpu=cortex-m7 -mthumb -mfloat-abi=hard -mfpu=fpv5-sp-d16 '-D__weak=__attribute__((weak))' '-D__packed=__attribute__((__packed__))' -DUSE_HAL_DRIVER -DSTM32F732xx -I"D:/gitRepos/Powersupply/firmware/powersupply/Inc" -I"D:/gitRepos/Powersupply/firmware/powersupply/Drivers/STM32F7xx_HAL_Driver/Inc" -I"D:/gitRepos/Powersupply/firmware/powersupply/Drivers/STM32F7xx_HAL_Driver/Inc/Legacy" -I"D:/gitRepos/Powersupply/firmware/powersupply/Middlewares/Third_Party/FreeRTOS/Source/portable/GCC/ARM_CM7/r0p1" -I"D:/gitRepos/Powersupply/firmware/powersupply/Drivers/CMSIS/Device/ST/STM32F7xx/Include" -I"D:/gitRepos/Powersupply/firmware/powersupply/Middlewares/Third_Party/FreeRTOS/Source/include" -I"D:/gitRepos/Powersupply/firmware/powersupply/Middlewares/Third_Party/FreeRTOS/Source/CMSIS_RTOS" -I"D:/gitRepos/Powersupply/firmware/powersupply/Drivers/CMSIS/Include"  -Og -g3 -Wall -fmessage-length=0 -ffunction-sections -c -fmessage-length=0 -MMD -MP -MF"Drivers/STM32F7xx_HAL_Driver/Src/stm32f7xx_hal_gpio.d" -MT"Drivers/STM32F7xx_HAL_Driver/Src/stm32f7xx_hal_gpio.o" -o "Drivers/STM32F7xx_HAL_Driver/Src/stm32f7xx_hal_gpio.o" "../Drivers/STM32F7xx_HAL_Driver/Src/stm32f7xx_hal_gpio.c"
Building file: ../Drivers/STM32F7xx_HAL_Driver/Src/stm32f7xx_hal_i2c.c
Building file: ../Drivers/STM32F7xx_HAL_Driver/Src/stm32f7xx_hal_i2c_ex.c
Finished building: ../Drivers/STM32F7xx_HAL_Driver/Src/stm32f7xx_hal_cortex.c
Invoking: MCU GCC Compiler
Finished building: ../Drivers/STM32F7xx_HAL_Driver/Src/stm32f7xx_hal_adc_ex.c
Finished building: ../Drivers/STM32F7xx_HAL_Driver/Src/stm32f7xx_hal_adc.c
Invoking: MCU GCC Compiler
 
D:\gitRepos\Powersupply\firmware\powersupply\Debug
 
 
Finished building: ../Drivers/STM32F7xx_HAL_Driver/Src/stm32f7xx_hal_dac.c
arm-none-eabi-gcc -mcpu=cortex-m7 -mthumb -mfloat-abi=hard -mfpu=fpv5-sp-d16 '-D__weak=__attribute__((weak))' '-D__packed=__attribute__((__packed__))' -DUSE_HAL_DRIVER -DSTM32F732xx -I"D:/gitRepos/Powersupply/firmware/powersupply/Inc" -I"D:/gitRepos/Powersupply/firmware/powersupply/Drivers/STM32F7xx_HAL_Driver/Inc" -I"D:/gitRepos/Powersupply/firmware/powersupply/Drivers/STM32F7xx_HAL_Driver/Inc/Legacy" -I"D:/gitRepos/Powersupply/firmware/powersupply/Middlewares/Third_Party/FreeRTOS/Source/portable/GCC/ARM_CM7/r0p1" -I"D:/gitRepos/Powersupply/firmware/powersupply/Drivers/CMSIS/Device/ST/STM32F7xx/Include" -I"D:/gitRepos/Powersupply/firmware/powersupply/Middlewares/Third_Party/FreeRTOS/Source/include" -I"D:/gitRepos/Powersupply/firmware/powersupply/Middlewares/Third_Party/FreeRTOS/Source/CMSIS_RTOS" -I"D:/gitRepos/Powersupply/firmware/powersupply/Drivers/CMSIS/Include"  -Og -g3 -Wall -fmessage-length=0 -ffunction-sections -c -fmessage-length=0 -MMD -MP -MF"Drivers/STM32F7xx_HAL_Driver/Src/stm32f7xx_hal_i2c.d" -MT"Drivers/STM32F7xx_HAL_Driver/Src/stm32f7xx_hal_i2c.o" -o "Drivers/STM32F7xx_HAL_Driver/Src/stm32f7xx_hal_i2c.o" "../Drivers/STM32F7xx_HAL_Driver/Src/stm32f7xx_hal_i2c.c"
D:\gitRepos\Powersupply\firmware\powersupply\Debug
arm-none-eabi-gcc -mcpu=cortex-m7 -mthumb -mfloat-abi=hard -mfpu=fpv5-sp-d16 '-D__weak=__attribute__((weak))' '-D__packed=__attribute__((__packed__))' -DUSE_HAL_DRIVER -DSTM32F732xx -I"D:/gitRepos/Powersupply/firmware/powersupply/Inc" -I"D:/gitRepos/Powersupply/firmware/powersupply/Drivers/STM32F7xx_HAL_Driver/Inc" -I"D:/gitRepos/Powersupply/firmware/powersupply/Drivers/STM32F7xx_HAL_Driver/Inc/Legacy" -I"D:/gitRepos/Powersupply/firmware/powersupply/Middlewares/Third_Party/FreeRTOS/Source/portable/GCC/ARM_CM7/r0p1" -I"D:/gitRepos/Powersupply/firmware/powersupply/Drivers/CMSIS/Device/ST/STM32F7xx/Include" -I"D:/gitRepos/Powersupply/firmware/powersupply/Middlewares/Third_Party/FreeRTOS/Source/include" -I"D:/gitRepos/Powersupply/firmware/powersupply/Middlewares/Third_Party/FreeRTOS/Source/CMSIS_RTOS" -I"D:/gitRepos/Powersupply/firmware/powersupply/Drivers/CMSIS/Include"  -Og -g3 -Wall -fmessage-length=0 -ffunction-sections -c -fmessage-length=0 -MMD -MP -MF"Drivers/STM32F7xx_HAL_Driver/Src/stm32f7xx_hal_i2c_ex.d" -MT"Drivers/STM32F7xx_HAL_Driver/Src/stm32f7xx_hal_i2c_ex.o" -o "Drivers/STM32F7xx_HAL_Driver/Src/stm32f7xx_hal_i2c_ex.o" "../Drivers/STM32F7xx_HAL_Driver/Src/stm32f7xx_hal_i2c_ex.c"
 
Building file: ../Drivers/STM32F7xx_HAL_Driver/Src/stm32f7xx_hal_pwr.c
Building file: ../Drivers/STM32F7xx_HAL_Driver/Src/stm32f7xx_hal_pwr_ex.c
Invoking: MCU GCC Compiler
Finished building: ../Drivers/STM32F7xx_HAL_Driver/Src/stm32f7xx_hal_dma.c
Invoking: MCU GCC Compiler
D:\gitRepos\Powersupply\firmware\powersupply\Debug
Building file: ../Drivers/STM32F7xx_HAL_Driver/Src/stm32f7xx_hal_rcc.c
Building file: ../Drivers/STM32F7xx_HAL_Driver/Src/stm32f7xx_hal_rcc_ex.c
arm-none-eabi-gcc -mcpu=cortex-m7 -mthumb -mfloat-abi=hard -mfpu=fpv5-sp-d16 '-D__weak=__attribute__((weak))' '-D__packed=__attribute__((__packed__))' -DUSE_HAL_DRIVER -DSTM32F732xx -I"D:/gitRepos/Powersupply/firmware/powersupply/Inc" -I"D:/gitRepos/Powersupply/firmware/powersupply/Drivers/STM32F7xx_HAL_Driver/Inc" -I"D:/gitRepos/Powersupply/firmware/powersupply/Drivers/STM32F7xx_HAL_Driver/Inc/Legacy" -I"D:/gitRepos/Powersupply/firmware/powersupply/Middlewares/Third_Party/FreeRTOS/Source/portable/GCC/ARM_CM7/r0p1" -I"D:/gitRepos/Powersupply/firmware/powersupply/Drivers/CMSIS/Device/ST/STM32F7xx/Include" -I"D:/gitRepos/Powersupply/firmware/powersupply/Middlewares/Third_Party/FreeRTOS/Source/include" -I"D:/gitRepos/Powersupply/firmware/powersupply/Middlewares/Third_Party/FreeRTOS/Source/CMSIS_RTOS" -I"D:/gitRepos/Powersupply/firmware/powersupply/Drivers/CMSIS/Include"  -Og -g3 -Wall -fmessage-length=0 -ffunction-sections -c -fmessage-length=0 -MMD -MP -MF"Drivers/STM32F7xx_HAL_Driver/Src/stm32f7xx_hal_pwr.d" -MT"Drivers/STM32F7xx_HAL_Driver/Src/stm32f7xx_hal_pwr.o" -o "Drivers/STM32F7xx_HAL_Driver/Src/stm32f7xx_hal_pwr.o" "../Drivers/STM32F7xx_HAL_Driver/Src/stm32f7xx_hal_pwr.c"
 
D:\gitRepos\Powersupply\firmware\powersupply\Debug
Finished building: ../Drivers/STM32F7xx_HAL_Driver/Src/stm32f7xx_hal_dac_ex.c
Invoking: MCU GCC Compiler
arm-none-eabi-gcc -mcpu=cortex-m7 -mthumb -mfloat-abi=hard -mfpu=fpv5-sp-d16 '-D__weak=__attribute__((weak))' '-D__packed=__attribute__((__packed__))' -DUSE_HAL_DRIVER -DSTM32F732xx -I"D:/gitRepos/Powersupply/firmware/powersupply/Inc" -I"D:/gitRepos/Powersupply/firmware/powersupply/Drivers/STM32F7xx_HAL_Driver/Inc" -I"D:/gitRepos/Powersupply/firmware/powersupply/Drivers/STM32F7xx_HAL_Driver/Inc/Legacy" -I"D:/gitRepos/Powersupply/firmware/powersupply/Middlewares/Third_Party/FreeRTOS/Source/portable/GCC/ARM_CM7/r0p1" -I"D:/gitRepos/Powersupply/firmware/powersupply/Drivers/CMSIS/Device/ST/STM32F7xx/Include" -I"D:/gitRepos/Powersupply/firmware/powersupply/Middlewares/Third_Party/FreeRTOS/Source/include" -I"D:/gitRepos/Powersupply/firmware/powersupply/Middlewares/Third_Party/FreeRTOS/Source/CMSIS_RTOS" -I"D:/gitRepos/Powersupply/firmware/powersupply/Drivers/CMSIS/Include"  -Og -g3 -Wall -fmessage-length=0 -ffunction-sections -c -fmessage-length=0 -MMD -MP -MF"Drivers/STM32F7xx_HAL_Driver/Src/stm32f7xx_hal_pwr_ex.d" -MT"Drivers/STM32F7xx_HAL_Driver/Src/stm32f7xx_hal_pwr_ex.o" -o "Drivers/STM32F7xx_HAL_Driver/Src/stm32f7xx_hal_pwr_ex.o" "../Drivers/STM32F7xx_HAL_Driver/Src/stm32f7xx_hal_pwr_ex.c"
Invoking: MCU GCC Compiler
 
D:\gitRepos\Powersupply\firmware\powersupply\Debug
D:\gitRepos\Powersupply\firmware\powersupply\Debug
arm-none-eabi-gcc -mcpu=cortex-m7 -mthumb -mfloat-abi=hard -mfpu=fpv5-sp-d16 '-D__weak=__attribute__((weak))' '-D__packed=__attribute__((__packed__))' -DUSE_HAL_DRIVER -DSTM32F732xx -I"D:/gitRepos/Powersupply/firmware/powersupply/Inc" -I"D:/gitRepos/Powersupply/firmware/powersupply/Drivers/STM32F7xx_HAL_Driver/Inc" -I"D:/gitRepos/Powersupply/firmware/powersupply/Drivers/STM32F7xx_HAL_Driver/Inc/Legacy" -I"D:/gitRepos/Powersupply/firmware/powersupply/Middlewares/Third_Party/FreeRTOS/Source/portable/GCC/ARM_CM7/r0p1" -I"D:/gitRepos/Powersupply/firmware/powersupply/Drivers/CMSIS/Device/ST/STM32F7xx/Include" -I"D:/gitRepos/Powersupply/firmware/powersupply/Middlewares/Third_Party/FreeRTOS/Source/include" -I"D:/gitRepos/Powersupply/firmware/powersupply/Middlewares/Third_Party/FreeRTOS/Source/CMSIS_RTOS" -I"D:/gitRepos/Powersupply/firmware/powersupply/Drivers/CMSIS/Include"  -Og -g3 -Wall -fmessage-length=0 -ffunction-sections -c -fmessage-length=0 -MMD -MP -MF"Drivers/STM32F7xx_HAL_Driver/Src/stm32f7xx_hal_rcc_ex.d" -MT"Drivers/STM32F7xx_HAL_Driver/Src/stm32f7xx_hal_rcc_ex.o" -o "Drivers/STM32F7xx_HAL_Driver/Src/stm32f7xx_hal_rcc_ex.o" "../Drivers/STM32F7xx_HAL_Driver/Src/stm32f7xx_hal_rcc_ex.c"
Building file: ../Drivers/STM32F7xx_HAL_Driver/Src/stm32f7xx_hal_rtc.c
arm-none-eabi-gcc -mcpu=cortex-m7 -mthumb -mfloat-abi=hard -mfpu=fpv5-sp-d16 '-D__weak=__attribute__((weak))' '-D__packed=__attribute__((__packed__))' -DUSE_HAL_DRIVER -DSTM32F732xx -I"D:/gitRepos/Powersupply/firmware/powersupply/Inc" -I"D:/gitRepos/Powersupply/firmware/powersupply/Drivers/STM32F7xx_HAL_Driver/Inc" -I"D:/gitRepos/Powersupply/firmware/powersupply/Drivers/STM32F7xx_HAL_Driver/Inc/Legacy" -I"D:/gitRepos/Powersupply/firmware/powersupply/Middlewares/Third_Party/FreeRTOS/Source/portable/GCC/ARM_CM7/r0p1" -I"D:/gitRepos/Powersupply/firmware/powersupply/Drivers/CMSIS/Device/ST/STM32F7xx/Include" -I"D:/gitRepos/Powersupply/firmware/powersupply/Middlewares/Third_Party/FreeRTOS/Source/include" -I"D:/gitRepos/Powersupply/firmware/powersupply/Middlewares/Third_Party/FreeRTOS/Source/CMSIS_RTOS" -I"D:/gitRepos/Powersupply/firmware/powersupply/Drivers/CMSIS/Include"  -Og -g3 -Wall -fmessage-length=0 -ffunction-sections -c -fmessage-length=0 -MMD -MP -MF"Drivers/STM32F7xx_HAL_Driver/Src/stm32f7xx_hal_rcc.d" -MT"Drivers/STM32F7xx_HAL_Driver/Src/stm32f7xx_hal_rcc.o" -o "Drivers/STM32F7xx_HAL_Driver/Src/stm32f7xx_hal_rcc.o" "../Drivers/STM32F7xx_HAL_Driver/Src/stm32f7xx_hal_rcc.c"
Building file: ../Drivers/STM32F7xx_HAL_Driver/Src/stm32f7xx_hal_rtc_ex.c
Finished building: ../Drivers/STM32F7xx_HAL_Driver/Src/stm32f7xx_hal_dma_ex.c
Finished building: ../Drivers/STM32F7xx_HAL_Driver/Src/stm32f7xx_hal_flash.c
Finished building: ../Drivers/STM32F7xx_HAL_Driver/Src/stm32f7xx_hal_flash_ex.c
Finished building: ../Drivers/STM32F7xx_HAL_Driver/Src/stm32f7xx_hal_gpio.c
Invoking: MCU GCC Compiler
Invoking: MCU GCC Compiler
 
 
 
 
D:\gitRepos\Powersupply\firmware\powersupply\Debug
arm-none-eabi-gcc -mcpu=cortex-m7 -mthumb -mfloat-abi=hard -mfpu=fpv5-sp-d16 '-D__weak=__attribute__((weak))' '-D__packed=__attribute__((__packed__))' -DUSE_HAL_DRIVER -DSTM32F732xx -I"D:/gitRepos/Powersupply/firmware/powersupply/Inc" -I"D:/gitRepos/Powersupply/firmware/powersupply/Drivers/STM32F7xx_HAL_Driver/Inc" -I"D:/gitRepos/Powersupply/firmware/powersupply/Drivers/STM32F7xx_HAL_Driver/Inc/Legacy" -I"D:/gitRepos/Powersupply/firmware/powersupply/Middlewares/Third_Party/FreeRTOS/Source/portable/GCC/ARM_CM7/r0p1" -I"D:/gitRepos/Powersupply/firmware/powersupply/Drivers/CMSIS/Device/ST/STM32F7xx/Include" -I"D:/gitRepos/Powersupply/firmware/powersupply/Middlewares/Third_Party/FreeRTOS/Source/include" -I"D:/gitRepos/Powersupply/firmware/powersupply/Middlewares/Third_Party/FreeRTOS/Source/CMSIS_RTOS" -I"D:/gitRepos/Powersupply/firmware/powersupply/Drivers/CMSIS/Include"  -Og -g3 -Wall -fmessage-length=0 -ffunction-sections -c -fmessage-length=0 -MMD -MP -MF"Drivers/STM32F7xx_HAL_Driver/Src/stm32f7xx_hal_rtc.d" -MT"Drivers/STM32F7xx_HAL_Driver/Src/stm32f7xx_hal_rtc.o" -o "Drivers/STM32F7xx_HAL_Driver/Src/stm32f7xx_hal_rtc.o" "../Drivers/STM32F7xx_HAL_Driver/Src/stm32f7xx_hal_rtc.c"
D:\gitRepos\Powersupply\firmware\powersupply\Debug
Finished building: ../Drivers/STM32F7xx_HAL_Driver/Src/stm32f7xx_hal_i2c_ex.c
arm-none-eabi-gcc -mcpu=cortex-m7 -mthumb -mfloat-abi=hard -mfpu=fpv5-sp-d16 '-D__weak=__attribute__((weak))' '-D__packed=__attribute__((__packed__))' -DUSE_HAL_DRIVER -DSTM32F732xx -I"D:/gitRepos/Powersupply/firmware/powersupply/Inc" -I"D:/gitRepos/Powersupply/firmware/powersupply/Drivers/STM32F7xx_HAL_Driver/Inc" -I"D:/gitRepos/Powersupply/firmware/powersupply/Drivers/STM32F7xx_HAL_Driver/Inc/Legacy" -I"D:/gitRepos/Powersupply/firmware/powersupply/Middlewares/Third_Party/FreeRTOS/Source/portable/GCC/ARM_CM7/r0p1" -I"D:/gitRepos/Powersupply/firmware/powersupply/Drivers/CMSIS/Device/ST/STM32F7xx/Include" -I"D:/gitRepos/Powersupply/firmware/powersupply/Middlewares/Third_Party/FreeRTOS/Source/include" -I"D:/gitRepos/Powersupply/firmware/powersupply/Middlewares/Third_Party/FreeRTOS/Source/CMSIS_RTOS" -I"D:/gitRepos/Powersupply/firmware/powersupply/Drivers/CMSIS/Include"  -Og -g3 -Wall -fmessage-length=0 -ffunction-sections -c -fmessage-length=0 -MMD -MP -MF"Drivers/STM32F7xx_HAL_Driver/Src/stm32f7xx_hal_rtc_ex.d" -MT"Drivers/STM32F7xx_HAL_Driver/Src/stm32f7xx_hal_rtc_ex.o" -o "Drivers/STM32F7xx_HAL_Driver/Src/stm32f7xx_hal_rtc_ex.o" "../Drivers/STM32F7xx_HAL_Driver/Src/stm32f7xx_hal_rtc_ex.c"
 
Building file: ../Drivers/STM32F7xx_HAL_Driver/Src/stm32f7xx_hal_spi.c
Building file: ../Drivers/STM32F7xx_HAL_Driver/Src/stm32f7xx_hal_tim.c
Invoking: MCU GCC Compiler
Finished building: ../Drivers/STM32F7xx_HAL_Driver/Src/stm32f7xx_hal_i2c.c
Building file: ../Drivers/STM32F7xx_HAL_Driver/Src/stm32f7xx_hal_tim_ex.c
Invoking: MCU GCC Compiler
D:\gitRepos\Powersupply\firmware\powersupply\Debug
 
Invoking: MCU GCC Compiler
arm-none-eabi-gcc -mcpu=cortex-m7 -mthumb -mfloat-abi=hard -mfpu=fpv5-sp-d16 '-D__weak=__attribute__((weak))' '-D__packed=__attribute__((__packed__))' -DUSE_HAL_DRIVER -DSTM32F732xx -I"D:/gitRepos/Powersupply/firmware/powersupply/Inc" -I"D:/gitRepos/Powersupply/firmware/powersupply/Drivers/STM32F7xx_HAL_Driver/Inc" -I"D:/gitRepos/Powersupply/firmware/powersupply/Drivers/STM32F7xx_HAL_Driver/Inc/Legacy" -I"D:/gitRepos/Powersupply/firmware/powersupply/Middlewares/Third_Party/FreeRTOS/Source/portable/GCC/ARM_CM7/r0p1" -I"D:/gitRepos/Powersupply/firmware/powersupply/Drivers/CMSIS/Device/ST/STM32F7xx/Include" -I"D:/gitRepos/Powersupply/firmware/powersupply/Middlewares/Third_Party/FreeRTOS/Source/include" -I"D:/gitRepos/Powersupply/firmware/powersupply/Middlewares/Third_Party/FreeRTOS/Source/CMSIS_RTOS" -I"D:/gitRepos/Powersupply/firmware/powersupply/Drivers/CMSIS/Include"  -Og -g3 -Wall -fmessage-length=0 -ffunction-sections -c -fmessage-length=0 -MMD -MP -MF"Drivers/STM32F7xx_HAL_Driver/Src/stm32f7xx_hal_spi.d" -MT"Drivers/STM32F7xx_HAL_Driver/Src/stm32f7xx_hal_spi.o" -o "Drivers/STM32F7xx_HAL_Driver/Src/stm32f7xx_hal_spi.o" "../Drivers/STM32F7xx_HAL_Driver/Src/stm32f7xx_hal_spi.c"
D:\gitRepos\Powersupply\firmware\powersupply\Debug
Finished building: ../Drivers/STM32F7xx_HAL_Driver/Src/stm32f7xx_hal_pwr.c
arm-none-eabi-gcc -mcpu=cortex-m7 -mthumb -mfloat-abi=hard -mfpu=fpv5-sp-d16 '-D__weak=__attribute__((weak))' '-D__packed=__attribute__((__packed__))' -DUSE_HAL_DRIVER -DSTM32F732xx -I"D:/gitRepos/Powersupply/firmware/powersupply/Inc" -I"D:/gitRepos/Powersupply/firmware/powersupply/Drivers/STM32F7xx_HAL_Driver/Inc" -I"D:/gitRepos/Powersupply/firmware/powersupply/Drivers/STM32F7xx_HAL_Driver/Inc/Legacy" -I"D:/gitRepos/Powersupply/firmware/powersupply/Middlewares/Third_Party/FreeRTOS/Source/portable/GCC/ARM_CM7/r0p1" -I"D:/gitRepos/Powersupply/firmware/powersupply/Drivers/CMSIS/Device/ST/STM32F7xx/Include" -I"D:/gitRepos/Powersupply/firmware/powersupply/Middlewares/Third_Party/FreeRTOS/Source/include" -I"D:/gitRepos/Powersupply/firmware/powersupply/Middlewares/Third_Party/FreeRTOS/Source/CMSIS_RTOS" -I"D:/gitRepos/Powersupply/firmware/powersupply/Drivers/CMSIS/Include"  -Og -g3 -Wall -fmessage-length=0 -ffunction-sections -c -fmessage-length=0 -MMD -MP -MF"Drivers/STM32F7xx_HAL_Driver/Src/stm32f7xx_hal_tim.d" -MT"Drivers/STM32F7xx_HAL_Driver/Src/stm32f7xx_hal_tim.o" -o "Drivers/STM32F7xx_HAL_Driver/Src/stm32f7xx_hal_tim.o" "../Drivers/STM32F7xx_HAL_Driver/Src/stm32f7xx_hal_tim.c"
D:\gitRepos\Powersupply\firmware\powersupply\Debug
 
Building file: ../Drivers/STM32F7xx_HAL_Driver/Src/stm32f7xx_hal_uart.c
Building file: ../Drivers/STM32F7xx_HAL_Driver/Src/stm32f7xx_hal_wwdg.c
arm-none-eabi-gcc -mcpu=cortex-m7 -mthumb -mfloat-abi=hard -mfpu=fpv5-sp-d16 '-D__weak=__attribute__((weak))' '-D__packed=__attribute__((__packed__))' -DUSE_HAL_DRIVER -DSTM32F732xx -I"D:/gitRepos/Powersupply/firmware/powersupply/Inc" -I"D:/gitRepos/Powersupply/firmware/powersupply/Drivers/STM32F7xx_HAL_Driver/Inc" -I"D:/gitRepos/Powersupply/firmware/powersupply/Drivers/STM32F7xx_HAL_Driver/Inc/Legacy" -I"D:/gitRepos/Powersupply/firmware/powersupply/Middlewares/Third_Party/FreeRTOS/Source/portable/GCC/ARM_CM7/r0p1" -I"D:/gitRepos/Powersupply/firmware/powersupply/Drivers/CMSIS/Device/ST/STM32F7xx/Include" -I"D:/gitRepos/Powersupply/firmware/powersupply/Middlewares/Third_Party/FreeRTOS/Source/include" -I"D:/gitRepos/Powersupply/firmware/powersupply/Middlewares/Third_Party/FreeRTOS/Source/CMSIS_RTOS" -I"D:/gitRepos/Powersupply/firmware/powersupply/Drivers/CMSIS/Include"  -Og -g3 -Wall -fmessage-length=0 -ffunction-sections -c -fmessage-length=0 -MMD -MP -MF"Drivers/STM32F7xx_HAL_Driver/Src/stm32f7xx_hal_tim_ex.d" -MT"Drivers/STM32F7xx_HAL_Driver/Src/stm32f7xx_hal_tim_ex.o" -o "Drivers/STM32F7xx_HAL_Driver/Src/stm32f7xx_hal_tim_ex.o" "../Drivers/STM32F7xx_HAL_Driver/Src/stm32f7xx_hal_tim_ex.c"
Finished building: ../Drivers/STM32F7xx_HAL_Driver/Src/stm32f7xx_hal_pwr_ex.c
Invoking: MCU GCC Compiler
Invoking: MCU GCC Compiler
Finished building: ../Drivers/STM32F7xx_HAL_Driver/Src/stm32f7xx_hal_rcc_ex.c
 
D:\gitRepos\Powersupply\firmware\powersupply\Debug
Finished building: ../Drivers/STM32F7xx_HAL_Driver/Src/stm32f7xx_hal_rcc.c
D:\gitRepos\Powersupply\firmware\powersupply\Debug
arm-none-eabi-gcc -mcpu=cortex-m7 -mthumb -mfloat-abi=hard -mfpu=fpv5-sp-d16 '-D__weak=__attribute__((weak))' '-D__packed=__attribute__((__packed__))' -DUSE_HAL_DRIVER -DSTM32F732xx -I"D:/gitRepos/Powersupply/firmware/powersupply/Inc" -I"D:/gitRepos/Powersupply/firmware/powersupply/Drivers/STM32F7xx_HAL_Driver/Inc" -I"D:/gitRepos/Powersupply/firmware/powersupply/Drivers/STM32F7xx_HAL_Driver/Inc/Legacy" -I"D:/gitRepos/Powersupply/firmware/powersupply/Middlewares/Third_Party/FreeRTOS/Source/portable/GCC/ARM_CM7/r0p1" -I"D:/gitRepos/Powersupply/firmware/powersupply/Drivers/CMSIS/Device/ST/STM32F7xx/Include" -I"D:/gitRepos/Powersupply/firmware/powersupply/Middlewares/Third_Party/FreeRTOS/Source/include" -I"D:/gitRepos/Powersupply/firmware/powersupply/Middlewares/Third_Party/FreeRTOS/Source/CMSIS_RTOS" -I"D:/gitRepos/Powersupply/firmware/powersupply/Drivers/CMSIS/Include"  -Og -g3 -Wall -fmessage-length=0 -ffunction-sections -c -fmessage-length=0 -MMD -MP -MF"Drivers/STM32F7xx_HAL_Driver/Src/stm32f7xx_hal_uart.d" -MT"Drivers/STM32F7xx_HAL_Driver/Src/stm32f7xx_hal_uart.o" -o "Drivers/STM32F7xx_HAL_Driver/Src/stm32f7xx_hal_uart.o" "../Drivers/STM32F7xx_HAL_Driver/Src/stm32f7xx_hal_uart.c"
 
arm-none-eabi-gcc -mcpu=cortex-m7 -mthumb -mfloat-abi=hard -mfpu=fpv5-sp-d16 '-D__weak=__attribute__((weak))' '-D__packed=__attribute__((__packed__))' -DUSE_HAL_DRIVER -DSTM32F732xx -I"D:/gitRepos/Powersupply/firmware/powersupply/Inc" -I"D:/gitRepos/Powersupply/firmware/powersupply/Drivers/STM32F7xx_HAL_Driver/Inc" -I"D:/gitRepos/Powersupply/firmware/powersupply/Drivers/STM32F7xx_HAL_Driver/Inc/Legacy" -I"D:/gitRepos/Powersupply/firmware/powersupply/Middlewares/Third_Party/FreeRTOS/Source/portable/GCC/ARM_CM7/r0p1" -I"D:/gitRepos/Powersupply/firmware/powersupply/Drivers/CMSIS/Device/ST/STM32F7xx/Include" -I"D:/gitRepos/Powersupply/firmware/powersupply/Middlewares/Third_Party/FreeRTOS/Source/include" -I"D:/gitRepos/Powersupply/firmware/powersupply/Middlewares/Third_Party/FreeRTOS/Source/CMSIS_RTOS" -I"D:/gitRepos/Powersupply/firmware/powersupply/Drivers/CMSIS/Include"  -Og -g3 -Wall -fmessage-length=0 -ffunction-sections -c -fmessage-length=0 -MMD -MP -MF"Drivers/STM32F7xx_HAL_Driver/Src/stm32f7xx_hal_wwdg.d" -MT"Drivers/STM32F7xx_HAL_Driver/Src/stm32f7xx_hal_wwdg.o" -o "Drivers/STM32F7xx_HAL_Driver/Src/stm32f7xx_hal_wwdg.o" "../Drivers/STM32F7xx_HAL_Driver/Src/stm32f7xx_hal_wwdg.c"
 
Finished building: ../Drivers/STM32F7xx_HAL_Driver/Src/stm32f7xx_hal_rtc.c
Finished building: ../Drivers/STM32F7xx_HAL_Driver/Src/stm32f7xx_hal_rtc_ex.c
 
 
Finished building: ../Drivers/STM32F7xx_HAL_Driver/Src/stm32f7xx_hal_tim_ex.c
Finished building: ../Drivers/STM32F7xx_HAL_Driver/Src/stm32f7xx_hal_tim.c
 
Finished building: ../Drivers/STM32F7xx_HAL_Driver/Src/stm32f7xx_hal_wwdg.c
 
 
Finished building: ../Drivers/STM32F7xx_HAL_Driver/Src/stm32f7xx_hal_spi.c
Finished building: ../Drivers/STM32F7xx_HAL_Driver/Src/stm32f7xx_hal_uart.c
 
 
Building target: powersupply.elf
Invoking: MCU GCC Linker
arm-none-eabi-gcc -mcpu=cortex-m7 -mthumb -mfloat-abi=hard -mfpu=fpv5-sp-d16 -specs=nosys.specs -specs=nano.specs -T"../STM32F732RETx_FLASH.ld" -Wl,-Map=output.map -Wl,--gc-sections -o "powersupply.elf" @"objects.list"   -lm
Finished building target: powersupply.elf
 
make --no-print-directory post-build
Generating hex and Printing size information:
arm-none-eabi-objcopy -O ihex "powersupply.elf" "powersupply.hex"
arm-none-eabi-size "powersupply.elf"
   text	   data	    bss	    dec	    hex	filename
  22108	     28	  18120	  40256	   9d40	powersupply.elf
 

22:47:55 Build Finished (took 10s.999ms)

